data-science/data/preprocessed_model_dataset.csv
date,item_id,sales,price,promo,weekday,month,year,day,revenue
2021-01-01,22,1.45,0.1928645294725957,1,4,1,2021,1,1.6614513195707399
2021-01-02,22,0.25,0.6199586349534643,0,5,1,2021,2,0.9390123696741677
2021-01-03,22,0.45,0.6199586349534643,0,6,1,2021,3,1.168358068054032
2021-01-04,22,0.6,0.6199586349534643,0,0,1,2021,4,1.3403673418389301
2021-01-05,22,1.25,0.6199586349534643,0,1,1,2021,5,2.085740861573488
2021-01-06,22,1.0,0.6199586349534643,0,2,1,2021,6,1.7990587385986583
2021-01-07,22,1.0,0.6199586349534643,0,3,1,2021,7,1.7990587385986583
2021-01-08,22,0.75,0.6199586349534643,0,4,1,2021,8,1.512376615623828
2021-01-09,22,0.1,0.6199586349534643,0,5,1,2021,9,0.7670030958892697
2021-01-10,22,0.35,0.6199586349534643,0,6,1,2021,10,1.0536852188641
2021-01-11,22,0.9,0.6199586349534643,0,0,1,2021,11,1.6843858894087265
2021-01-13,22,1.15,0.6199586349534643,0,2,1,2021,13,1.9710680123835562
2021-01-14,22,0.85,0.6199586349534643,0,3,1,2021,14,1.6270494648137601
2021-01-15,22,0.75,0.6199586349534643,0,4,1,2021,15,1.512376615623828
2021-01-16,22,0.55,0.6199586349534643,0,5,1,2021,16,1.2830309172439638
2021-01-17,22,0.3,0.6199586349534643,0,6,1,2021,17,0.9963487942691337
2021-01-18,22,0.65,0.6199586349534643,0,0,1,2021,18,1.397703766433896
2021-01-19,22,1.2,0.6199586349534643,0,1,1,2021,19,2.0284044369785224
2021-01-20,22,1.4,0.6199586349534643,0,2,1,2021,20,2.2577501353583864
2021-01-21,22,1.0,0.6199586349534643,0,3,1,2021,21,1.7990587385986583
2021-01-22,22,0.75,0.6199586349534643,0,4,1,2021,22,1.512376615623828
2021-01-23,22,0.3,0.6199586349534643,0,5,1,2021,23,0.9963487942691337
2021-01-24,22,1.15,0.1928645294725957,1,6,1,2021,24,1.3862364815149029
2021-01-25,22,0.85,0.6199586349534643,0,0,1,2021,25,1.6270494648137601
2021-01-26,22,1.25,0.6199586349534643,0,1,1,2021,26,2.085740861573488
2021-01-27,22,1.3,0.6199586349534643,0,2,1,2021,27,2.1430772861684546
2021-01-28,22,0.95,0.6199586349534643,0,3,1,2021,28,1.7417223140036924
2021-01-29,22,0.45,0.6199586349534643,0,4,1,2021,29,1.168358068054032
2021-01-30,22,0.4,0.6199586349534643,0,5,1,2021,30,1.1110216434590658
2021-01-31,22,1.7,0.1928645294725957,1,6,1,2021,31,1.8907970179506042
2021-02-02,22,1.5,0.6199586349534643,0,1,2,2021,2,2.3724229845483182
2021-02-03,22,1.3,0.6199586349534643,0,2,2,2021,3,2.1430772861684546
2021-02-04,22,1.0,0.6199586349534643,0,3,2,2021,4,1.7990587385986583
2021-02-05,22,0.85,0.6199586349534643,0,4,2,2021,5,1.6270494648137601
2021-02-06,22,0.65,0.6199586349534643,0,5,2,2021,6,1.397703766433896
2021-02-07,22,0.7,0.6199586349534643,0,6,2,2021,7,1.4550401910288622
2021-02-08,22,1.95,0.1928645294725957,1,0,2,2021,8,2.1201427163304682
2021-02-09,22,1.3,0.6199586349534643,0,1,2,2021,9,2.1430772861684546
2021-02-10,22,1.5,0.6199586349534643,0,2,2,2021,10,2.3724229845483182
2021-02-11,22,1.35,0.6199586349534643,0,3,2,2021,11,2.2004137107634207
2021-02-13,22,0.6,0.6199586349534643,0,5,2,2021,13,1.3403673418389301
2021-02-14,22,0.75,0.6199586349534643,0,6,2,2021,14,1.512376615623828
2021-02-15,22,1.1,0.6199586349534643,0,0,2,2021,15,1.9137315877885905
2021-02-16,22,1.6,0.6199586349534643,0,1,2,2021,16,2.487095833738251
2021-02-17,22,1.65,0.6199586349534643,0,2,2,2021,17,2.5444322583332166
2021-02-18,22,1.35,0.6199586349534643,0,3,2,2021,18,2.2004137107634207
2021-02-19,22,0.85,0.6199586349534643,0,4,2,2021,19,1.6270494648137601
2021-02-20,22,0.65,0.6199586349534643,0,5,2,2021,20,1.397703766433896
2021-02-21,22,0.8,0.6199586349534643,0,6,2,2021,21,1.569713040218794
2021-02-22,22,1.15,0.6199586349534643,0,0,2,2021,22,1.9710680123835562
2021-02-23,22,1.6,0.6199586349534643,0,1,2,2021,23,2.487095833738251
2021-02-24,22,1.85,0.6199586349534643,0,2,2,2021,24,2.773777956713081
2021-02-26,22,0.85,0.6199586349534643,0,4,2,2021,26,1.6270494648137601
2021-02-27,22,0.8,0.6199586349534643,0,5,2,2021,27,1.569713040218794
2021-02-28,22,0.55,0.6199586349534643,0,6,2,2021,28,1.2830309172439638
2021-03-01,22,1.0,0.6199586349534643,0,0,3,2021,1,1.7990587385986583
2021-03-02,22,1.65,0.6199586349534643,0,1,3,2021,2,2.5444322583332166
2021-03-03,22,1.75,0.6199586349534643,0,2,3,2021,3,2.6591051075231484
2021-03-04,22,1.25,0.6199586349534643,0,3,3,2021,4,2.085740861573488
2021-03-05,22,0.9,0.6199586349534643,0,4,3,2021,5,1.6843858894087265
2021-03-06,22,0.6,0.6199586349534643,0,5,3,2021,6,1.3403673418389301
2021-03-07,22,0.75,0.6199586349534643,0,6,3,2021,7,1.512376615623828
2021-03-08,22,1.35,0.6199586349534643,0,0,3,2021,8,2.2004137107634207
2021-03-09,22,1.75,0.6199586349534643,0,1,3,2021,9,2.6591051075231484
2021-03-10,22,1.75,0.6199586349534643,0,2,3,2021,10,2.6591051075231484
2021-03-12,22,0.8,0.6199586349534643,0,4,3,2021,12,1.569713040218794
2021-03-13,22,0.95,0.6199586349534643,0,5,3,2021,13,1.7417223140036924
2021-03-14,22,0.9,0.6199586349534643,0,6,3,2021,14,1.6843858894087265
2021-03-16,22,1.75,0.6199586349534643,0,1,3,2021,16,2.6591051075231484
2021-03-17,22,1.75,0.6199586349534643,0,2,3,2021,17,2.6591051075231484
2021-03-18,22,1.45,0.6199586349534643,0,3,3,2021,18,2.3150865599533526
2021-03-20,22,0.65,0.6199586349534643,0,5,3,2021,20,1.397703766433896
2021-03-21,22,0.8,0.6199586349534643,0,6,3,2021,21,1.569713040218794
2021-03-22,22,1.3,0.6199586349534643,0,0,3,2021,22,2.1430772861684546
2021-03-23,22,1.6,0.6199586349534643,0,1,3,2021,23,2.487095833738251
2021-03-24,22,1.9,0.6199586349534643,0,2,3,2021,24,2.831114381308047
2021-03-25,22,1.8,0.6199586349534643,0,3,3,2021,25,2.716441532118115
2021-03-26,22,0.9,0.6199586349534643,0,4,3,2021,26,1.6843858894087265
2021-03-27,22,0.5,0.6199586349534643,0,5,3,2021,27,1.2256944926489979
2021-03-28,22,0.55,0.6199586349534643,0,6,3,2021,28,1.2830309172439638
2021-03-29,22,1.25,0.6199586349534643,0,0,3,2021,29,2.085740861573488
2021-03-30,22,1.6,0.6199586349534643,0,1,3,2021,30,2.487095833738251
2021-03-31,22,1.85,0.6199586349534643,0,2,3,2021,31,2.773777956713081
2021-04-01,22,1.55,0.6199586349534643,0,3,4,2021,1,2.429759409143285
2021-04-02,22,0.8,0.6199586349534643,0,4,4,2021,2,1.569713040218794
2021-04-03,22,0.5,0.6199586349534643,0,5,4,2021,3,1.2256944926489979
2021-04-04,22,0.9,0.6199586349534643,0,6,4,2021,4,1.6843858894087265
2021-04-05,22,1.3,0.6199586349534643,0,0,4,2021,5,2.1430772861684546
2021-04-06,22,1.65,0.6199586349534643,0,1,4,2021,6,2.5444322583332166
2021-04-07,22,1.55,0.6199586349534643,0,2,4,2021,7,2.429759409143285
2021-04-08,22,1.6,0.6199586349534643,0,3,4,2021,8,2.487095833738251
2021-04-09,22,1.25,0.6199586349534643,0,4,4,2021,9,2.085740861573488
2021-04-10,22,0.8,0.6199586349534643,0,5,4,2021,10,1.569713040218794
2021-04-11,22,0.75,0.6199586349534643,0,6,4,2021,11,1.512376615623828
2021-04-13,22,1.5,0.6199586349534643,0,1,4,2021,13,2.3724229845483182
2021-04-15,22,1.5,0.6199586349534643,0,3,4,2021,15,2.3724229845483182
2021-04-16,22,2.0,0.1928645294725957,1,4,4,2021,16,2.166011856006441
2021-04-17,22,0.7,0.6199586349534643,0,5,4,2021,17,1.4550401910288622
2021-04-18,22,0.9,0.6199586349534643,0,6,4,2021,18,1.6843858894087265
2021-04-19,22,1.2,0.6199586349534643,0,0,4,2021,19,2.0284044369785224
2021-04-20,22,1.6,0.6199586349534643,0,1,4,2021,20,2.487095833738251
2021-04-22,22,1.55,0.6199586349534643,0,3,4,2021,22,2.429759409143285
2021-04-23,22,0.9,0.6199586349534643,0,4,4,2021,23,1.6843858894087265
2021-04-24,22,1.45,0.1928645294725957,1,5,4,2021,24,1.6614513195707399
2021-04-25,22,0.75,0.6199586349534643,0,6,4,2021,25,1.512376615623828
2021-04-26,22,1.4,0.6199586349534643,0,0,4,2021,26,2.2577501353583864
2021-04-27,22,1.6,0.6199586349534643,0,1,4,2021,27,2.487095833738251
2021-04-29,22,1.5,0.6199586349534643,0,3,4,2021,29,2.3724229845483182
2021-04-30,22,1.05,0.6199586349534643,0,4,4,2021,30,1.8563951631936242
2021-05-01,22,0.7,0.6199586349534643,0,5,5,2021,1,1.4550401910288622
2021-05-02,22,0.8,0.6199586349534643,0,6,5,2021,2,1.569713040218794
2021-05-03,22,1.15,0.6199586349534643,0,0,5,2021,3,1.9710680123835562
2021-05-06,22,1.25,0.6199586349534643,0,3,5,2021,6,2.085740861573488
2021-05-07,22,0.8,0.6199586349534643,0,4,5,2021,7,1.569713040218794
2021-05-08,22,0.5,0.6199586349534643,0,5,5,2021,8,1.2256944926489979
2021-05-09,22,1.05,0.6199586349534643,0,6,5,2021,9,1.8563951631936242
2021-05-10,22,1.25,0.6199586349534643,0,0,5,2021,10,2.085740861573488
2021-05-12,22,1.5,0.6199586349534643,0,2,5,2021,12,2.3724229845483182
2021-05-13,22,1.45,0.6199586349534643,0,3,5,2021,13,2.3150865599533526
2021-05-14,22,0.9,0.6199586349534643,0,4,5,2021,14,1.6843858894087265
2021-05-15,22,0.65,0.6199586349534643,0,5,5,2021,15,1.397703766433896
2021-05-16,22,0.6,0.6199586349534643,0,6,5,2021,16,1.3403673418389301
2021-05-17,22,1.15,0.6199586349534643,0,0,5,2021,17,1.9710680123835562
2021-05-18,22,1.45,0.6199586349534643,0,1,5,2021,18,2.3150865599533526
2021-05-20,22,1.4,0.6199586349534643,0,3,5,2021,20,2.2577501353583864
2021-05-21,22,0.65,0.6199586349534643,0,4,5,2021,21,1.397703766433896
2021-05-22,22,0.7,0.6199586349534643,0,5,5,2021,22,1.4550401910288622
2021-05-23,22,0.8,0.6199586349534643,0,6,5,2021,23,1.569713040218794
2021-05-24,22,0.9,0.6199586349534643,0,0,5,2021,24,1.6843858894087265
2021-05-25,22,1.3,0.6199586349534643,0,1,5,2021,25,2.1430772861684546
2021-05-27,22,1.3,0.6199586349534643,0,3,5,2021,27,2.1430772861684546
2021-05-28,22,0.8,0.6199586349534643,0,4,5,2021,28,1.569713040218794
2021-05-29,22,0.6,0.6199586349534643,0,5,5,2021,29,1.3403673418389301
2021-05-30,22,0.9,0.6199586349534643,0,6,5,2021,30,1.6843858894087265
2021-05-31,22,0.9,0.6199586349534643,0,0,5,2021,31,1.6843858894087265
2021-06-01,22,1.1,0.6199586349534643,0,1,6,2021,1,1.9137315877885905
2021-06-02,22,1.55,0.6199586349534643,0,2,6,2021,2,2.429759409143285
2021-06-03,22,1.45,0.6199586349534643,0,3,6,2021,3,2.3150865599533526
2021-06-04,22,0.8,0.6199586349534643,0,4,6,2021,4,1.569713040218794
2021-06-05,22,0.35,0.6199586349534643,0,5,6,2021,5,1.0536852188641
2021-06-06,22,0.55,0.6199586349534643,0,6,6,2021,6,1.2830309172439638
2021-06-07,22,0.75,0.6199586349534643,0,0,6,2021,7,1.512376615623828
2021-06-09,22,1.15,0.6199586349534643,0,2,6,2021,9,1.9710680123835562
2021-06-10,22,1.05,0.6199586349534643,0,3,6,2021,10,1.8563951631936242
2021-06-11,22,0.55,0.6199586349534643,0,4,6,2021,11,1.2830309172439638
2021-06-12,22,0.45,0.6199586349534643,0,5,6,2021,12,1.168358068054032
2021-06-13,22,0.45,0.6199586349534643,0,6,6,2021,13,1.168358068054032
2021-06-14,22,0.9,0.6199586349534643,0,0,6,2021,14,1.6843858894087265
2021-06-15,22,1.2,0.6199586349534643,0,1,6,2021,15,2.0284044369785224
2021-06-16,22,1.15,0.6199586349534643,0,2,6,2021,16,1.9710680123835562
2021-06-17,22,1.1,0.6199586349534643,0,3,6,2021,17,1.9137315877885905
2021-06-18,22,0.6,0.6199586349534643,0,4,6,2021,18,1.3403673418389301
2021-06-19,22,0.25,0.6199586349534643,0,5,6,2021,19,0.9390123696741677
2021-06-20,22,0.8,0.6199586349534643,0,6,6,2021,20,1.569713040218794
2021-06-21,22,0.85,0.6199586349534643,0,0,6,2021,21,1.6270494648137601
2021-06-22,22,1.1,0.6199586349534643,0,1,6,2021,22,1.9137315877885905
2021-06-23,22,1.4,0.6199586349534643,0,2,6,2021,23,2.2577501353583864
2021-06-24,22,1.25,0.6199586349534643,0,3,6,2021,24,2.085740861573488
2021-06-25,22,0.55,0.6199586349534643,0,4,6,2021,25,1.2830309172439638
2021-06-26,22,0.4,0.6199586349534643,0,5,6,2021,26,1.1110216434590658
2021-06-27,22,0.25,0.6199586349534643,0,6,6,2021,27,0.9390123696741677
2021-06-28,22,0.7,0.6199586349534643,0,0,6,2021,28,1.4550401910288622
2021-06-29,22,1.0,0.6199586349534643,0,1,6,2021,29,1.7990587385986583
2021-06-30,22,1.15,0.6199586349534643,0,2,6,2021,30,1.9710680123835562
2021-07-01,22,0.9,0.6199586349534643,0,3,7,2021,1,1.6843858894087265
2021-07-02,22,0.6,0.6199586349534643,0,4,7,2021,2,1.3403673418389301
2021-07-03,22,0.3,0.6199586349534643,0,5,7,2021,3,0.9963487942691337
2021-07-04,22,0.15,0.6199586349534643,0,6,7,2021,4,0.8243395204842358
2021-07-05,22,0.5,0.6199586349534643,0,0,7,2021,5,1.2256944926489979
2021-07-06,22,0.9,0.6199586349534643,0,1,7,2021,6,1.6843858894087265
2021-07-07,22,1.0,0.6199586349534643,0,2,7,2021,7,1.7990587385986583
2021-07-08,22,0.95,0.6199586349534643,0,3,7,2021,8,1.7417223140036924
2021-07-09,22,0.25,0.6199586349534643,0,4,7,2021,9,0.9390123696741677
2021-07-10,22,0.15,0.6199586349534643,0,5,7,2021,10,0.8243395204842358
2021-07-11,22,0.4,0.6199586349534643,0,6,7,2021,11,1.1110216434590658
2021-07-12,22,0.55,0.6199586349534643,0,0,7,2021,12,1.2830309172439638
2021-07-13,22,0.95,0.6199586349534643,0,1,7,2021,13,1.7417223140036924
2021-07-15,22,0.75,0.6199586349534643,0,3,7,2021,15,1.512376615623828
2021-07-16,22,0.35,0.6199586349534643,0,4,7,2021,16,1.0536852188641
2021-07-17,22,0.25,0.6199586349534643,0,5,7,2021,17,0.9390123696741677
2021-07-18,22,0.0,0.6199586349534643,0,6,7,2021,18,0.6523302466993375
2021-07-19,22,0.45,0.6199586349534643,0,0,7,2021,19,1.168358068054032
2021-07-20,22,0.85,0.6199586349534643,0,1,7,2021,20,1.6270494648137601
2021-07-21,22,0.95,0.6199586349534643,0,2,7,2021,21,1.7417223140036924
2021-07-22,22,0.85,0.6199586349534643,0,3,7,2021,22,1.6270494648137601
2021-07-23,22,0.25,0.6199586349534643,0,4,7,2021,23,0.9390123696741677
2021-07-24,22,0.3,0.6199586349534643,0,5,7,2021,24,0.9963487942691337
2021-07-25,22,0.05,0.6199586349534643,0,6,7,2021,25,0.7096666712943035
2021-07-26,22,0.65,0.6199586349534643,0,0,7,2021,26,1.397703766433896
2021-07-27,22,1.9,0.1928645294725957,1,1,7,2021,27,2.0742735766544955
2021-07-28,22,1.7,0.1928645294725957,1,2,7,2021,28,1.8907970179506042
2021-07-29,22,0.6,0.6199586349534643,0,3,7,2021,29,1.3403673418389301
2021-07-30,22,0.25,0.6199586349534643,0,4,7,2021,30,0.9390123696741677
2021-07-31,22,0.85,0.1928645294725957,1,5,7,2021,31,1.1110216434590658
2021-08-01,22,0.05,0.6199586349534643,0,6,8,2021,1,0.7096666712943035
2021-08-02,22,0.3,0.6199586349534643,0,0,8,2021,2,0.9963487942691337
2021-08-03,22,0.85,0.6199586349534643,0,1,8,2021,3,1.6270494648137601
2021-08-04,22,0.7,0.6199586349534643,0,2,8,2021,4,1.4550401910288622
2021-08-05,22,0.6,0.6199586349534643,0,3,8,2021,5,1.3403673418389301
2021-08-06,22,0.15,0.6199586349534643,0,4,8,2021,6,0.8243395204842358
2021-08-07,22,0.25,0.6199586349534643,0,5,8,2021,7,0.9390123696741677
2021-08-08,22,-0.05,0.6199586349534643,0,6,8,2021,8,0.5949938221043715
2021-08-09,22,0.2,0.6199586349534643,0,0,8,2021,9,0.8816759450792017
2021-08-10,22,0.8,0.6199586349534643,0,1,8,2021,10,1.569713040218794
2021-08-11,22,0.55,0.6199586349534643,0,2,8,2021,11,1.2830309172439638
2021-08-12,22,0.65,0.6199586349534643,0,3,8,2021,12,1.397703766433896
2021-08-13,22,0.25,0.6199586349534643,0,4,8,2021,13,0.9390123696741677
2021-08-14,22,-0.1,0.6199586349534643,0,5,8,2021,14,0.5376573975094056
2021-08-15,22,-0.25,0.6199586349534643,0,6,8,2021,15,0.3656481237245074
2021-08-16,22,0.25,0.6199586349534643,0,0,8,2021,16,0.9390123696741677
2021-08-17,22,0.5,0.6199586349534643,0,1,8,2021,17,1.2256944926489979
2021-08-18,22,0.75,0.6199586349534643,0,2,8,2021,18,1.512376615623828
2021-08-19,22,0.6,0.6199586349534643,0,3,8,2021,19,1.3403673418389301
2021-08-20,22,0.0,0.6199586349534643,0,4,8,2021,20,0.6523302466993375
2021-08-21,22,0.0,0.6199586349534643,0,5,8,2021,21,0.6523302466993375
2021-08-22,22,0.1,0.6199586349534643,0,6,8,2021,22,0.7670030958892697
2021-08-23,22,0.35,0.6199586349534643,0,0,8,2021,23,1.0536852188641
2021-08-24,22,0.5,0.6199586349534643,0,1,8,2021,24,1.2256944926489979
2021-08-25,22,0.2,0.6199586349534643,0,2,8,2021,25,0.8816759450792017
2021-08-26,22,0.3,0.6199586349534643,0,3,8,2021,26,0.9963487942691337
2021-08-27,22,0.6,0.1928645294725957,1,4,8,2021,27,0.8816759450792017
2021-08-28,22,-0.15,0.6199586349534643,0,5,8,2021,28,0.48032097291443954
2021-08-29,22,0.05,0.6199586349534643,0,6,8,2021,29,0.7096666712943035
2021-08-30,22,0.2,0.6199586349534643,0,0,8,2021,30,0.8816759450792017
2021-08-31,22,0.55,0.6199586349534643,0,1,8,2021,31,1.2830309172439638
2021-09-01,22,0.5,0.6199586349534643,0,2,9,2021,1,1.2256944926489979
2021-09-02,22,0.1,0.6199586349534643,0,3,9,2021,2,0.7670030958892697
2021-09-03,22,-0.35,0.6199586349534643,0,4,9,2021,3,0.2509752745345753
2021-09-04,22,-0.15,0.6199586349534643,0,5,9,2021,4,0.48032097291443954
2021-09-05,22,-0.15,0.6199586349534643,0,6,9,2021,5,0.48032097291443954
2021-09-06,22,0.0,0.6199586349534643,0,0,9,2021,6,0.6523302466993375
2021-09-07,22,0.1,0.6199586349534643,0,1,9,2021,7,0.7670030958892697
2021-09-08,22,1.2,0.1928645294725957,1,2,9,2021,8,1.4321056211908758
2021-09-09,22,0.2,0.6199586349534643,0,3,9,2021,9,0.8816759450792017
2021-09-10,22,0.1,0.6199586349534643,0,4,9,2021,10,0.7670030958892697
2021-09-11,22,-0.15,0.6199586349534643,0,5,9,2021,11,0.48032097291443954
2021-09-12,22,0.1,0.6199586349534643,0,6,9,2021,12,0.7670030958892697
2021-09-13,22,-0.05,0.6199586349534643,0,0,9,2021,13,0.5949938221043715
2021-09-14,22,0.45,0.6199586349534643,0,1,9,2021,14,1.168358068054032
2021-09-15,22,0.4,0.6199586349534643,0,2,9,2021,15,1.1110216434590658
2021-09-16,22,1.15,0.1928645294725957,1,3,9,2021,16,1.3862364815149029
2021-09-17,22,-0.1,0.6199586349534643,0,4,9,2021,17,0.5376573975094056
2021-09-18,22,-0.05,0.6199586349534643,0,5,9,2021,18,0.5949938221043715
2021-09-19,22,-0.1,0.6199586349534643,0,6,9,2021,19,0.5376573975094056
2021-09-20,22,0.0,0.6199586349534643,0,0,9,2021,20,0.6523302466993375
2021-09-21,22,0.3,0.6199586349534643,0,1,9,2021,21,0.9963487942691337
2021-09-22,22,0.35,0.6199586349534643,0,2,9,2021,22,1.0536852188641
2021-09-23,22,0.3,0.6199586349534643,0,3,9,2021,23,0.9963487942691337
2021-09-24,22,-0.2,0.6199586349534643,0,4,9,2021,24,0.4229845483194734
2021-09-25,22,-0.2,0.6199586349534643,0,5,9,2021,25,0.4229845483194734
2021-09-26,22,-0.1,0.6199586349534643,0,6,9,2021,26,0.5376573975094056
2021-09-27,22,0.1,0.6199586349534643,0,0,9,2021,27,0.7670030958892697
2021-09-28,22,0.5,0.6199586349534643,0,1,9,2021,28,1.2256944926489979
2021-09-29,22,0.5,0.6199586349534643,0,2,9,2021,29,1.2256944926489979
2021-09-30,22,0.2,0.6199586349534643,0,3,9,2021,30,0.8816759450792017
