data-science/data/preprocessed_model_dataset.csv
date,item_id,sales,price,promo,weekday,month,year,day,revenue
2021-10-01,22,0.0,0.6199586349534643,0,4,10,2021,1,0.6523302466993375
2021-10-02,22,-0.15,0.6199586349534643,0,5,10,2021,2,0.48032097291443954
2021-10-03,22,-0.1,0.6199586349534643,0,6,10,2021,3,0.5376573975094056
2021-10-04,22,-0.2,0.6199586349534643,0,0,10,2021,4,0.4229845483194734
2021-10-05,22,0.25,0.6199586349534643,0,1,10,2021,5,0.9390123696741677
2021-10-06,22,0.15,0.6199586349534643,0,2,10,2021,6,0.8243395204842358
2021-10-07,22,0.4,0.6199586349534643,0,3,10,2021,7,1.1110216434590658
2021-10-08,22,-0.05,0.6199586349534643,0,4,10,2021,8,0.5949938221043715
2021-10-09,22,-0.25,0.6199586349534643,0,5,10,2021,9,0.3656481237245074
2021-10-10,22,0.0,0.6199586349534643,0,6,10,2021,10,0.6523302466993375
2021-10-11,22,0.15,0.6199586349534643,0,0,10,2021,11,0.8243395204842358
2021-10-12,22,0.15,0.6199586349534643,0,1,10,2021,12,0.8243395204842358
2021-10-13,22,0.4,0.6199586349534643,0,2,10,2021,13,1.1110216434590658
2021-10-14,22,0.2,0.6199586349534643,0,3,10,2021,14,0.8816759450792017
2021-10-15,22,-0.3,0.6199586349534643,0,4,10,2021,15,0.30831169912954126
2021-10-16,22,-0.3,0.6199586349534643,0,5,10,2021,16,0.30831169912954126
2021-10-17,22,-0.15,0.6199586349534643,0,6,10,2021,17,0.48032097291443954
2021-10-18,22,0.1,0.6199586349534643,0,0,10,2021,18,0.7670030958892697
2021-10-19,22,0.15,0.6199586349534643,0,1,10,2021,19,0.8243395204842358
2021-10-20,22,0.6,0.6199586349534643,0,2,10,2021,20,1.3403673418389301
2021-10-21,22,0.25,0.6199586349534643,0,3,10,2021,21,0.9390123696741677
2021-10-22,22,0.0,0.6199586349534643,0,4,10,2021,22,0.6523302466993375
2021-10-23,22,-0.1,0.6199586349534643,0,5,10,2021,23,0.5376573975094056
2021-10-24,22,-0.2,0.6199586349534643,0,6,10,2021,24,0.4229845483194734
2021-10-25,22,0.2,0.6199586349534643,0,0,10,2021,25,0.8816759450792017
2021-10-26,22,0.35,0.6199586349534643,0,1,10,2021,26,1.0536852188641
2021-10-27,22,1.25,0.1928645294725957,1,2,10,2021,27,1.4779747608668485
2021-10-28,22,0.35,0.6199586349534643,0,3,10,2021,28,1.0536852188641
2021-10-29,22,0.25,0.6199586349534643,0,4,10,2021,29,0.9390123696741677
2021-10-30,22,-0.05,0.6199586349534643,0,5,10,2021,30,0.5949938221043715
2021-10-31,22,0.7,0.1928645294725957,1,6,10,2021,31,0.9734142244311476
2021-11-01,22,0.9,0.1928645294725957,1,0,11,2021,1,1.1568907831350388
2021-11-02,22,0.2,0.6199586349534643,0,1,11,2021,2,0.8816759450792017
2021-11-03,22,0.7,0.6199586349534643,0,2,11,2021,3,1.4550401910288622
2021-11-04,22,0.65,0.6199586349534643,0,3,11,2021,4,1.397703766433896
2021-11-05,22,0.3,0.6199586349534643,0,4,11,2021,5,0.9963487942691337
2021-11-06,22,-0.15,0.6199586349534643,0,5,11,2021,6,0.48032097291443954
2021-11-07,22,-0.2,0.6199586349534643,0,6,11,2021,7,0.4229845483194734
2021-11-08,22,0.05,0.6199586349534643,0,0,11,2021,8,0.7096666712943035
2021-11-09,22,0.25,0.6199586349534643,0,1,11,2021,9,0.9390123696741677
2021-11-10,22,0.55,0.6199586349534643,0,2,11,2021,10,1.2830309172439638
2021-11-11,22,0.6,0.6199586349534643,0,3,11,2021,11,1.3403673418389301
2021-11-12,22,0.1,0.6199586349534643,0,4,11,2021,12,0.7670030958892697
2021-11-13,22,0.0,0.6199586349534643,0,5,11,2021,13,0.6523302466993375
2021-11-14,22,0.2,0.6199586349534643,0,6,11,2021,14,0.8816759450792017
2021-11-15,22,0.2,0.6199586349534643,0,0,11,2021,15,0.8816759450792017
2021-11-16,22,0.85,0.6199586349534643,0,1,11,2021,16,1.6270494648137601
2021-11-17,22,0.9,0.6199586349534643,0,2,11,2021,17,1.6843858894087265
2021-11-18,22,0.4,0.6199586349534643,0,3,11,2021,18,1.1110216434590658
2021-11-19,22,0.05,0.6199586349534643,0,4,11,2021,19,0.7096666712943035
2021-11-20,22,0.1,0.6199586349534643,0,5,11,2021,20,0.7670030958892697
2021-11-21,22,0.0,0.6199586349534643,0,6,11,2021,21,0.6523302466993375
2021-11-22,22,0.15,0.6199586349534643,0,0,11,2021,22,0.8243395204842358
2021-11-23,22,0.8,0.6199586349534643,0,1,11,2021,23,1.569713040218794
2021-11-24,22,0.85,0.6199586349534643,0,2,11,2021,24,1.6270494648137601
2021-11-25,22,0.55,0.6199586349534643,0,3,11,2021,25,1.2830309172439638
2021-11-26,22,0.0,0.6199586349534643,0,4,11,2021,26,0.6523302466993375
2021-11-27,22,-0.15,0.6199586349534643,0,5,11,2021,27,0.48032097291443954
2021-11-28,22,0.1,0.6199586349534643,0,6,11,2021,28,0.7670030958892697
2021-11-29,22,0.3,0.6199586349534643,0,0,11,2021,29,0.9963487942691337
2021-11-30,22,1.7,0.1928645294725957,1,1,11,2021,30,1.8907970179506042
2021-12-01,22,0.9,0.6199586349534643,0,2,12,2021,1,1.6843858894087265
2021-12-02,22,0.7,0.6199586349534643,0,3,12,2021,2,1.4550401910288622
2021-12-03,22,0.5,0.6199586349534643,0,4,12,2021,3,1.2256944926489979
2021-12-04,22,0.7,0.1928645294725957,1,5,12,2021,4,0.9734142244311476
2021-12-05,22,0.1,0.6199586349534643,0,6,12,2021,5,0.7670030958892697
2021-12-06,22,0.6,0.6199586349534643,0,0,12,2021,6,1.3403673418389301
2021-12-07,22,0.85,0.6199586349534643,0,1,12,2021,7,1.6270494648137601
2021-12-08,22,1.1,0.6199586349534643,0,2,12,2021,8,1.9137315877885905
2021-12-09,22,0.7,0.6199586349534643,0,3,12,2021,9,1.4550401910288622
2021-12-10,22,0.6,0.6199586349534643,0,4,12,2021,10,1.3403673418389301
2021-12-11,22,0.2,0.6199586349534643,0,5,12,2021,11,0.8816759450792017
2021-12-12,22,0.4,0.6199586349534643,0,6,12,2021,12,1.1110216434590658
2021-12-13,22,0.5,0.6199586349534643,0,0,12,2021,13,1.2256944926489979
2021-12-14,22,0.85,0.6199586349534643,0,1,12,2021,14,1.6270494648137601
2021-12-15,22,1.1,0.6199586349534643,0,2,12,2021,15,1.9137315877885905
2021-12-16,22,1.0,0.6199586349534643,0,3,12,2021,16,1.7990587385986583
2021-12-17,22,0.5,0.6199586349534643,0,4,12,2021,17,1.2256944926489979
2021-12-18,22,0.2,0.6199586349534643,0,5,12,2021,18,0.8816759450792017
2021-12-19,22,0.5,0.6199586349534643,0,6,12,2021,19,1.2256944926489979
2021-12-20,22,0.3,0.6199586349534643,0,0,12,2021,20,0.9963487942691337
2021-12-21,22,0.75,0.6199586349534643,0,1,12,2021,21,1.512376615623828
2021-12-22,22,1.15,0.6199586349534643,0,2,12,2021,22,1.9710680123835562
2021-12-23,22,0.85,0.6199586349534643,0,3,12,2021,23,1.6270494648137601
2021-12-24,22,0.55,0.6199586349534643,0,4,12,2021,24,1.2830309172439638
2021-12-25,22,0.3,0.6199586349534643,0,5,12,2021,25,0.9963487942691337
2021-12-26,22,1.3,0.1928645294725957,1,6,12,2021,26,1.5238439005428213
2021-12-27,22,0.55,0.6199586349534643,0,0,12,2021,27,1.2830309172439638
2021-12-28,22,1.1,0.6199586349534643,0,1,12,2021,28,1.9137315877885905
2021-12-29,22,1.3,0.6199586349534643,0,2,12,2021,29,2.1430772861684546
2021-12-30,22,1.1,0.6199586349534643,0,3,12,2021,30,1.9137315877885905
2021-12-31,22,0.85,0.6199586349534643,0,4,12,2021,31,1.6270494648137601
2022-01-01,22,0.35,0.6199586349534643,0,5,1,2022,1,1.0536852188641
2022-01-02,22,0.45,0.6199586349534643,0,6,1,2022,2,1.168358068054032
2022-01-03,22,0.55,0.6199586349534643,0,0,1,2022,3,1.2830309172439638
2022-01-04,22,1.05,0.6199586349534643,0,1,1,2022,4,1.8563951631936242
2022-01-05,22,1.2,0.6199586349534643,0,2,1,2022,5,2.0284044369785224
2022-01-06,22,1.15,0.6199586349534643,0,3,1,2022,6,1.9710680123835562
2022-01-07,22,0.55,0.6199586349534643,0,4,1,2022,7,1.2830309172439638
2022-01-08,22,0.5,0.6199586349534643,0,5,1,2022,8,1.2256944926489979
2022-01-09,22,0.5,0.6199586349534643,0,6,1,2022,9,1.2256944926489979
2022-01-10,22,0.85,0.6199586349534643,0,0,1,2022,10,1.6270494648137601
2022-01-11,22,1.25,0.6199586349534643,0,1,1,2022,11,2.085740861573488
2022-01-12,22,1.25,0.6199586349534643,0,2,1,2022,12,2.085740861573488
2022-01-13,22,1.0,0.6199586349534643,0,3,1,2022,13,1.7990587385986583
2022-01-14,22,1.5,0.1928645294725957,1,4,1,2022,14,1.7073204592467128
2022-01-15,22,1.35,0.1928645294725957,1,5,1,2022,15,1.5697130402187944
2022-01-16,22,1.45,0.1928645294725957,1,6,1,2022,16,1.6614513195707399
2022-01-17,22,0.85,0.6199586349534643,0,0,1,2022,17,1.6270494648137601
2022-01-18,22,1.35,0.6199586349534643,0,1,1,2022,18,2.2004137107634207
2022-01-19,22,1.5,0.6199586349534643,0,2,1,2022,19,2.3724229845483182
2022-01-20,22,1.2,0.6199586349534643,0,3,1,2022,20,2.0284044369785224
2022-01-21,22,0.9,0.6199586349534643,0,4,1,2022,21,1.6843858894087265
2022-01-22,22,0.6,0.6199586349534643,0,5,1,2022,22,1.3403673418389301
2022-01-23,22,1.6,0.1928645294725957,1,6,1,2022,23,1.7990587385986583
2022-01-24,22,0.95,0.6199586349534643,0,0,1,2022,24,1.7417223140036924
2022-01-26,22,1.6,0.6199586349534643,0,2,1,2022,26,2.487095833738251
2022-01-27,22,1.45,0.6199586349534643,0,3,1,2022,27,2.3150865599533526
2022-01-28,22,1.0,0.6199586349534643,0,4,1,2022,28,1.7990587385986583
2022-01-29,22,0.5,0.6199586349534643,0,5,1,2022,29,1.2256944926489979
2022-01-30,22,0.65,0.6199586349534643,0,6,1,2022,30,1.397703766433896
2022-01-31,22,1.2,0.6199586349534643,0,0,1,2022,31,2.0284044369785224
2022-02-01,22,1.65,0.6199586349534643,0,1,2,2022,1,2.5444322583332166
2022-02-02,22,1.7,0.6199586349534643,0,2,2,2022,2,2.6017686829281828
2022-02-03,22,1.3,0.6199586349534643,0,3,2,2022,3,2.1430772861684546
2022-02-04,22,0.7,0.6199586349534643,0,4,2,2022,4,1.4550401910288622
2022-02-05,22,0.5,0.6199586349534643,0,5,2,2022,5,1.2256944926489979
2022-02-06,22,0.8,0.6199586349534643,0,6,2,2022,6,1.569713040218794
2022-02-07,22,1.2,0.6199586349534643,0,0,2,2022,7,2.0284044369785224
2022-02-08,22,1.4,0.6199586349534643,0,1,2,2022,8,2.2577501353583864
2022-02-09,22,1.65,0.6199586349534643,0,2,2,2022,9,2.5444322583332166
2022-02-10,22,1.5,0.6199586349534643,0,3,2,2022,10,2.3724229845483182
2022-02-11,22,0.8,0.6199586349534643,0,4,2,2022,11,1.569713040218794
2022-02-12,22,0.85,0.6199586349534643,0,5,2,2022,12,1.6270494648137601
2022-02-13,22,0.75,0.6199586349534643,0,6,2,2022,13,1.512376615623828
2022-02-14,22,1.4,0.6199586349534643,0,0,2,2022,14,2.2577501353583864
2022-02-15,22,1.55,0.6199586349534643,0,1,2,2022,15,2.429759409143285
2022-02-17,22,1.4,0.6199586349534643,0,3,2,2022,17,2.2577501353583864
2022-02-18,22,1.0,0.6199586349534643,0,4,2,2022,18,1.7990587385986583
2022-02-19,22,0.65,0.6199586349534643,0,5,2,2022,19,1.397703766433896
2022-02-20,22,0.8,0.6199586349534643,0,6,2,2022,20,1.569713040218794
2022-02-22,22,1.65,0.6199586349534643,0,1,2,2022,22,2.5444322583332166
2022-02-23,22,1.8,0.6199586349534643,0,2,2,2022,23,2.716441532118115
2022-02-24,22,1.25,0.6199586349534643,0,3,2,2022,24,2.085740861573488
2022-02-25,22,1.1,0.6199586349534643,0,4,2,2022,25,1.9137315877885905
2022-02-26,22,0.75,0.6199586349534643,0,5,2,2022,26,1.512376615623828
2022-02-27,22,1.1,0.6199586349534643,0,6,2,2022,27,1.9137315877885905
2022-02-28,22,1.15,0.6199586349534643,0,0,2,2022,28,1.9710680123835562
2022-03-01,22,1.45,0.6199586349534643,0,1,3,2022,1,2.3150865599533526
2022-03-02,22,1.95,0.6199586349534643,0,2,3,2022,2,2.8884508059030134
2022-03-03,22,1.6,0.6199586349534643,0,3,3,2022,3,2.487095833738251
2022-03-04,22,0.95,0.6199586349534643,0,4,3,2022,4,1.7417223140036924
2022-03-05,22,0.55,0.6199586349534643,0,5,3,2022,5,1.2830309172439638
2022-03-06,22,1.15,0.6199586349534643,0,6,3,2022,6,1.9710680123835562
2022-03-07,22,1.55,0.6199586349534643,0,0,3,2022,7,2.429759409143285
2022-03-08,22,1.4,0.6199586349534643,0,1,3,2022,8,2.2577501353583864
2022-03-09,22,1.85,0.6199586349534643,0,2,3,2022,9,2.773777956713081
2022-03-10,22,1.85,0.6199586349534643,0,3,3,2022,10,2.773777956713081
2022-03-11,22,1.05,0.6199586349534643,0,4,3,2022,11,1.8563951631936242
2022-03-12,22,1.85,0.1928645294725957,1,5,3,2022,12,2.0284044369785224
2022-03-13,22,0.9,0.6199586349534643,0,6,3,2022,13,1.6843858894087265
2022-03-14,22,1.2,0.6199586349534643,0,0,3,2022,14,2.0284044369785224
2022-03-15,22,1.55,0.6199586349534643,0,1,3,2022,15,2.429759409143285
2022-03-17,22,1.35,0.6199586349534643,0,3,3,2022,17,2.2004137107634207
2022-03-20,22,0.75,0.6199586349534643,0,6,3,2022,20,1.512376615623828
2022-03-22,22,2.0,0.6199586349534643,0,1,3,2022,22,2.9457872304979786
2022-03-23,22,2.05,0.6199586349534643,0,2,3,2022,23,3.003123655092945
2022-03-24,22,1.55,0.6199586349534643,0,3,3,2022,24,2.429759409143285
2022-03-25,22,1.35,0.6199586349534643,0,4,3,2022,25,2.2004137107634207
2022-03-26,22,1.05,0.6199586349534643,0,5,3,2022,26,1.8563951631936242
2022-03-27,22,1.0,0.6199586349534643,0,6,3,2022,27,1.7990587385986583
2022-03-28,22,1.3,0.6199586349534643,0,0,3,2022,28,2.1430772861684546
2022-03-29,22,1.8,0.6199586349534643,0,1,3,2022,29,2.716441532118115
2022-03-30,22,2.0,0.6199586349534643,0,2,3,2022,30,2.9457872304979786
2022-03-31,22,1.65,0.6199586349534643,0,3,3,2022,31,2.5444322583332166
2022-04-01,22,1.3,0.6199586349534643,0,4,4,2022,1,2.1430772861684546
2022-04-02,22,0.65,0.6199586349534643,0,5,4,2022,2,1.397703766433896
2022-04-03,22,0.75,0.6199586349534643,0,6,4,2022,3,1.512376615623828
2022-04-04,22,1.45,0.6199586349534643,0,0,4,2022,4,2.3150865599533526
2022-04-05,22,1.8,0.6199586349534643,0,1,4,2022,5,2.716441532118115
2022-04-06,22,1.85,0.6199586349534643,0,2,4,2022,6,2.773777956713081
2022-04-07,22,1.4,0.6199586349534643,0,3,4,2022,7,2.2577501353583864
2022-04-09,22,0.85,0.6199586349534643,0,5,4,2022,9,1.6270494648137601
2022-04-11,22,1.4,0.6199586349534643,0,0,4,2022,11,2.2577501353583864
2022-04-12,22,1.85,0.6199586349534643,0,1,4,2022,12,2.773777956713081
2022-04-14,22,1.45,0.6199586349534643,0,3,4,2022,14,2.3150865599533526
2022-04-15,22,1.25,0.6199586349534643,0,4,4,2022,15,2.085740861573488
2022-04-16,22,0.6,0.6199586349534643,0,5,4,2022,16,1.3403673418389301
2022-04-17,22,0.85,0.6199586349534643,0,6,4,2022,17,1.6270494648137601
2022-04-18,22,1.2,0.6199586349534643,0,0,4,2022,18,2.0284044369785224
2022-04-19,22,1.95,0.6199586349534643,0,1,4,2022,19,2.8884508059030134
2022-04-20,22,1.95,0.6199586349534643,0,2,4,2022,20,2.8884508059030134
2022-04-21,22,1.65,0.6199586349534643,0,3,4,2022,21,2.5444322583332166
2022-04-22,22,1.0,0.6199586349534643,0,4,4,2022,22,1.7990587385986583
2022-04-23,22,0.8,0.6199586349534643,0,5,4,2022,23,1.569713040218794
2022-04-24,22,0.85,0.6199586349534643,0,6,4,2022,24,1.6270494648137601
2022-04-25,22,1.45,0.6199586349534643,0,0,4,2022,25,2.3150865599533526
2022-04-26,22,1.65,0.6199586349534643,0,1,4,2022,26,2.5444322583332166
2022-04-28,22,1.35,0.6199586349534643,0,3,4,2022,28,2.2004137107634207
2022-04-29,22,1.0,0.6199586349534643,0,4,4,2022,29,1.7990587385986583
2022-04-30,22,1.05,0.6199586349534643,0,5,4,2022,30,1.8563951631936242
2022-05-01,22,0.85,0.6199586349534643,0,6,5,2022,1,1.6270494648137601
2022-05-02,22,1.15,0.6199586349534643,0,0,5,2022,2,1.9710680123835562
2022-05-03,22,1.8,0.6199586349534643,0,1,5,2022,3,2.716441532118115
2022-05-04,22,1.8,0.6199586349534643,0,2,5,2022,4,2.716441532118115
2022-05-05,22,1.45,0.6199586349534643,0,3,5,2022,5,2.3150865599533526
2022-05-06,22,0.9,0.6199586349534643,0,4,5,2022,6,1.6843858894087265
2022-05-07,22,1.2,0.6199586349534643,0,5,5,2022,7,2.0284044369785224
2022-05-08,22,0.85,0.6199586349534643,0,6,5,2022,8,1.6270494648137601
2022-05-09,22,1.0,0.6199586349534643,0,0,5,2022,9,1.7990587385986583
2022-05-10,22,1.95,0.6199586349534643,0,1,5,2022,10,2.8884508059030134
2022-05-11,22,1.9,0.6199586349534643,0,2,5,2022,11,2.831114381308047
2022-05-12,22,1.4,0.6199586349534643,0,3,5,2022,12,2.2577501353583864
2022-05-14,22,0.85,0.6199586349534643,0,5,5,2022,14,1.6270494648137601
2022-05-15,22,0.8,0.6199586349534643,0,6,5,2022,15,1.569713040218794
2022-05-16,22,0.95,0.6199586349534643,0,0,5,2022,16,1.7417223140036924
2022-05-17,22,1.9,0.6199586349534643,0,1,5,2022,17,2.831114381308047
2022-05-18,22,1.7,0.6199586349534643,0,2,5,2022,18,2.6017686829281828
2022-05-19,22,1.7,0.6199586349534643,0,3,5,2022,19,2.6017686829281828
2022-05-20,22,1.2,0.6199586349534643,0,4,5,2022,20,2.0284044369785224
2022-05-21,22,0.55,0.6199586349534643,0,5,5,2022,21,1.2830309172439638
2022-05-22,22,0.95,0.6199586349534643,0,6,5,2022,22,1.7417223140036924
2022-05-23,22,1.1,0.6199586349534643,0,0,5,2022,23,1.9137315877885905
2022-05-24,22,1.3,0.6199586349534643,0,1,5,2022,24,2.1430772861684546
2022-05-25,22,1.6,0.6199586349534643,0,2,5,2022,25,2.487095833738251
2022-05-26,22,1.45,0.6199586349534643,0,3,5,2022,26,2.3150865599533526
2022-05-27,22,0.85,0.6199586349534643,0,4,5,2022,27,1.6270494648137601
2022-05-28,22,0.6,0.6199586349534643,0,5,5,2022,28,1.3403673418389301
2022-05-29,22,0.9,0.6199586349534643,0,6,5,2022,29,1.6843858894087265
2022-05-30,22,1.15,0.6199586349534643,0,0,5,2022,30,1.9710680123835562
2022-05-31,22,1.4,0.6199586349534643,0,1,5,2022,31,2.2577501353583864
2022-06-01,22,1.7,0.6199586349534643,0,2,6,2022,1,2.6017686829281828
2022-06-02,22,1.35,0.6199586349534643,0,3,6,2022,2,2.2004137107634207
2022-06-03,22,0.5,0.6199586349534643,0,4,6,2022,3,1.2256944926489979
2022-06-04,22,0.65,0.6199586349534643,0,5,6,2022,4,1.397703766433896
2022-06-05,22,0.75,0.6199586349534643,0,6,6,2022,5,1.512376615623828
2022-06-06,22,1.05,0.6199586349534643,0,0,6,2022,6,1.8563951631936242
2022-06-07,22,1.55,0.6199586349534643,0,1,6,2022,7,2.429759409143285
2022-06-08,22,1.4,0.6199586349534643,0,2,6,2022,8,2.2577501353583864
2022-06-09,22,1.3,0.6199586349534643,0,3,6,2022,9,2.1430772861684546
2022-06-10,22,1.7,0.1928645294725957,1,4,6,2022,10,1.8907970179506042
2022-06-11,22,0.6,0.6199586349534643,0,5,6,2022,11,1.3403673418389301
2022-06-12,22,1.95,0.1928645294725957,1,6,6,2022,12,2.1201427163304682
2022-06-13,22,0.85,0.6199586349534643,0,0,6,2022,13,1.6270494648137601
2022-06-14,22,1.25,0.6199586349534643,0,1,6,2022,14,2.085740861573488
2022-06-16,22,1.2,0.6199586349534643,0,3,6,2022,16,2.0284044369785224
2022-06-17,22,0.6,0.6199586349534643,0,4,6,2022,17,1.3403673418389301
2022-06-18,22,0.55,0.6199586349534643,0,5,6,2022,18,1.2830309172439638
2022-06-19,22,0.7,0.6199586349534643,0,6,6,2022,19,1.4550401910288622
2022-06-20,22,1.0,0.6199586349534643,0,0,6,2022,20,1.7990587385986583
2022-06-21,22,1.0,0.6199586349534643,0,1,6,2022,21,1.7990587385986583
2022-06-22,22,1.5,0.6199586349534643,0,2,6,2022,22,2.3724229845483182
2022-06-23,22,1.25,0.6199586349534643,0,3,6,2022,23,2.085740861573488
2022-06-24,22,0.8,0.6199586349534643,0,4,6,2022,24,1.569713040218794
