data-science/data/preprocessed_model_dataset.csv
date,item_id,sales,price,promo,weekday,month,year,day,revenue
2022-06-25,22,0.5,0.6199586349534643,0,5,6,2022,25,1.2256944926489979
2022-06-26,22,0.55,0.6199586349534643,0,6,6,2022,26,1.2830309172439638
2022-06-27,22,1.0,0.6199586349534643,0,0,6,2022,27,1.7990587385986583
2022-06-28,22,1.45,0.6199586349534643,0,1,6,2022,28,2.3150865599533526
2022-06-29,22,1.1,0.6199586349534643,0,2,6,2022,29,1.9137315877885905
2022-06-30,22,1.15,0.6199586349534643,0,3,6,2022,30,1.9710680123835562
2022-07-01,22,0.6,0.6199586349534643,0,4,7,2022,1,1.3403673418389301
2022-07-02,22,0.35,0.6199586349534643,0,5,7,2022,2,1.0536852188641
2022-07-03,22,0.2,0.6199586349534643,0,6,7,2022,3,0.8816759450792017
2022-07-04,22,1.8,0.1928645294725957,1,0,7,2022,4,1.9825352973025498
2022-07-05,22,0.95,0.6199586349534643,0,1,7,2022,5,1.7417223140036924
2022-07-06,22,1.1,0.6199586349534643,0,2,7,2022,6,1.9137315877885905
2022-07-07,22,0.75,0.6199586349534643,0,3,7,2022,7,1.512376615623828
2022-07-08,22,0.45,0.6199586349534643,0,4,7,2022,8,1.168358068054032
2022-07-09,22,0.25,0.6199586349534643,0,5,7,2022,9,0.9390123696741677
2022-07-10,22,0.4,0.6199586349534643,0,6,7,2022,10,1.1110216434590658
2022-07-11,22,0.45,0.6199586349534643,0,0,7,2022,11,1.168358068054032
2022-07-12,22,0.8,0.6199586349534643,0,1,7,2022,12,1.569713040218794
2022-07-13,22,1.15,0.6199586349534643,0,2,7,2022,13,1.9710680123835562
2022-07-14,22,0.7,0.6199586349534643,0,3,7,2022,14,1.4550401910288622
2022-07-15,22,0.65,0.6199586349534643,0,4,7,2022,15,1.397703766433896
2022-07-16,22,0.25,0.6199586349534643,0,5,7,2022,16,0.9390123696741677
2022-07-17,22,0.4,0.6199586349534643,0,6,7,2022,17,1.1110216434590658
2022-07-18,22,0.85,0.6199586349534643,0,0,7,2022,18,1.6270494648137601
2022-07-19,22,0.85,0.6199586349534643,0,1,7,2022,19,1.6270494648137601
2022-07-20,22,0.9,0.6199586349534643,0,2,7,2022,20,1.6843858894087265
2022-07-21,22,0.9,0.6199586349534643,0,3,7,2022,21,1.6843858894087265
2022-07-22,22,0.5,0.6199586349534643,0,4,7,2022,22,1.2256944926489979
2022-07-23,22,0.15,0.6199586349534643,0,5,7,2022,23,0.8243395204842358
2022-07-24,22,1.3,0.1928645294725957,1,6,7,2022,24,1.5238439005428213
2022-07-25,22,0.5,0.6199586349534643,0,0,7,2022,25,1.2256944926489979
2022-07-26,22,0.85,0.6199586349534643,0,1,7,2022,26,1.6270494648137601
2022-07-27,22,0.9,0.6199586349534643,0,2,7,2022,27,1.6843858894087265
2022-07-28,22,0.55,0.6199586349534643,0,3,7,2022,28,1.2830309172439638
2022-07-29,22,0.35,0.6199586349534643,0,4,7,2022,29,1.0536852188641
2022-07-30,22,0.35,0.6199586349534643,0,5,7,2022,30,1.0536852188641
2022-07-31,22,0.25,0.6199586349534643,0,6,7,2022,31,0.9390123696741677
2022-08-01,22,0.5,0.6199586349534643,0,0,8,2022,1,1.2256944926489979
2022-08-02,22,0.75,0.6199586349534643,0,1,8,2022,2,1.512376615623828
2022-08-03,22,0.85,0.6199586349534643,0,2,8,2022,3,1.6270494648137601
2022-08-04,22,0.7,0.6199586349534643,0,3,8,2022,4,1.4550401910288622
2022-08-05,22,0.35,0.6199586349534643,0,4,8,2022,5,1.0536852188641
2022-08-06,22,0.0,0.6199586349534643,0,5,8,2022,6,0.6523302466993375
2022-08-07,22,0.2,0.6199586349534643,0,6,8,2022,7,0.8816759450792017
2022-08-08,22,0.5,0.6199586349534643,0,0,8,2022,8,1.2256944926489979
2022-08-09,22,0.55,0.6199586349534643,0,1,8,2022,9,1.2830309172439638
2022-08-10,22,0.75,0.6199586349534643,0,2,8,2022,10,1.512376615623828
2022-08-11,22,0.2,0.6199586349534643,0,3,8,2022,11,0.8816759450792017
2022-08-12,22,0.3,0.6199586349534643,0,4,8,2022,12,0.9963487942691337
2022-08-13,22,0.85,0.1928645294725957,1,5,8,2022,13,1.1110216434590658
2022-08-14,22,0.2,0.6199586349534643,0,6,8,2022,14,0.8816759450792017
2022-08-15,22,0.3,0.6199586349534643,0,0,8,2022,15,0.9963487942691337
2022-08-16,22,0.65,0.6199586349534643,0,1,8,2022,16,1.397703766433896
2022-08-17,22,0.9,0.6199586349534643,0,2,8,2022,17,1.6843858894087265
2022-08-18,22,0.7,0.6199586349534643,0,3,8,2022,18,1.4550401910288622
2022-08-19,22,0.15,0.6199586349534643,0,4,8,2022,19,0.8243395204842358
2022-08-20,22,0.0,0.6199586349534643,0,5,8,2022,20,0.6523302466993375
2022-08-21,22,0.2,0.6199586349534643,0,6,8,2022,21,0.8816759450792017
2022-08-22,22,0.05,0.6199586349534643,0,0,8,2022,22,0.7096666712943035
2022-08-23,22,0.5,0.6199586349534643,0,1,8,2022,23,1.2256944926489979
2022-08-24,22,0.8,0.6199586349534643,0,2,8,2022,24,1.569713040218794
2022-08-25,22,0.55,0.6199586349534643,0,3,8,2022,25,1.2830309172439638
2022-08-26,22,0.2,0.6199586349534643,0,4,8,2022,26,0.8816759450792017
2022-08-27,22,0.4,0.1928645294725957,1,5,8,2022,27,0.6981993863753105
2022-08-28,22,0.0,0.6199586349534643,0,6,8,2022,28,0.6523302466993375
2022-08-29,22,0.15,0.6199586349534643,0,0,8,2022,29,0.8243395204842358
2022-08-30,22,0.55,0.6199586349534643,0,1,8,2022,30,1.2830309172439638
2022-08-31,22,0.45,0.6199586349534643,0,2,8,2022,31,1.168358068054032
2022-09-01,22,0.2,0.6199586349534643,0,3,9,2022,1,0.8816759450792017
2022-09-02,22,-0.2,0.6199586349534643,0,4,9,2022,2,0.4229845483194734
2022-09-03,22,0.1,0.6199586349534643,0,5,9,2022,3,0.7670030958892697
2022-09-04,22,-0.1,0.6199586349534643,0,6,9,2022,4,0.5376573975094056
2022-09-05,22,0.25,0.6199586349534643,0,0,9,2022,5,0.9390123696741677
2022-09-06,22,0.45,0.6199586349534643,0,1,9,2022,6,1.168358068054032
2022-09-07,22,0.35,0.6199586349534643,0,2,9,2022,7,1.0536852188641
2022-09-08,22,0.15,0.6199586349534643,0,3,9,2022,8,0.8243395204842358
2022-09-09,22,-0.1,0.6199586349534643,0,4,9,2022,9,0.5376573975094056
2022-09-10,22,-0.25,0.6199586349534643,0,5,9,2022,10,0.3656481237245074
2022-09-11,22,0.0,0.6199586349534643,0,6,9,2022,11,0.6523302466993375
2022-09-12,22,0.05,0.6199586349534643,0,0,9,2022,12,0.7096666712943035
2022-09-13,22,0.7,0.6199586349534643,0,1,9,2022,13,1.4550401910288622
2022-09-14,22,0.65,0.6199586349534643,0,2,9,2022,14,1.397703766433896
2022-09-15,22,0.45,0.6199586349534643,0,3,9,2022,15,1.168358068054032
2022-09-16,22,0.0,0.6199586349534643,0,4,9,2022,16,0.6523302466993375
2022-09-17,22,0.1,0.6199586349534643,0,5,9,2022,17,0.7670030958892697
2022-09-18,22,-0.1,0.6199586349534643,0,6,9,2022,18,0.5376573975094056
2022-09-19,22,0.15,0.6199586349534643,0,0,9,2022,19,0.8243395204842358
2022-09-20,22,0.45,0.6199586349534643,0,1,9,2022,20,1.168358068054032
2022-09-21,22,0.55,0.6199586349534643,0,2,9,2022,21,1.2830309172439638
2022-09-22,22,0.4,0.6199586349534643,0,3,9,2022,22,1.1110216434590658
2022-09-23,22,-0.05,0.6199586349534643,0,4,9,2022,23,0.5949938221043715
2022-09-24,22,-0.25,0.6199586349534643,0,5,9,2022,24,0.3656481237245074
2022-09-25,22,0.0,0.6199586349534643,0,6,9,2022,25,0.6523302466993375
2022-09-26,22,0.25,0.6199586349534643,0,0,9,2022,26,0.9390123696741677
2022-09-27,22,0.35,0.6199586349534643,0,1,9,2022,27,1.0536852188641
2022-09-28,22,0.2,0.6199586349534643,0,2,9,2022,28,0.8816759450792017
2022-09-29,22,0.25,0.6199586349534643,0,3,9,2022,29,0.9390123696741677
2022-09-30,22,0.1,0.6199586349534643,0,4,9,2022,30,0.7670030958892697
2022-10-01,22,0.75,0.1928645294725957,1,5,10,2022,1,1.0192833641071204
2022-10-02,22,-0.25,0.6199586349534643,0,6,10,2022,2,0.3656481237245074
2022-10-03,22,0.1,0.6199586349534643,0,0,10,2022,3,0.7670030958892697
2022-10-04,22,0.35,0.6199586349534643,0,1,10,2022,4,1.0536852188641
2022-10-05,22,0.65,0.6199586349534643,0,2,10,2022,5,1.397703766433896
2022-10-06,22,0.3,0.6199586349534643,0,3,10,2022,6,0.9963487942691337
2022-10-07,22,-0.1,0.6199586349534643,0,4,10,2022,7,0.5376573975094056
2022-10-08,22,-0.05,0.6199586349534643,0,5,10,2022,8,0.5949938221043715
2022-10-09,22,-0.15,0.6199586349534643,0,6,10,2022,9,0.48032097291443954
2022-10-10,22,0.0,0.6199586349534643,0,0,10,2022,10,0.6523302466993375
2022-10-11,22,0.3,0.6199586349534643,0,1,10,2022,11,0.9963487942691337
2022-10-12,22,0.75,0.6199586349534643,0,2,10,2022,12,1.512376615623828
2022-10-13,22,0.35,0.6199586349534643,0,3,10,2022,13,1.0536852188641
2022-10-14,22,0.05,0.6199586349534643,0,4,10,2022,14,0.7096666712943035
2022-10-15,22,-0.15,0.6199586349534643,0,5,10,2022,15,0.48032097291443954
2022-10-16,22,0.0,0.6199586349534643,0,6,10,2022,16,0.6523302466993375
2022-10-17,22,0.25,0.6199586349534643,0,0,10,2022,17,0.9390123696741677
2022-10-18,22,0.5,0.6199586349534643,0,1,10,2022,18,1.2256944926489979
2022-10-19,22,0.5,0.6199586349534643,0,2,10,2022,19,1.2256944926489979
2022-10-20,22,0.45,0.6199586349534643,0,3,10,2022,20,1.168358068054032
2022-10-21,22,0.05,0.6199586349534643,0,4,10,2022,21,0.7096666712943035
2022-10-22,22,-0.25,0.6199586349534643,0,5,10,2022,22,0.3656481237245074
2022-10-23,22,-0.15,0.6199586349534643,0,6,10,2022,23,0.48032097291443954
2022-10-24,22,-0.1,0.6199586349534643,0,0,10,2022,24,0.5376573975094056
2022-10-25,22,1.7,0.1928645294725957,1,1,10,2022,25,1.8907970179506042
2022-10-26,22,0.65,0.6199586349534643,0,2,10,2022,26,1.397703766433896
2022-10-27,22,0.25,0.6199586349534643,0,3,10,2022,27,0.9390123696741677
2022-10-28,22,0.05,0.6199586349534643,0,4,10,2022,28,0.7096666712943035
2022-10-29,22,-0.2,0.6199586349534643,0,5,10,2022,29,0.4229845483194734
2022-10-30,22,0.2,0.6199586349534643,0,6,10,2022,30,0.8816759450792017
2022-10-31,22,0.05,0.6199586349534643,0,0,10,2022,31,0.7096666712943035
2022-11-01,22,0.55,0.6199586349534643,0,1,11,2022,1,1.2830309172439638
2022-11-02,22,1.55,0.1928645294725957,1,2,11,2022,2,1.7531895989226856
2022-11-03,22,0.55,0.6199586349534643,0,3,11,2022,3,1.2830309172439638
2022-11-04,22,0.1,0.6199586349534643,0,4,11,2022,4,0.7670030958892697
2022-11-05,22,0.35,0.1928645294725957,1,5,11,2022,5,0.6523302466993375
2022-11-06,22,0.0,0.6199586349534643,0,6,11,2022,6,0.6523302466993375
2022-11-07,22,1.0,0.1928645294725957,1,0,11,2022,7,1.2486290624869847
2022-11-08,22,1.55,0.1928645294725957,1,1,11,2022,8,1.7531895989226856
2022-11-09,22,0.85,0.6199586349534643,0,2,11,2022,9,1.6270494648137601
2022-11-10,22,0.2,0.6199586349534643,0,3,11,2022,10,0.8816759450792017
2022-11-11,22,0.05,0.6199586349534643,0,4,11,2022,11,0.7096666712943035
2022-11-12,22,-0.1,0.6199586349534643,0,5,11,2022,12,0.5376573975094056
2022-11-13,22,0.75,0.1928645294725957,1,6,11,2022,13,1.0192833641071204
2022-11-14,22,0.45,0.6199586349534643,0,0,11,2022,14,1.168358068054032
2022-11-15,22,0.6,0.6199586349534643,0,1,11,2022,15,1.3403673418389301
2022-11-16,22,0.75,0.6199586349534643,0,2,11,2022,16,1.512376615623828
2022-11-17,22,0.45,0.6199586349534643,0,3,11,2022,17,1.168358068054032
2022-11-18,22,0.25,0.6199586349534643,0,4,11,2022,18,0.9390123696741677
2022-11-19,22,0.15,0.6199586349534643,0,5,11,2022,19,0.8243395204842358
2022-11-20,22,0.0,0.6199586349534643,0,6,11,2022,20,0.6523302466993375
2022-11-21,22,0.55,0.6199586349534643,0,0,11,2022,21,1.2830309172439638
2022-11-22,22,1.75,0.1928645294725957,1,1,11,2022,22,1.936666157626577
2022-11-23,22,0.95,0.6199586349534643,0,2,11,2022,23,1.7417223140036924
2022-11-24,22,0.55,0.6199586349534643,0,3,11,2022,24,1.2830309172439638
2022-11-25,22,0.35,0.6199586349534643,0,4,11,2022,25,1.0536852188641
2022-11-26,22,0.1,0.6199586349534643,0,5,11,2022,26,0.7670030958892697
2022-11-27,22,0.15,0.6199586349534643,0,6,11,2022,27,0.8243395204842358
2022-11-28,22,1.45,0.1928645294725957,1,0,11,2022,28,1.6614513195707399
2022-11-29,22,0.85,0.6199586349534643,0,1,11,2022,29,1.6270494648137601
2022-11-30,22,0.7,0.6199586349534643,0,2,11,2022,30,1.4550401910288622
2022-12-01,22,0.9,0.6199586349534643,0,3,12,2022,1,1.6843858894087265
2022-12-02,22,0.05,0.6199586349534643,0,4,12,2022,2,0.7096666712943035
2022-12-03,22,0.05,0.6199586349534643,0,5,12,2022,3,0.7096666712943035
2022-12-04,22,0.2,0.6199586349534643,0,6,12,2022,4,0.8816759450792017
2022-12-05,22,0.6,0.6199586349534643,0,0,12,2022,5,1.3403673418389301
2022-12-06,22,1.1,0.6199586349534643,0,1,12,2022,6,1.9137315877885905
2022-12-07,22,0.7,0.6199586349534643,0,2,12,2022,7,1.4550401910288622
2022-12-08,22,0.7,0.6199586349534643,0,3,12,2022,8,1.4550401910288622
2022-12-09,22,0.1,0.6199586349534643,0,4,12,2022,9,0.7670030958892697
2022-12-10,22,0.2,0.6199586349534643,0,5,12,2022,10,0.8816759450792017
2022-12-11,22,1.2,0.1928645294725957,1,6,12,2022,11,1.4321056211908758
2022-12-12,22,0.85,0.6199586349534643,0,0,12,2022,12,1.6270494648137601
2022-12-13,22,0.95,0.6199586349534643,0,1,12,2022,13,1.7417223140036924
2022-12-15,22,0.95,0.6199586349534643,0,3,12,2022,15,1.7417223140036924
2022-12-16,22,0.45,0.6199586349534643,0,4,12,2022,16,1.168358068054032
2022-12-17,22,0.05,0.6199586349534643,0,5,12,2022,17,0.7096666712943035
2022-12-18,22,0.4,0.6199586349534643,0,6,12,2022,18,1.1110216434590658
2022-12-19,22,0.5,0.6199586349534643,0,0,12,2022,19,1.2256944926489979
2022-12-20,22,1.25,0.6199586349534643,0,1,12,2022,20,2.085740861573488
2022-12-21,22,1.1,0.6199586349534643,0,2,12,2022,21,1.9137315877885905
2022-12-22,22,1.1,0.6199586349534643,0,3,12,2022,22,1.9137315877885905
2022-12-23,22,1.5,0.1928645294725957,1,4,12,2022,23,1.7073204592467128
2022-12-24,22,0.4,0.6199586349534643,0,5,12,2022,24,1.1110216434590658
2022-12-25,22,0.45,0.6199586349534643,0,6,12,2022,25,1.168358068054032
2022-12-26,22,0.8,0.6199586349534643,0,0,12,2022,26,1.569713040218794
2022-12-27,22,1.1,0.6199586349534643,0,1,12,2022,27,1.9137315877885905
2022-12-28,22,1.3,0.6199586349534643,0,2,12,2022,28,2.1430772861684546
2022-12-30,22,0.45,0.6199586349534643,0,4,12,2022,30,1.168358068054032
2022-12-31,22,0.6,0.6199586349534643,0,5,12,2022,31,1.3403673418389301
2023-01-01,22,0.6,0.6199586349534643,0,6,1,2023,1,1.3403673418389301
2023-01-02,22,0.9,0.6199586349534643,0,0,1,2023,2,1.6843858894087265
2023-01-03,22,1.5,0.6199586349534643,0,1,1,2023,3,2.3724229845483182
2023-01-04,22,1.3,0.6199586349534643,0,2,1,2023,4,2.1430772861684546
2023-01-05,22,1.3,0.6199586349534643,0,3,1,2023,5,2.1430772861684546
2023-01-06,22,0.75,0.6199586349534643,0,4,1,2023,6,1.512376615623828
2023-01-07,22,0.3,0.6199586349534643,0,5,1,2023,7,0.9963487942691337
2023-01-08,22,0.85,0.6199586349534643,0,6,1,2023,8,1.6270494648137601
2023-01-09,22,1.1,0.6199586349534643,0,0,1,2023,9,1.9137315877885905
2023-01-10,22,1.3,0.6199586349534643,0,1,1,2023,10,2.1430772861684546
2023-01-11,22,1.55,0.6199586349534643,0,2,1,2023,11,2.429759409143285
2023-01-12,22,1.15,0.6199586349534643,0,3,1,2023,12,1.9710680123835562
2023-01-13,22,0.9,0.6199586349534643,0,4,1,2023,13,1.6843858894087265
2023-01-14,22,0.2,0.6199586349534643,0,5,1,2023,14,0.8816759450792017
2023-01-15,22,0.5,0.6199586349534643,0,6,1,2023,15,1.2256944926489979
2023-01-16,22,1.2,0.6199586349534643,0,0,1,2023,16,2.0284044369785224
2023-01-18,22,1.55,0.6199586349534643,0,2,1,2023,18,2.429759409143285
2023-01-19,22,1.1,0.6199586349534643,0,3,1,2023,19,1.9137315877885905
2023-01-20,22,1.15,0.6199586349534643,0,4,1,2023,20,1.9710680123835562
2023-01-21,22,0.8,0.6199586349534643,0,5,1,2023,21,1.569713040218794
2023-01-22,22,0.7,0.6199586349534643,0,6,1,2023,22,1.4550401910288622
2023-01-23,22,1.05,0.6199586349534643,0,0,1,2023,23,1.8563951631936242
2023-01-24,22,1.7,0.6199586349534643,0,1,1,2023,24,2.6017686829281828
2023-01-26,22,1.5,0.6199586349534643,0,3,1,2023,26,2.3724229845483182
2023-01-27,22,1.25,0.6199586349534643,0,4,1,2023,27,2.085740861573488
2023-01-28,22,0.55,0.6199586349534643,0,5,1,2023,28,1.2830309172439638
2023-01-29,22,0.65,0.6199586349534643,0,6,1,2023,29,1.397703766433896
2023-01-30,22,1.0,0.6199586349534643,0,0,1,2023,30,1.7990587385986583
2023-01-31,22,1.7,0.6199586349534643,0,1,1,2023,31,2.6017686829281828
2023-02-01,22,1.75,0.6199586349534643,0,2,2,2023,1,2.6591051075231484
2023-02-02,22,1.45,0.6199586349534643,0,3,2,2023,2,2.3150865599533526
2023-02-03,22,1.15,0.6199586349534643,0,4,2,2023,3,1.9710680123835562
2023-02-04,22,2.0,0.1928645294725957,1,5,2,2023,4,2.166011856006441
2023-02-05,22,0.6,0.6199586349534643,0,6,2,2023,5,1.3403673418389301
2023-02-06,22,1.15,0.6199586349534643,0,0,2,2023,6,1.9710680123835562
2023-02-07,22,1.8,0.6199586349534643,0,1,2,2023,7,2.716441532118115
2023-02-08,22,1.75,0.6199586349534643,0,2,2,2023,8,2.6591051075231484
2023-02-09,22,1.4,0.6199586349534643,0,3,2,2023,9,2.2577501353583864
2023-02-10,22,1.2,0.6199586349534643,0,4,2,2023,10,2.0284044369785224
2023-02-11,22,0.6,0.6199586349534643,0,5,2,2023,11,1.3403673418389301
2023-02-12,22,0.85,0.6199586349534643,0,6,2,2023,12,1.6270494648137601
2023-02-13,22,1.4,0.6199586349534643,0,0,2,2023,13,2.2577501353583864
2023-02-14,22,1.7,0.6199586349534643,0,1,2,2023,14,2.6017686829281828
2023-02-16,22,1.5,0.6199586349534643,0,3,2,2023,16,2.3724229845483182
2023-02-17,22,1.35,0.6199586349534643,0,4,2,2023,17,2.2004137107634207
2023-02-18,22,0.8,0.6199586349534643,0,5,2,2023,18,1.569713040218794
2023-02-19,22,1.05,0.6199586349534643,0,6,2,2023,19,1.8563951631936242
2023-02-20,22,1.5,0.6199586349534643,0,0,2,2023,20,2.3724229845483182
2023-02-22,22,1.65,0.6199586349534643,0,2,2,2023,22,2.5444322583332166
2023-02-23,22,1.7,0.6199586349534643,0,3,2,2023,23,2.6017686829281828
2023-02-24,22,1.2,0.6199586349534643,0,4,2,2023,24,2.0284044369785224
2023-02-25,22,0.95,0.6199586349534643,0,5,2,2023,25,1.7417223140036924
2023-02-26,22,0.95,0.6199586349534643,0,6,2,2023,26,1.7417223140036924
2023-02-27,22,1.35,0.6199586349534643,0,0,2,2023,27,2.2004137107634207
2023-03-01,22,1.8,0.6199586349534643,0,2,3,2023,1,2.716441532118115
2023-03-02,22,1.8,0.6199586349534643,0,3,3,2023,2,2.716441532118115
2023-03-03,22,1.15,0.6199586349534643,0,4,3,2023,3,1.9710680123835562
2023-03-04,22,0.85,0.6199586349534643,0,5,3,2023,4,1.6270494648137601
2023-03-05,22,1.0,0.6199586349534643,0,6,3,2023,5,1.7990587385986583
2023-03-06,22,1.35,0.6199586349534643,0,0,3,2023,6,2.2004137107634207
2023-03-07,22,2.0,0.6199586349534643,0,1,3,2023,7,2.9457872304979786
2023-03-09,22,1.8,0.6199586349534643,0,3,3,2023,9,2.716441532118115
2023-03-10,22,1.25,0.6199586349534643,0,4,3,2023,10,2.085740861573488
2023-03-11,22,0.8,0.6199586349534643,0,5,3,2023,11,1.569713040218794
2023-03-12,22,1.15,0.6199586349534643,0,6,3,2023,12,1.9710680123835562
2023-03-13,22,1.85,0.6199586349534643,0,0,3,2023,13,2.773777956713081
