data-science/data/preprocessed_model_dataset.csv
date,item_id,sales,price,promo,weekday,month,year,day,revenue
2023-03-14,22,1.9,0.6199586349534643,0,1,3,2023,14,2.831114381308047
2023-03-15,22,2.05,0.6199586349534643,0,2,3,2023,15,3.003123655092945
2023-03-16,22,1.7,0.6199586349534643,0,3,3,2023,16,2.6017686829281828
2023-03-17,22,1.2,0.6199586349534643,0,4,3,2023,17,2.0284044369785224
2023-03-18,22,0.55,0.6199586349534643,0,5,3,2023,18,1.2830309172439638
2023-03-19,22,1.15,0.6199586349534643,0,6,3,2023,19,1.9710680123835562
2023-03-20,22,1.4,0.6199586349534643,0,0,3,2023,20,2.2577501353583864
2023-03-21,22,1.75,0.6199586349534643,0,1,3,2023,21,2.6591051075231484
2023-03-23,22,1.65,0.6199586349534643,0,3,3,2023,23,2.5444322583332166
2023-03-24,22,1.25,0.6199586349534643,0,4,3,2023,24,2.085740861573488
2023-03-25,22,1.2,0.6199586349534643,0,5,3,2023,25,2.0284044369785224
2023-03-26,22,0.9,0.6199586349534643,0,6,3,2023,26,1.6843858894087265
2023-03-27,22,1.3,0.6199586349534643,0,0,3,2023,27,2.1430772861684546
2023-03-28,22,2.05,0.6199586349534643,0,1,3,2023,28,3.003123655092945
2023-03-30,22,1.6,0.6199586349534643,0,3,3,2023,30,2.487095833738251
2023-03-31,22,1.35,0.6199586349534643,0,4,3,2023,31,2.2004137107634207
2023-04-01,22,1.05,0.6199586349534643,0,5,4,2023,1,1.8563951631936242
2023-04-02,22,0.8,0.6199586349534643,0,6,4,2023,2,1.569713040218794
2023-04-03,22,1.7,0.6199586349534643,0,0,4,2023,3,2.6017686829281828
2023-04-06,22,2.0,0.6199586349534643,0,3,4,2023,6,2.9457872304979786
2023-04-07,22,1.45,0.6199586349534643,0,4,4,2023,7,2.3150865599533526
2023-04-08,22,1.0,0.6199586349534643,0,5,4,2023,8,1.7990587385986583
2023-04-10,22,1.4,0.6199586349534643,0,0,4,2023,10,2.2577501353583864
2023-04-11,22,2.0,0.6199586349534643,0,1,4,2023,11,2.9457872304979786
2023-04-13,22,1.75,0.6199586349534643,0,3,4,2023,13,2.6591051075231484
2023-04-14,22,0.95,0.6199586349534643,0,4,4,2023,14,1.7417223140036924
2023-04-15,22,1.15,0.6199586349534643,0,5,4,2023,15,1.9710680123835562
2023-04-16,22,1.1,0.6199586349534643,0,6,4,2023,16,1.9137315877885905
2023-04-17,22,1.5,0.6199586349534643,0,0,4,2023,17,2.3724229845483182
2023-04-20,22,1.35,0.6199586349534643,0,3,4,2023,20,2.2004137107634207
2023-04-22,22,0.75,0.6199586349534643,0,5,4,2023,22,1.512376615623828
2023-04-23,22,1.15,0.6199586349534643,0,6,4,2023,23,1.9710680123835562
2023-04-24,22,1.55,0.6199586349534643,0,0,4,2023,24,2.429759409143285
2023-04-25,22,2.05,0.6199586349534643,0,1,4,2023,25,3.003123655092945
2023-04-26,22,2.0,0.6199586349534643,0,2,4,2023,26,2.9457872304979786
2023-04-27,22,1.45,0.6199586349534643,0,3,4,2023,27,2.3150865599533526
2023-04-28,22,1.2,0.6199586349534643,0,4,4,2023,28,2.0284044369785224
2023-04-29,22,1.0,0.6199586349534643,0,5,4,2023,29,1.7990587385986583
2023-04-30,22,1.2,0.6199586349534643,0,6,4,2023,30,2.0284044369785224
2023-05-01,22,1.3,0.6199586349534643,0,0,5,2023,1,2.1430772861684546
2023-05-03,22,1.95,0.6199586349534643,0,2,5,2023,3,2.8884508059030134
2023-05-05,22,1.15,0.6199586349534643,0,4,5,2023,5,1.9710680123835562
2023-05-06,22,0.9,0.6199586349534643,0,5,5,2023,6,1.6843858894087265
2023-05-07,22,1.15,0.6199586349534643,0,6,5,2023,7,1.9710680123835562
2023-05-08,22,1.25,0.6199586349534643,0,0,5,2023,8,2.085740861573488
2023-05-09,22,1.75,0.6199586349534643,0,1,5,2023,9,2.6591051075231484
2023-05-10,22,2.0,0.6199586349534643,0,2,5,2023,10,2.9457872304979786
2023-05-11,22,2.0,0.6199586349534643,0,3,5,2023,11,2.9457872304979786
2023-05-12,22,1.05,0.6199586349534643,0,4,5,2023,12,1.8563951631936242
2023-05-13,22,1.15,0.6199586349534643,0,5,5,2023,13,1.9710680123835562
2023-05-14,22,1.25,0.6199586349534643,0,6,5,2023,14,2.085740861573488
2023-05-15,22,1.4,0.6199586349534643,0,0,5,2023,15,2.2577501353583864
2023-05-16,22,1.75,0.6199586349534643,0,1,5,2023,16,2.6591051075231484
2023-05-17,22,1.8,0.6199586349534643,0,2,5,2023,17,2.716441532118115
2023-05-18,22,1.6,0.6199586349534643,0,3,5,2023,18,2.487095833738251
2023-05-19,22,0.9,0.6199586349534643,0,4,5,2023,19,1.6843858894087265
2023-05-20,22,0.8,0.6199586349534643,0,5,5,2023,20,1.569713040218794
2023-05-21,22,1.15,0.6199586349534643,0,6,5,2023,21,1.9710680123835562
2023-05-22,22,1.25,0.6199586349534643,0,0,5,2023,22,2.085740861573488
2023-05-23,22,1.7,0.6199586349534643,0,1,5,2023,23,2.6017686829281828
2023-05-24,22,1.6,0.6199586349534643,0,2,5,2023,24,2.487095833738251
2023-05-25,22,1.6,0.6199586349534643,0,3,5,2023,25,2.487095833738251
2023-05-26,22,1.1,0.6199586349534643,0,4,5,2023,26,1.9137315877885905
2023-05-27,22,0.75,0.6199586349534643,0,5,5,2023,27,1.512376615623828
2023-05-28,22,0.85,0.6199586349534643,0,6,5,2023,28,1.6270494648137601
2023-05-29,22,1.2,0.6199586349534643,0,0,5,2023,29,2.0284044369785224
2023-05-30,22,1.75,0.6199586349534643,0,1,5,2023,30,2.6591051075231484
2023-05-31,22,1.75,0.6199586349534643,0,2,5,2023,31,2.6591051075231484
2023-06-01,22,1.5,0.6199586349534643,0,3,6,2023,1,2.3724229845483182
2023-06-02,22,1.05,0.6199586349534643,0,4,6,2023,2,1.8563951631936242
2023-06-03,22,0.9,0.6199586349534643,0,5,6,2023,3,1.6843858894087265
2023-06-04,22,2.0,0.1928645294725957,1,6,6,2023,4,2.166011856006441
2023-06-06,22,1.8,0.6199586349534643,0,1,6,2023,6,2.716441532118115
2023-06-07,22,1.75,0.6199586349534643,0,2,6,2023,7,2.6591051075231484
2023-06-08,22,1.6,0.6199586349534643,0,3,6,2023,8,2.487095833738251
2023-06-09,22,1.05,0.6199586349534643,0,4,6,2023,9,1.8563951631936242
2023-06-10,22,0.35,0.6199586349534643,0,5,6,2023,10,1.0536852188641
2023-06-11,22,2.0,0.1928645294725957,1,6,6,2023,11,2.166011856006441
2023-06-12,22,1.15,0.6199586349534643,0,0,6,2023,12,1.9710680123835562
2023-06-13,22,1.5,0.6199586349534643,0,1,6,2023,13,2.3724229845483182
2023-06-14,22,1.65,0.6199586349534643,0,2,6,2023,14,2.5444322583332166
2023-06-15,22,1.25,0.6199586349534643,0,3,6,2023,15,2.085740861573488
2023-06-16,22,2.05,0.1928645294725957,1,4,6,2023,16,2.2118809956824137
2023-06-17,22,0.5,0.6199586349534643,0,5,6,2023,17,1.2256944926489979
2023-06-18,22,0.85,0.6199586349534643,0,6,6,2023,18,1.6270494648137601
2023-06-19,22,1.05,0.6199586349534643,0,0,6,2023,19,1.8563951631936242
2023-06-20,22,1.35,0.6199586349534643,0,1,6,2023,20,2.2004137107634207
2023-06-21,22,1.35,0.6199586349534643,0,2,6,2023,21,2.2004137107634207
2023-06-22,22,1.25,0.6199586349534643,0,3,6,2023,22,2.085740861573488
2023-06-23,22,0.8,0.6199586349534643,0,4,6,2023,23,1.569713040218794
2023-06-24,22,0.6,0.6199586349534643,0,5,6,2023,24,1.3403673418389301
2023-06-25,22,0.45,0.6199586349534643,0,6,6,2023,25,1.168358068054032
2023-06-26,22,0.75,0.6199586349534643,0,0,6,2023,26,1.512376615623828
2023-06-27,22,1.4,0.6199586349534643,0,1,6,2023,27,2.2577501353583864
2023-06-28,22,1.6,0.6199586349534643,0,2,6,2023,28,2.487095833738251
2023-06-29,22,1.0,0.6199586349534643,0,3,6,2023,29,1.7990587385986583
2023-06-30,22,2.0,0.1928645294725957,1,4,6,2023,30,2.166011856006441
2023-07-01,22,0.5,0.6199586349534643,0,5,7,2023,1,1.2256944926489979
2023-07-02,22,0.55,0.6199586349534643,0,6,7,2023,2,1.2830309172439638
2023-07-03,22,0.85,0.6199586349534643,0,0,7,2023,3,1.6270494648137601
2023-07-04,22,1.0,0.6199586349534643,0,1,7,2023,4,1.7990587385986583
2023-07-05,22,1.45,0.6199586349534643,0,2,7,2023,5,2.3150865599533526
2023-07-06,22,0.95,0.6199586349534643,0,3,7,2023,6,1.7417223140036924
2023-07-07,22,0.55,0.6199586349534643,0,4,7,2023,7,1.2830309172439638
2023-07-08,22,0.55,0.6199586349534643,0,5,7,2023,8,1.2830309172439638
2023-07-09,22,0.2,0.6199586349534643,0,6,7,2023,9,0.8816759450792017
2023-07-10,22,0.6,0.6199586349534643,0,0,7,2023,10,1.3403673418389301
2023-07-11,22,1.15,0.6199586349534643,0,1,7,2023,11,1.9710680123835562
2023-07-12,22,1.25,0.6199586349534643,0,2,7,2023,12,2.085740861573488
2023-07-13,22,1.05,0.6199586349534643,0,3,7,2023,13,1.8563951631936242
2023-07-14,22,0.55,0.6199586349534643,0,4,7,2023,14,1.2830309172439638
2023-07-15,22,1.55,0.1928645294725957,1,5,7,2023,15,1.7531895989226856
2023-07-16,22,0.35,0.6199586349534643,0,6,7,2023,16,1.0536852188641
2023-07-17,22,0.7,0.6199586349534643,0,0,7,2023,17,1.4550401910288622
2023-07-18,22,0.9,0.6199586349534643,0,1,7,2023,18,1.6843858894087265
2023-07-19,22,1.15,0.6199586349534643,0,2,7,2023,19,1.9710680123835562
2023-07-20,22,0.95,0.6199586349534643,0,3,7,2023,20,1.7417223140036924
2023-07-21,22,0.7,0.6199586349534643,0,4,7,2023,21,1.4550401910288622
2023-07-22,22,0.05,0.6199586349534643,0,5,7,2023,22,0.7096666712943035
2023-07-23,22,0.3,0.6199586349534643,0,6,7,2023,23,0.9963487942691337
2023-07-24,22,0.7,0.6199586349534643,0,0,7,2023,24,1.4550401910288622
2023-07-26,22,1.0,0.6199586349534643,0,2,7,2023,26,1.7990587385986583
2023-07-27,22,0.85,0.6199586349534643,0,3,7,2023,27,1.6270494648137601
2023-07-28,22,0.3,0.6199586349534643,0,4,7,2023,28,0.9963487942691337
2023-07-29,22,1.25,0.1928645294725957,1,5,7,2023,29,1.4779747608668485
2023-07-30,22,0.4,0.6199586349534643,0,6,7,2023,30,1.1110216434590658
2023-07-31,22,0.35,0.6199586349534643,0,0,7,2023,31,1.0536852188641
2023-08-01,22,0.7,0.6199586349534643,0,1,8,2023,1,1.4550401910288622
2023-08-02,22,0.8,0.6199586349534643,0,2,8,2023,2,1.569713040218794
2023-08-03,22,1.85,0.1928645294725957,1,3,8,2023,3,2.0284044369785224
2023-08-04,22,0.15,0.6199586349534643,0,4,8,2023,4,0.8243395204842358
2023-08-05,22,0.1,0.6199586349534643,0,5,8,2023,5,0.7670030958892697
2023-08-06,22,0.3,0.6199586349534643,0,6,8,2023,6,0.9963487942691337
2023-08-07,22,0.5,0.6199586349534643,0,0,8,2023,7,1.2256944926489979
2023-08-08,22,0.85,0.6199586349534643,0,1,8,2023,8,1.6270494648137601
2023-08-09,22,0.7,0.6199586349534643,0,2,8,2023,9,1.4550401910288622
2023-08-10,22,0.75,0.6199586349534643,0,3,8,2023,10,1.512376615623828
2023-08-11,22,0.2,0.6199586349534643,0,4,8,2023,11,0.8816759450792017
2023-08-12,22,0.8,0.1928645294725957,1,5,8,2023,12,1.0651525037830931
2023-08-13,22,0.2,0.6199586349534643,0,6,8,2023,13,0.8816759450792017
2023-08-14,22,0.45,0.6199586349534643,0,0,8,2023,14,1.168358068054032
2023-08-15,22,0.75,0.6199586349534643,0,1,8,2023,15,1.512376615623828
2023-08-16,22,0.65,0.6199586349534643,0,2,8,2023,16,1.397703766433896
2023-08-17,22,0.55,0.6199586349534643,0,3,8,2023,17,1.2830309172439638
2023-08-18,22,0.25,0.6199586349534643,0,4,8,2023,18,0.9390123696741677
2023-08-19,22,-0.15,0.6199586349534643,0,5,8,2023,19,0.48032097291443954
2023-08-20,22,0.05,0.6199586349534643,0,6,8,2023,20,0.7096666712943035
2023-08-21,22,1.35,0.1928645294725957,1,0,8,2023,21,1.5697130402187944
2023-08-22,22,0.45,0.6199586349534643,0,1,8,2023,22,1.168358068054032
2023-08-23,22,0.9,0.6199586349534643,0,2,8,2023,23,1.6843858894087265
2023-08-24,22,1.65,0.1928645294725957,1,3,8,2023,24,1.8449278782746314
2023-08-25,22,0.0,0.6199586349534643,0,4,8,2023,25,0.6523302466993375
2023-08-26,22,0.2,0.6199586349534643,0,5,8,2023,26,0.8816759450792017
2023-08-27,22,0.05,0.6199586349534643,0,6,8,2023,27,0.7096666712943035
2023-08-28,22,0.4,0.6199586349534643,0,0,8,2023,28,1.1110216434590658
2023-08-29,22,0.55,0.6199586349534643,0,1,8,2023,29,1.2830309172439638
2023-08-30,22,0.8,0.6199586349534643,0,2,8,2023,30,1.569713040218794
2023-08-31,22,0.55,0.6199586349534643,0,3,8,2023,31,1.2830309172439638
2023-09-01,22,0.05,0.6199586349534643,0,4,9,2023,1,0.7096666712943035
2023-09-02,22,-0.2,0.6199586349534643,0,5,9,2023,2,0.4229845483194734
2023-09-03,22,-0.2,0.6199586349534643,0,6,9,2023,3,0.4229845483194734
2023-09-04,22,0.35,0.6199586349534643,0,0,9,2023,4,1.0536852188641
2023-09-05,22,0.65,0.6199586349534643,0,1,9,2023,5,1.397703766433896
2023-09-06,22,0.7,0.6199586349534643,0,2,9,2023,6,1.4550401910288622
2023-09-07,22,0.4,0.6199586349534643,0,3,9,2023,7,1.1110216434590658
2023-09-08,22,-0.05,0.6199586349534643,0,4,9,2023,8,0.5949938221043715
2023-09-09,22,-0.15,0.6199586349534643,0,5,9,2023,9,0.48032097291443954
2023-09-10,22,0.2,0.6199586349534643,0,6,9,2023,10,0.8816759450792017
2023-09-11,22,1.05,0.1928645294725957,1,0,9,2023,11,1.2944982021629574
2023-09-12,22,0.55,0.6199586349534643,0,1,9,2023,12,1.2830309172439638
2023-09-13,22,0.4,0.6199586349534643,0,2,9,2023,13,1.1110216434590658
2023-09-14,22,0.45,0.6199586349534643,0,3,9,2023,14,1.168358068054032
2023-09-15,22,0.8,0.1928645294725957,1,4,9,2023,15,1.0651525037830931
2023-09-16,22,0.1,0.6199586349534643,0,5,9,2023,16,0.7670030958892697
2023-09-17,22,0.1,0.6199586349534643,0,6,9,2023,17,0.7670030958892697
2023-09-18,22,0.15,0.6199586349534643,0,0,9,2023,18,0.8243395204842358
2023-09-19,22,0.5,0.6199586349534643,0,1,9,2023,19,1.2256944926489979
2023-09-20,22,1.45,0.1928645294725957,1,2,9,2023,20,1.6614513195707399
2023-09-21,22,0.15,0.6199586349534643,0,3,9,2023,21,0.8243395204842358
2023-09-22,22,-0.05,0.6199586349534643,0,4,9,2023,22,0.5949938221043715
2023-09-23,22,-0.05,0.6199586349534643,0,5,9,2023,23,0.5949938221043715
2023-09-24,22,0.05,0.6199586349534643,0,6,9,2023,24,0.7096666712943035
2023-09-25,22,0.25,0.6199586349534643,0,0,9,2023,25,0.9390123696741677
2023-09-26,22,0.45,0.6199586349534643,0,1,9,2023,26,1.168358068054032
2023-09-27,22,0.7,0.6199586349534643,0,2,9,2023,27,1.4550401910288622
2023-09-28,22,0.4,0.6199586349534643,0,3,9,2023,28,1.1110216434590658
2023-09-29,22,0.2,0.6199586349534643,0,4,9,2023,29,0.8816759450792017
2023-09-30,22,-0.35,0.6199586349534643,0,5,9,2023,30,0.2509752745345753
2023-10-01,22,-0.6,0.6199586349534643,0,6,10,2023,1,-0.03570684844025492
2023-10-02,22,0.25,0.6199586349534643,0,0,10,2023,2,0.9390123696741677
2023-10-03,22,0.25,0.6199586349534643,0,1,10,2023,3,0.9390123696741677
2023-10-04,22,0.5,0.6199586349534643,0,2,10,2023,4,1.2256944926489979
2023-10-05,22,0.35,0.6199586349534643,0,3,10,2023,5,1.0536852188641
2023-10-06,22,0.35,0.6199586349534643,0,4,10,2023,6,1.0536852188641
2023-10-07,22,0.0,0.6199586349534643,0,5,10,2023,7,0.6523302466993375
2023-10-08,22,0.0,0.6199586349534643,0,6,10,2023,8,0.6523302466993375
2023-10-09,22,0.35,0.6199586349534643,0,0,10,2023,9,1.0536852188641
2023-10-10,22,0.55,0.6199586349534643,0,1,10,2023,10,1.2830309172439638
2023-10-11,22,1.5,0.1928645294725957,1,2,10,2023,11,1.7073204592467128
2023-10-12,22,0.55,0.6199586349534643,0,3,10,2023,12,1.2830309172439638
2023-10-13,22,0.7,0.1928645294725957,1,4,10,2023,13,0.9734142244311476
2023-10-14,22,0.0,0.6199586349534643,0,5,10,2023,14,0.6523302466993375
2023-10-15,22,-0.25,0.6199586349534643,0,6,10,2023,15,0.3656481237245074
2023-10-16,22,0.3,0.6199586349534643,0,0,10,2023,16,0.9963487942691337
2023-10-17,22,0.55,0.6199586349534643,0,1,10,2023,17,1.2830309172439638
2023-10-18,22,0.85,0.6199586349534643,0,2,10,2023,18,1.6270494648137601
2023-10-19,22,0.2,0.6199586349534643,0,3,10,2023,19,0.8816759450792017
2023-10-20,22,0.05,0.6199586349534643,0,4,10,2023,20,0.7096666712943035
2023-10-21,22,0.05,0.6199586349534643,0,5,10,2023,21,0.7096666712943035
2023-10-22,22,0.05,0.6199586349534643,0,6,10,2023,22,0.7096666712943035
2023-10-23,22,0.3,0.6199586349534643,0,0,10,2023,23,0.9963487942691337
2023-10-24,22,0.4,0.6199586349534643,0,1,10,2023,24,1.1110216434590658
2023-10-25,22,0.55,0.6199586349534643,0,2,10,2023,25,1.2830309172439638
2023-10-26,22,0.65,0.6199586349534643,0,3,10,2023,26,1.397703766433896
2023-10-27,22,0.15,0.6199586349534643,0,4,10,2023,27,0.8243395204842358
2023-10-28,22,0.05,0.6199586349534643,0,5,10,2023,28,0.7096666712943035
2023-10-29,22,0.05,0.6199586349534643,0,6,10,2023,29,0.7096666712943035
2023-10-30,22,0.15,0.6199586349534643,0,0,10,2023,30,0.8243395204842358
2023-10-31,22,0.75,0.6199586349534643,0,1,10,2023,31,1.512376615623828
2023-11-01,22,0.75,0.6199586349534643,0,2,11,2023,1,1.512376615623828
2023-11-02,22,0.85,0.6199586349534643,0,3,11,2023,2,1.6270494648137601
2023-11-03,22,0.05,0.6199586349534643,0,4,11,2023,3,0.7096666712943035
2023-11-04,22,0.15,0.6199586349534643,0,5,11,2023,4,0.8243395204842358
2023-11-05,22,-0.1,0.6199586349534643,0,6,11,2023,5,0.5376573975094056
2023-11-06,22,0.4,0.6199586349534643,0,0,11,2023,6,1.1110216434590658
2023-11-07,22,0.8,0.6199586349534643,0,1,11,2023,7,1.569713040218794
2023-11-08,22,0.4,0.6199586349534643,0,2,11,2023,8,1.1110216434590658
2023-11-09,22,0.5,0.6199586349534643,0,3,11,2023,9,1.2256944926489979
2023-11-10,22,1.0,0.1928645294725957,1,4,11,2023,10,1.2486290624869847
2023-11-11,22,-0.05,0.6199586349534643,0,5,11,2023,11,0.5949938221043715
2023-11-12,22,0.2,0.6199586349534643,0,6,11,2023,12,0.8816759450792017
2023-11-13,22,0.6,0.6199586349534643,0,0,11,2023,13,1.3403673418389301
2023-11-14,22,0.7,0.6199586349534643,0,1,11,2023,14,1.4550401910288622
2023-11-15,22,0.85,0.6199586349534643,0,2,11,2023,15,1.6270494648137601
2023-11-16,22,0.65,0.6199586349534643,0,3,11,2023,16,1.397703766433896
2023-11-17,22,0.3,0.6199586349534643,0,4,11,2023,17,0.9963487942691337
2023-11-18,22,-0.05,0.6199586349534643,0,5,11,2023,18,0.5949938221043715
2023-11-19,22,0.35,0.6199586349534643,0,6,11,2023,19,1.0536852188641
2023-11-20,22,0.55,0.6199586349534643,0,0,11,2023,20,1.2830309172439638
2023-11-21,22,0.85,0.6199586349534643,0,1,11,2023,21,1.6270494648137601
2023-11-22,22,1.9,0.1928645294725957,1,2,11,2023,22,2.0742735766544955
2023-11-23,22,0.6,0.6199586349534643,0,3,11,2023,23,1.3403673418389301
2023-11-24,22,0.35,0.6199586349534643,0,4,11,2023,24,1.0536852188641
2023-11-25,22,-0.05,0.6199586349534643,0,5,11,2023,25,0.5949938221043715
2023-11-26,22,0.0,0.6199586349534643,0,6,11,2023,26,0.6523302466993375
2023-11-27,22,0.45,0.6199586349534643,0,0,11,2023,27,1.168358068054032
2023-11-28,22,0.95,0.6199586349534643,0,1,11,2023,28,1.7417223140036924
2023-11-29,22,0.85,0.6199586349534643,0,2,11,2023,29,1.6270494648137601
2023-11-30,22,0.6,0.6199586349534643,0,3,11,2023,30,1.3403673418389301
2023-12-01,22,0.3,0.6199586349534643,0,4,12,2023,1,0.9963487942691337
2023-12-02,22,0.15,0.6199586349534643,0,5,12,2023,2,0.8243395204842358
2023-12-03,22,0.25,0.6199586349534643,0,6,12,2023,3,0.9390123696741677
2023-12-04,22,0.95,0.6199586349534643,0,0,12,2023,4,1.7417223140036924
2023-12-05,22,1.1,0.6199586349534643,0,1,12,2023,5,1.9137315877885905
