data-science/data/preprocessed_model_dataset.csv
date,item_id,sales,price,promo,weekday,month,year,day,revenue
2023-12-06,22,1.2,0.6199586349534643,0,2,12,2023,6,2.0284044369785224
2023-12-07,22,1.0,0.6199586349534643,0,3,12,2023,7,1.7990587385986583
2023-12-08,22,1.3,0.1928645294725957,1,4,12,2023,8,1.5238439005428213
2023-12-09,22,0.1,0.6199586349534643,0,5,12,2023,9,0.7670030958892697
2023-12-10,22,0.2,0.6199586349534643,0,6,12,2023,10,0.8816759450792017
2023-12-11,22,0.9,0.6199586349534643,0,0,12,2023,11,1.6843858894087265
2023-12-12,22,1.0,0.6199586349534643,0,1,12,2023,12,1.7990587385986583
2023-12-13,22,0.95,0.6199586349534643,0,2,12,2023,13,1.7417223140036924
2023-12-14,22,2.05,0.1928645294725957,1,3,12,2023,14,2.2118809956824137
2023-12-15,22,0.55,0.6199586349534643,0,4,12,2023,15,1.2830309172439638
2023-12-16,22,0.4,0.6199586349534643,0,5,12,2023,16,1.1110216434590658
2023-12-17,22,0.5,0.6199586349534643,0,6,12,2023,17,1.2256944926489979
2023-12-18,22,0.65,0.6199586349534643,0,0,12,2023,18,1.397703766433896
2023-12-19,22,1.25,0.6199586349534643,0,1,12,2023,19,2.085740861573488
2023-12-20,22,1.15,0.6199586349534643,0,2,12,2023,20,1.9710680123835562
2023-12-21,22,1.0,0.6199586349534643,0,3,12,2023,21,1.7990587385986583
2023-12-22,22,0.75,0.6199586349534643,0,4,12,2023,22,1.512376615623828
2023-12-23,22,0.3,0.6199586349534643,0,5,12,2023,23,0.9963487942691337
2023-12-24,22,0.45,0.6199586349534643,0,6,12,2023,24,1.168358068054032
2023-12-25,22,0.95,0.6199586349534643,0,0,12,2023,25,1.7417223140036924
2023-12-26,22,1.15,0.6199586349534643,0,1,12,2023,26,1.9710680123835562
2023-12-27,22,1.3,0.6199586349534643,0,2,12,2023,27,2.1430772861684546
2023-12-28,22,1.2,0.6199586349534643,0,3,12,2023,28,2.0284044369785224
2023-12-29,22,1.05,0.6199586349534643,0,4,12,2023,29,1.8563951631936242
2023-12-30,22,0.6,0.6199586349534643,0,5,12,2023,30,1.3403673418389301
2023-12-31,22,0.65,0.6199586349534643,0,6,12,2023,31,1.397703766433896
2021-01-01,33,0.6,0.8022233712512928,0,4,1,2021,1,1.5361163943302185
2021-01-02,33,0.1,0.8022233712512928,0,5,1,2021,2,0.913814885257736
2021-01-03,33,0.5,0.8022233712512928,0,6,1,2021,3,1.4116560925157222
2021-01-04,33,1.2,0.3386763185108584,1,0,1,2021,4,1.6356846357818158
2021-01-05,33,0.85,0.8022233712512928,0,1,1,2021,5,1.8472671488664603
2021-01-06,33,0.8,0.8022233712512928,0,2,1,2021,6,1.7850369979592118
2021-01-08,33,1.65,0.3386763185108584,1,4,1,2021,8,2.083741722314003
2021-01-09,33,-0.1,0.8022233712512928,0,5,1,2021,9,0.6648942816287431
2021-01-10,33,0.45,0.8022233712512928,0,6,1,2021,10,1.349425941608474
2021-01-11,33,0.85,0.8022233712512928,0,0,1,2021,11,1.8472671488664603
2021-01-12,33,1.05,0.8022233712512928,0,1,1,2021,12,2.096187752495453
2021-01-13,33,1.2,0.8022233712512928,0,2,1,2021,13,2.2828782052171976
2021-01-14,33,0.95,0.8022233712512928,0,3,1,2021,14,1.9717274506809566
2021-01-15,33,0.65,0.8022233712512928,0,4,1,2021,15,1.598346545237467
2021-01-16,33,0.15,0.8022233712512928,0,5,1,2021,16,0.9760450361649844
2021-01-17,33,0.6,0.8022233712512928,0,6,1,2021,17,1.5361163943302185
2021-01-18,33,0.8,0.8022233712512928,0,0,1,2021,18,1.7850369979592118
2021-01-19,33,1.1,0.8022233712512928,0,1,1,2021,19,2.158417903402701
2021-01-20,33,1.25,0.8022233712512928,0,2,1,2021,20,2.3451083561244466
2021-01-21,33,0.75,0.8022233712512928,0,3,1,2021,21,1.7228068470519635
2021-01-22,33,0.35,0.8022233712512928,0,4,1,2021,22,1.2249656397939774
2021-01-23,33,0.35,0.8022233712512928,0,5,1,2021,23,1.2249656397939774
2021-01-24,33,0.7,0.8022233712512928,0,6,1,2021,24,1.6605766961447153
2021-01-25,33,0.65,0.8022233712512928,0,0,1,2021,25,1.598346545237467
2021-01-26,33,1.2,0.8022233712512928,0,1,1,2021,26,2.2828782052171976
2021-01-27,33,1.15,0.8022233712512928,0,2,1,2021,27,2.2206480543099496
2021-01-28,33,0.9,0.8022233712512928,0,3,1,2021,28,1.9094972997737085
2021-01-29,33,0.75,0.8022233712512928,0,4,1,2021,29,1.7228068470519635
2021-01-30,33,0.55,0.8022233712512928,0,5,1,2021,30,1.4738862434229707
2021-01-31,33,0.4,0.8022233712512928,0,6,1,2021,31,1.2871957907012257
2021-02-01,33,1.1,0.8022233712512928,0,0,2,2021,1,2.158417903402701
2021-02-02,33,1.3,0.8022233712512928,0,1,2,2021,2,2.4073385070316946
2021-02-04,33,1.15,0.8022233712512928,0,3,2,2021,4,2.2206480543099496
2021-02-05,33,1.0,0.8022233712512928,0,4,2,2021,5,2.033957601588205
2021-02-06,33,1.5,0.3386763185108584,1,5,2,2021,6,1.9343893601366076
2021-02-07,33,0.45,0.8022233712512928,0,6,2,2021,7,1.349425941608474
2021-02-08,33,0.95,0.8022233712512928,0,0,2,2021,8,1.9717274506809566
2021-02-09,33,1.35,0.8022233712512928,0,1,2,2021,9,2.469568657938942
2021-02-10,33,1.5,0.8022233712512928,0,2,2,2021,10,2.6562591106606877
2021-02-11,33,1.2,0.8022233712512928,0,3,2,2021,11,2.2828782052171976
2021-02-12,33,1.05,0.8022233712512928,0,4,2,2021,12,2.096187752495453
2021-02-13,33,0.5,0.8022233712512928,0,5,2,2021,13,1.4116560925157222
2021-02-14,33,0.35,0.8022233712512928,0,6,2,2021,14,1.2249656397939774
2021-02-15,33,1.05,0.8022233712512928,0,0,2,2021,15,2.096187752495453
2021-02-16,33,1.3,0.8022233712512928,0,1,2,2021,16,2.4073385070316946
2021-02-17,33,1.25,0.8022233712512928,0,2,2,2021,17,2.3451083561244466
2021-02-18,33,1.1,0.8022233712512928,0,3,2,2021,18,2.158417903402701
2021-02-19,33,0.75,0.8022233712512928,0,4,2,2021,19,1.7228068470519635
2021-02-20,33,0.75,0.8022233712512928,0,5,2,2021,20,1.7228068470519635
2021-02-21,33,0.45,0.8022233712512928,0,6,2,2021,21,1.349425941608474
2021-02-22,33,1.1,0.8022233712512928,0,0,2,2021,22,2.158417903402701
2021-02-24,33,1.5,0.8022233712512928,0,2,2,2021,24,2.6562591106606877
2021-02-25,33,1.25,0.8022233712512928,0,3,2,2021,25,2.3451083561244466
2021-02-26,33,0.95,0.8022233712512928,0,4,2,2021,26,1.9717274506809566
2021-02-27,33,0.65,0.8022233712512928,0,5,2,2021,27,1.598346545237467
2021-02-28,33,0.9,0.8022233712512928,0,6,2,2021,28,1.9094972997737085
2021-03-01,33,1.05,0.8022233712512928,0,0,3,2021,1,2.096187752495453
2021-03-02,33,1.6,0.8022233712512928,0,1,3,2021,2,2.7807194124751837
2021-03-03,33,1.7,0.8022233712512928,0,2,3,2021,3,2.9051797142896802
2021-03-04,33,1.25,0.8022233712512928,0,3,3,2021,4,2.3451083561244466
2021-03-05,33,0.85,0.8022233712512928,0,4,3,2021,5,1.8472671488664603
2021-03-06,33,1.65,0.3386763185108584,1,5,3,2021,6,2.083741722314003
2021-03-07,33,0.55,0.8022233712512928,0,6,3,2021,7,1.4738862434229707
2021-03-08,33,1.05,0.8022233712512928,0,0,3,2021,8,2.096187752495453
2021-03-09,33,1.75,0.8022233712512928,0,1,3,2021,9,2.9674098651969287
2021-03-10,33,1.8,0.8022233712512928,0,2,3,2021,10,3.0296400161041768
2021-03-11,33,1.25,0.8022233712512928,0,3,3,2021,11,2.3451083561244466
2021-03-12,33,0.9,0.8022233712512928,0,4,3,2021,12,1.9094972997737085
2021-03-13,33,0.8,0.8022233712512928,0,5,3,2021,13,1.7850369979592118
2021-03-14,33,0.8,0.8022233712512928,0,6,3,2021,14,1.7850369979592118
2021-03-15,33,1.25,0.8022233712512928,0,0,3,2021,15,2.3451083561244466
2021-03-16,33,1.65,0.8022233712512928,0,1,3,2021,16,2.842949563382432
2021-03-19,33,0.75,0.8022233712512928,0,4,3,2021,19,1.7228068470519635
2021-03-20,33,0.75,0.8022233712512928,0,5,3,2021,20,1.7228068470519635
2021-03-21,33,0.75,0.8022233712512928,0,6,3,2021,21,1.7228068470519635
2021-03-22,33,0.9,0.8022233712512928,0,0,3,2021,22,1.9094972997737085
2021-03-23,33,1.5,0.8022233712512928,0,1,3,2021,23,2.6562591106606877
2021-03-24,33,1.8,0.8022233712512928,0,2,3,2021,24,3.0296400161041768
2021-03-25,33,1.1,0.8022233712512928,0,3,3,2021,25,2.158417903402701
2021-03-26,33,0.8,0.8022233712512928,0,4,3,2021,26,1.7850369979592118
2021-03-27,33,0.7,0.8022233712512928,0,5,3,2021,27,1.6605766961447153
2021-03-28,33,1.0,0.8022233712512928,0,6,3,2021,28,2.033957601588205
2021-03-29,33,1.35,0.8022233712512928,0,0,3,2021,29,2.469568657938942
2021-03-30,33,1.8,0.8022233712512928,0,1,3,2021,30,3.0296400161041768
2021-03-31,33,1.7,0.8022233712512928,0,2,3,2021,31,2.9051797142896802
2021-04-01,33,1.35,0.8022233712512928,0,3,4,2021,1,2.469568657938942
2021-04-02,33,1.1,0.8022233712512928,0,4,4,2021,2,2.158417903402701
2021-04-03,33,0.55,0.8022233712512928,0,5,4,2021,3,1.4738862434229707
2021-04-04,33,0.65,0.8022233712512928,0,6,4,2021,4,1.598346545237467
2021-04-05,33,1.0,0.8022233712512928,0,0,4,2021,5,2.033957601588205
2021-04-06,33,1.75,0.8022233712512928,0,1,4,2021,6,2.9674098651969287
2021-04-07,33,1.55,0.8022233712512928,0,2,4,2021,7,2.7184892615679357
2021-04-09,33,1.0,0.8022233712512928,0,4,4,2021,9,2.033957601588205
2021-04-10,33,0.85,0.8022233712512928,0,5,4,2021,10,1.8472671488664603
2021-04-11,33,0.6,0.8022233712512928,0,6,4,2021,11,1.5361163943302185
2021-04-12,33,1.1,0.8022233712512928,0,0,4,2021,12,2.158417903402701
2021-04-13,33,1.65,0.8022233712512928,0,1,4,2021,13,2.842949563382432
2021-04-14,33,1.6,0.8022233712512928,0,2,4,2021,14,2.7807194124751837
2021-04-15,33,1.0,0.8022233712512928,0,3,4,2021,15,2.033957601588205
2021-04-16,33,0.75,0.8022233712512928,0,4,4,2021,16,1.7228068470519635
2021-04-17,33,0.5,0.8022233712512928,0,5,4,2021,17,1.4116560925157222
2021-04-18,33,0.6,0.8022233712512928,0,6,4,2021,18,1.5361163943302185
2021-04-19,33,1.25,0.8022233712512928,0,0,4,2021,19,2.3451083561244466
2021-04-20,33,1.6,0.8022233712512928,0,1,4,2021,20,2.7807194124751837
2021-04-21,33,1.7,0.8022233712512928,0,2,4,2021,21,2.9051797142896802
2021-04-22,33,1.65,0.8022233712512928,0,3,4,2021,22,2.842949563382432
2021-04-23,33,1.1,0.8022233712512928,0,4,4,2021,23,2.158417903402701
2021-04-24,33,0.75,0.8022233712512928,0,5,4,2021,24,1.7228068470519635
2021-04-25,33,0.5,0.8022233712512928,0,6,4,2021,25,1.4116560925157222
2021-04-26,33,1.15,0.8022233712512928,0,0,4,2021,26,2.2206480543099496
2021-04-27,33,1.55,0.8022233712512928,0,1,4,2021,27,2.7184892615679357
2021-04-28,33,1.55,0.8022233712512928,0,2,4,2021,28,2.7184892615679357
2021-04-30,33,0.9,0.8022233712512928,0,4,4,2021,30,1.9094972997737085
2021-05-01,33,0.45,0.8022233712512928,0,5,5,2021,1,1.349425941608474
2021-05-02,33,0.55,0.8022233712512928,0,6,5,2021,2,1.4738862434229707
2021-05-03,33,1.45,0.8022233712512928,0,0,5,2021,3,2.594028959753439
2021-05-04,33,1.45,0.8022233712512928,0,1,5,2021,4,2.594028959753439
2021-05-05,33,1.25,0.8022233712512928,0,2,5,2021,5,2.3451083561244466
2021-05-07,33,0.6,0.8022233712512928,0,4,5,2021,7,1.5361163943302185
2021-05-08,33,0.75,0.8022233712512928,0,5,5,2021,8,1.7228068470519635
2021-05-09,33,0.4,0.8022233712512928,0,6,5,2021,9,1.2871957907012257
2021-05-10,33,0.85,0.8022233712512928,0,0,5,2021,10,1.8472671488664603
2021-05-11,33,1.45,0.8022233712512928,0,1,5,2021,11,2.594028959753439
2021-05-12,33,1.7,0.8022233712512928,0,2,5,2021,12,2.9051797142896802
2021-05-13,33,1.25,0.8022233712512928,0,3,5,2021,13,2.3451083561244466
2021-05-14,33,0.65,0.8022233712512928,0,4,5,2021,14,1.598346545237467
2021-05-15,33,0.6,0.8022233712512928,0,5,5,2021,15,1.5361163943302185
2021-05-16,33,0.6,0.8022233712512928,0,6,5,2021,16,1.5361163943302185
2021-05-17,33,1.2,0.8022233712512928,0,0,5,2021,17,2.2828782052171976
2021-05-18,33,1.5,0.8022233712512928,0,1,5,2021,18,2.6562591106606877
2021-05-19,33,1.4,0.8022233712512928,0,2,5,2021,19,2.531798808846191
2021-05-20,33,1.35,0.8022233712512928,0,3,5,2021,20,2.469568657938942
2021-05-21,33,0.85,0.8022233712512928,0,4,5,2021,21,1.8472671488664603
2021-05-22,33,0.75,0.8022233712512928,0,5,5,2021,22,1.7228068470519635
2021-05-23,33,0.7,0.8022233712512928,0,6,5,2021,23,1.6605766961447153
2021-05-24,33,1.05,0.8022233712512928,0,0,5,2021,24,2.096187752495453
2021-05-25,33,1.55,0.8022233712512928,0,1,5,2021,25,2.7184892615679357
2021-05-27,33,1.05,0.8022233712512928,0,3,5,2021,27,2.096187752495453
2021-05-28,33,0.75,0.8022233712512928,0,4,5,2021,28,1.7228068470519635
2021-05-29,33,0.4,0.8022233712512928,0,5,5,2021,29,1.2871957907012257
2021-05-30,33,0.65,0.8022233712512928,0,6,5,2021,30,1.598346545237467
2021-05-31,33,0.9,0.8022233712512928,0,0,5,2021,31,1.9094972997737085
2021-06-01,33,1.35,0.8022233712512928,0,1,6,2021,1,2.469568657938942
2021-06-02,33,1.15,0.8022233712512928,0,2,6,2021,2,2.2206480543099496
2021-06-03,33,1.15,0.8022233712512928,0,3,6,2021,3,2.2206480543099496
2021-06-04,33,0.5,0.8022233712512928,0,4,6,2021,4,1.4116560925157222
2021-06-05,33,0.55,0.8022233712512928,0,5,6,2021,5,1.4738862434229707
2021-06-06,33,0.65,0.8022233712512928,0,6,6,2021,6,1.598346545237467
2021-06-07,33,0.9,0.8022233712512928,0,0,6,2021,7,1.9094972997737085
2021-06-08,33,1.25,0.8022233712512928,0,1,6,2021,8,2.3451083561244466
2021-06-09,33,1.25,0.8022233712512928,0,2,6,2021,9,2.3451083561244466
2021-06-10,33,0.95,0.8022233712512928,0,3,6,2021,10,1.9717274506809566
2021-06-11,33,0.6,0.8022233712512928,0,4,6,2021,11,1.5361163943302185
2021-06-12,33,0.65,0.8022233712512928,0,5,6,2021,12,1.598346545237467
2021-06-13,33,0.5,0.8022233712512928,0,6,6,2021,13,1.4116560925157222
2021-06-14,33,0.6,0.8022233712512928,0,0,6,2021,14,1.5361163943302185
2021-06-15,33,0.85,0.8022233712512928,0,1,6,2021,15,1.8472671488664603
2021-06-16,33,0.95,0.8022233712512928,0,2,6,2021,16,1.9717274506809566
2021-06-17,33,0.9,0.8022233712512928,0,3,6,2021,17,1.9094972997737085
2021-06-18,33,1.75,0.3386763185108584,1,4,6,2021,18,2.1833099637656
2021-06-19,33,0.15,0.8022233712512928,0,5,6,2021,19,0.9760450361649844
2021-06-20,33,0.6,0.8022233712512928,0,6,6,2021,20,1.5361163943302185
2021-06-21,33,0.75,0.8022233712512928,0,0,6,2021,21,1.7228068470519635
2021-06-22,33,1.1,0.8022233712512928,0,1,6,2021,22,2.158417903402701
2021-06-23,33,1.2,0.8022233712512928,0,2,6,2021,23,2.2828782052171976
2021-06-24,33,0.95,0.8022233712512928,0,3,6,2021,24,1.9717274506809566
2021-06-25,33,0.45,0.8022233712512928,0,4,6,2021,25,1.349425941608474
2021-06-26,33,-0.1,0.8022233712512928,0,5,6,2021,26,0.6648942816287431
2021-06-27,33,0.25,0.8022233712512928,0,6,6,2021,27,1.100505337979481
2021-06-28,33,0.5,0.8022233712512928,0,0,6,2021,28,1.4116560925157222
2021-06-29,33,1.0,0.8022233712512928,0,1,6,2021,29,2.033957601588205
2021-06-30,33,1.05,0.8022233712512928,0,2,6,2021,30,2.096187752495453
2021-07-01,33,0.75,0.8022233712512928,0,3,7,2021,1,1.7228068470519635
2021-07-02,33,1.6,0.3386763185108584,1,4,7,2021,2,2.0339576015882046
2021-07-03,33,0.1,0.8022233712512928,0,5,7,2021,3,0.913814885257736
2021-07-04,33,-0.05,0.8022233712512928,0,6,7,2021,4,0.7271244325359915
2021-07-05,33,1.6,0.3386763185108584,1,0,7,2021,5,2.0339576015882046
2021-07-06,33,1.05,0.8022233712512928,0,1,7,2021,6,2.096187752495453
2021-07-07,33,1.0,0.8022233712512928,0,2,7,2021,7,2.033957601588205
2021-07-08,33,1.7,0.3386763185108584,1,3,7,2021,8,2.133525843039802
2021-07-09,33,0.4,0.8022233712512928,0,4,7,2021,9,1.2871957907012257
2021-07-10,33,0.45,0.8022233712512928,0,5,7,2021,10,1.349425941608474
2021-07-11,33,0.1,0.8022233712512928,0,6,7,2021,11,0.913814885257736
2021-07-12,33,0.5,0.8022233712512928,0,0,7,2021,12,1.4116560925157222
2021-07-13,33,0.9,0.8022233712512928,0,1,7,2021,13,1.9094972997737085
2021-07-14,33,0.9,0.8022233712512928,0,2,7,2021,14,1.9094972997737085
2021-07-15,33,0.6,0.8022233712512928,0,3,7,2021,15,1.5361163943302185
2021-07-16,33,0.25,0.8022233712512928,0,4,7,2021,16,1.100505337979481
2021-07-17,33,0.05,0.8022233712512928,0,5,7,2021,17,0.8515847343504881
2021-07-18,33,0.25,0.8022233712512928,0,6,7,2021,18,1.100505337979481
2021-07-19,33,1.45,0.3386763185108584,1,0,7,2021,19,1.8846052394108088
2021-07-20,33,1.05,0.8022233712512928,0,1,7,2021,20,2.096187752495453
2021-07-21,33,0.55,0.8022233712512928,0,2,7,2021,21,1.4738862434229707
2021-07-22,33,0.85,0.8022233712512928,0,3,7,2021,22,1.8472671488664603
2021-07-23,33,1.05,0.3386763185108584,1,4,7,2021,23,1.4863322736044198
2021-07-24,33,0.05,0.8022233712512928,0,5,7,2021,24,0.8515847343504881
2021-07-25,33,0.25,0.8022233712512928,0,6,7,2021,25,1.100505337979481
2021-07-26,33,0.5,0.8022233712512928,0,0,7,2021,26,1.4116560925157222
2021-07-27,33,0.8,0.8022233712512928,0,1,7,2021,27,1.7850369979592118
2021-07-28,33,0.9,0.8022233712512928,0,2,7,2021,28,1.9094972997737085
2021-07-29,33,0.5,0.8022233712512928,0,3,7,2021,29,1.4116560925157222
2021-07-30,33,1.2,0.3386763185108584,1,4,7,2021,30,1.6356846357818158
2021-07-31,33,-0.1,0.8022233712512928,0,5,7,2021,31,0.6648942816287431
2021-08-01,33,0.0,0.8022233712512928,0,6,8,2021,1,0.7893545834432397
2021-08-02,33,0.3,0.8022233712512928,0,0,8,2021,2,1.1627354888867294
2021-08-03,33,0.5,0.8022233712512928,0,1,8,2021,3,1.4116560925157222
2021-08-04,33,0.65,0.8022233712512928,0,2,8,2021,4,1.598346545237467
2021-08-05,33,0.55,0.8022233712512928,0,3,8,2021,5,1.4738862434229707
2021-08-06,33,0.25,0.8022233712512928,0,4,8,2021,6,1.100505337979481
2021-08-07,33,-0.15,0.8022233712512928,0,5,8,2021,7,0.6026641307214948
2021-08-08,33,-0.1,0.8022233712512928,0,6,8,2021,8,0.6648942816287431
2021-08-09,33,0.1,0.8022233712512928,0,0,8,2021,9,0.913814885257736
2021-08-10,33,0.5,0.8022233712512928,0,1,8,2021,10,1.4116560925157222
2021-08-11,33,0.3,0.8022233712512928,0,2,8,2021,11,1.1627354888867294
2021-08-12,33,0.25,0.8022233712512928,0,3,8,2021,12,1.100505337979481
2021-08-13,33,0.0,0.8022233712512928,0,4,8,2021,13,0.7893545834432397
2021-08-14,33,0.05,0.8022233712512928,0,5,8,2021,14,0.8515847343504881
2021-08-15,33,0.6,0.3386763185108584,1,6,8,2021,15,1.0382751870722327
2021-08-16,33,0.35,0.8022233712512928,0,0,8,2021,16,1.2249656397939774
2021-08-17,33,1.4,0.3386763185108584,1,1,8,2021,17,1.83482111868501
2021-08-18,33,0.4,0.8022233712512928,0,2,8,2021,18,1.2871957907012257
2021-08-19,33,0.25,0.8022233712512928,0,3,8,2021,19,1.100505337979481
2021-08-20,33,-0.15,0.8022233712512928,0,4,8,2021,20,0.6026641307214948
2021-08-21,33,0.2,0.8022233712512928,0,5,8,2021,21,1.0382751870722327
2021-08-22,33,0.1,0.8022233712512928,0,6,8,2021,22,0.913814885257736
2021-08-23,33,0.25,0.8022233712512928,0,0,8,2021,23,1.100505337979481
2021-08-24,33,0.2,0.8022233712512928,0,1,8,2021,24,1.0382751870722327
2021-08-25,33,0.35,0.8022233712512928,0,2,8,2021,25,1.2249656397939774
2021-08-26,33,0.1,0.8022233712512928,0,3,8,2021,26,0.913814885257736
