data-science/data/preprocessed_model_dataset.csv
date,item_id,sales,price,promo,weekday,month,year,day,revenue
2021-08-27,33,0.0,0.8022233712512928,0,4,8,2021,27,0.7893545834432397
2021-08-28,33,-0.3,0.8022233712512928,0,5,8,2021,28,0.41597367799975016
2021-08-29,33,-0.2,0.8022233712512928,0,6,8,2021,29,0.5404339798142468
2021-08-30,33,-0.05,0.8022233712512928,0,0,8,2021,30,0.7271244325359915
2021-08-31,33,0.3,0.8022233712512928,0,1,8,2021,31,1.1627354888867294
2021-09-01,33,0.4,0.8022233712512928,0,2,9,2021,1,1.2871957907012257
2021-09-02,33,0.2,0.8022233712512928,0,3,9,2021,2,1.0382751870722327
2021-09-03,33,0.2,0.8022233712512928,0,4,9,2021,3,1.0382751870722327
2021-09-04,33,-0.1,0.8022233712512928,0,5,9,2021,4,0.6648942816287431
2021-09-05,33,-0.25,0.8022233712512928,0,6,9,2021,5,0.4782038289069985
2021-09-06,33,0.15,0.8022233712512928,0,0,9,2021,6,0.9760450361649844
2021-09-07,33,0.2,0.8022233712512928,0,1,9,2021,7,1.0382751870722327
2021-09-08,33,0.3,0.8022233712512928,0,2,9,2021,8,1.1627354888867294
2021-09-09,33,0.25,0.8022233712512928,0,3,9,2021,9,1.100505337979481
2021-09-10,33,0.05,0.8022233712512928,0,4,9,2021,10,0.8515847343504881
2021-09-11,33,0.25,0.3386763185108584,1,5,9,2021,11,0.6897863419916422
2021-09-12,33,-0.35,0.8022233712512928,0,6,9,2021,12,0.35374352709250184
2021-09-13,33,0.05,0.8022233712512928,0,0,9,2021,13,0.8515847343504881
2021-09-14,33,0.35,0.8022233712512928,0,1,9,2021,14,1.2249656397939774
2021-09-15,33,0.25,0.8022233712512928,0,2,9,2021,15,1.100505337979481
2021-09-16,33,0.3,0.8022233712512928,0,3,9,2021,16,1.1627354888867294
2021-09-17,33,0.0,0.8022233712512928,0,4,9,2021,17,0.7893545834432397
2021-09-18,33,-0.35,0.8022233712512928,0,5,9,2021,18,0.35374352709250184
2021-09-19,33,0.0,0.8022233712512928,0,6,9,2021,19,0.7893545834432397
2021-09-20,33,0.2,0.8022233712512928,0,0,9,2021,20,1.0382751870722327
2021-09-21,33,0.55,0.8022233712512928,0,1,9,2021,21,1.4738862434229707
2021-09-22,33,1.4,0.3386763185108584,1,2,9,2021,22,1.83482111868501
2021-09-23,33,0.0,0.8022233712512928,0,3,9,2021,23,0.7893545834432397
2021-09-24,33,0.05,0.8022233712512928,0,4,9,2021,24,0.8515847343504881
2021-09-25,33,-0.1,0.8022233712512928,0,5,9,2021,25,0.6648942816287431
2021-09-26,33,-0.25,0.8022233712512928,0,6,9,2021,26,0.4782038289069985
2021-09-27,33,0.1,0.8022233712512928,0,0,9,2021,27,0.913814885257736
2021-09-28,33,-0.05,0.8022233712512928,0,1,9,2021,28,0.7271244325359915
2021-09-29,33,0.0,0.8022233712512928,0,2,9,2021,29,0.7893545834432397
2021-09-30,33,-0.1,0.8022233712512928,0,3,9,2021,30,0.6648942816287431
2021-10-01,33,0.6,0.3386763185108584,1,4,10,2021,1,1.0382751870722327
2021-10-02,33,-0.2,0.8022233712512928,0,5,10,2021,2,0.5404339798142468
2021-10-03,33,-0.25,0.8022233712512928,0,6,10,2021,3,0.4782038289069985
2021-10-04,33,0.3,0.8022233712512928,0,0,10,2021,4,1.1627354888867294
2021-10-05,33,0.4,0.8022233712512928,0,1,10,2021,5,1.2871957907012257
2021-10-06,33,0.05,0.8022233712512928,0,2,10,2021,6,0.8515847343504881
2021-10-07,33,0.9,0.3386763185108584,1,3,10,2021,7,1.3369799114270242
2021-10-08,33,-0.25,0.8022233712512928,0,4,10,2021,8,0.4782038289069985
2021-10-09,33,-0.2,0.8022233712512928,0,5,10,2021,9,0.5404339798142468
2021-10-10,33,-0.2,0.8022233712512928,0,6,10,2021,10,0.5404339798142468
2021-10-11,33,-0.1,0.8022233712512928,0,0,10,2021,11,0.6648942816287431
2021-10-12,33,0.5,0.8022233712512928,0,1,10,2021,12,1.4116560925157222
2021-10-13,33,1.2,0.3386763185108584,1,2,10,2021,13,1.6356846357818158
2021-10-14,33,0.1,0.8022233712512928,0,3,10,2021,14,0.913814885257736
2021-10-15,33,-0.1,0.8022233712512928,0,4,10,2021,15,0.6648942816287431
2021-10-16,33,0.0,0.8022233712512928,0,5,10,2021,16,0.7893545834432397
2021-10-17,33,-0.05,0.8022233712512928,0,6,10,2021,17,0.7271244325359915
2021-10-18,33,0.05,0.8022233712512928,0,0,10,2021,18,0.8515847343504881
2021-10-19,33,0.15,0.8022233712512928,0,1,10,2021,19,0.9760450361649844
2021-10-20,33,0.2,0.8022233712512928,0,2,10,2021,20,1.0382751870722327
2021-10-21,33,0.1,0.8022233712512928,0,3,10,2021,21,0.913814885257736
2021-10-22,33,0.0,0.8022233712512928,0,4,10,2021,22,0.7893545834432397
2021-10-23,33,-0.1,0.8022233712512928,0,5,10,2021,23,0.6648942816287431
2021-10-24,33,-0.25,0.8022233712512928,0,6,10,2021,24,0.4782038289069985
2021-10-25,33,0.2,0.8022233712512928,0,0,10,2021,25,1.0382751870722327
2021-10-26,33,1.05,0.3386763185108584,1,1,10,2021,26,1.4863322736044198
2021-10-27,33,0.3,0.8022233712512928,0,2,10,2021,27,1.1627354888867294
2021-10-28,33,0.0,0.8022233712512928,0,3,10,2021,28,0.7893545834432397
2021-10-29,33,-0.25,0.8022233712512928,0,4,10,2021,29,0.4782038289069985
2021-10-30,33,-0.3,0.8022233712512928,0,5,10,2021,30,0.41597367799975016
2021-10-31,33,-0.15,0.8022233712512928,0,6,10,2021,31,0.6026641307214948
2021-11-01,33,-0.05,0.8022233712512928,0,0,11,2021,1,0.7271244325359915
2021-11-02,33,0.6,0.8022233712512928,0,1,11,2021,2,1.5361163943302185
2021-11-03,33,0.3,0.8022233712512928,0,2,11,2021,3,1.1627354888867294
2021-11-04,33,0.3,0.8022233712512928,0,3,11,2021,4,1.1627354888867294
2021-11-05,33,0.2,0.8022233712512928,0,4,11,2021,5,1.0382751870722327
2021-11-06,33,-0.15,0.8022233712512928,0,5,11,2021,6,0.6026641307214948
2021-11-07,33,-0.15,0.8022233712512928,0,6,11,2021,7,0.6026641307214948
2021-11-08,33,0.2,0.8022233712512928,0,0,11,2021,8,1.0382751870722327
2021-11-09,33,0.35,0.8022233712512928,0,1,11,2021,9,1.2249656397939774
2021-11-10,33,0.35,0.8022233712512928,0,2,11,2021,10,1.2249656397939774
2021-11-11,33,0.4,0.8022233712512928,0,3,11,2021,11,1.2871957907012257
2021-11-12,33,-0.05,0.8022233712512928,0,4,11,2021,12,0.7271244325359915
2021-11-13,33,0.05,0.8022233712512928,0,5,11,2021,13,0.8515847343504881
2021-11-14,33,0.05,0.8022233712512928,0,6,11,2021,14,0.8515847343504881
2021-11-15,33,0.25,0.8022233712512928,0,0,11,2021,15,1.100505337979481
2021-11-16,33,0.6,0.8022233712512928,0,1,11,2021,16,1.5361163943302185
2021-11-17,33,0.45,0.8022233712512928,0,2,11,2021,17,1.349425941608474
2021-11-18,33,0.5,0.8022233712512928,0,3,11,2021,18,1.4116560925157222
2021-11-19,33,0.2,0.8022233712512928,0,4,11,2021,19,1.0382751870722327
2021-11-20,33,-0.1,0.8022233712512928,0,5,11,2021,20,0.6648942816287431
2021-11-21,33,-0.05,0.8022233712512928,0,6,11,2021,21,0.7271244325359915
2021-11-22,33,0.3,0.8022233712512928,0,0,11,2021,22,1.1627354888867294
2021-11-23,33,0.85,0.8022233712512928,0,1,11,2021,23,1.8472671488664603
2021-11-24,33,0.6,0.8022233712512928,0,2,11,2021,24,1.5361163943302185
2021-11-25,33,0.4,0.8022233712512928,0,3,11,2021,25,1.2871957907012257
2021-11-26,33,0.35,0.8022233712512928,0,4,11,2021,26,1.2249656397939774
2021-11-27,33,0.0,0.8022233712512928,0,5,11,2021,27,0.7893545834432397
2021-11-28,33,0.2,0.8022233712512928,0,6,11,2021,28,1.0382751870722327
2021-11-29,33,0.55,0.8022233712512928,0,0,11,2021,29,1.4738862434229707
2021-11-30,33,0.35,0.8022233712512928,0,1,11,2021,30,1.2249656397939774
2021-12-01,33,0.7,0.8022233712512928,0,2,12,2021,1,1.6605766961447153
2021-12-02,33,0.5,0.8022233712512928,0,3,12,2021,2,1.4116560925157222
2021-12-03,33,0.9,0.3386763185108584,1,4,12,2021,3,1.3369799114270242
2021-12-04,33,-0.25,0.8022233712512928,0,5,12,2021,4,0.4782038289069985
2021-12-05,33,-0.15,0.8022233712512928,0,6,12,2021,5,0.6026641307214948
2021-12-06,33,0.4,0.8022233712512928,0,0,12,2021,6,1.2871957907012257
2021-12-07,33,1.65,0.3386763185108584,1,1,12,2021,7,2.083741722314003
2021-12-08,33,0.65,0.8022233712512928,0,2,12,2021,8,1.598346545237467
2021-12-09,33,0.6,0.8022233712512928,0,3,12,2021,9,1.5361163943302185
2021-12-10,33,0.2,0.8022233712512928,0,4,12,2021,10,1.0382751870722327
2021-12-11,33,0.3,0.8022233712512928,0,5,12,2021,11,1.1627354888867294
2021-12-12,33,0.1,0.8022233712512928,0,6,12,2021,12,0.913814885257736
2021-12-13,33,1.65,0.3386763185108584,1,0,12,2021,13,2.083741722314003
2021-12-14,33,0.75,0.8022233712512928,0,1,12,2021,14,1.7228068470519635
2021-12-15,33,0.75,0.8022233712512928,0,2,12,2021,15,1.7228068470519635
2021-12-16,33,0.55,0.8022233712512928,0,3,12,2021,16,1.4738862434229707
2021-12-17,33,0.55,0.8022233712512928,0,4,12,2021,17,1.4738862434229707
2021-12-18,33,0.25,0.8022233712512928,0,5,12,2021,18,1.100505337979481
2021-12-19,33,0.1,0.8022233712512928,0,6,12,2021,19,0.913814885257736
2021-12-20,33,0.55,0.8022233712512928,0,0,12,2021,20,1.4738862434229707
2021-12-21,33,1.65,0.3386763185108584,1,1,12,2021,21,2.083741722314003
2021-12-22,33,0.75,0.8022233712512928,0,2,12,2021,22,1.7228068470519635
2021-12-23,33,0.65,0.8022233712512928,0,3,12,2021,23,1.598346545237467
2021-12-24,33,0.3,0.8022233712512928,0,4,12,2021,24,1.1627354888867294
2021-12-25,33,0.4,0.8022233712512928,0,5,12,2021,25,1.2871957907012257
2021-12-26,33,0.0,0.8022233712512928,0,6,12,2021,26,0.7893545834432397
2021-12-27,33,1.4,0.3386763185108584,1,0,12,2021,27,1.83482111868501
2021-12-28,33,1.0,0.8022233712512928,0,1,12,2021,28,2.033957601588205
2021-12-29,33,1.1,0.8022233712512928,0,2,12,2021,29,2.158417903402701
2021-12-30,33,0.8,0.8022233712512928,0,3,12,2021,30,1.7850369979592118
2021-12-31,33,0.8,0.8022233712512928,0,4,12,2021,31,1.7850369979592118
2022-01-01,33,0.35,0.8022233712512928,0,5,1,2022,1,1.2249656397939774
2022-01-02,33,0.55,0.8022233712512928,0,6,1,2022,2,1.4738862434229707
2022-01-03,33,1.75,0.3386763185108584,1,0,1,2022,3,2.1833099637656
2022-01-04,33,0.95,0.8022233712512928,0,1,1,2022,4,1.9717274506809566
2022-01-05,33,1.05,0.8022233712512928,0,2,1,2022,5,2.096187752495453
2022-01-06,33,1.05,0.8022233712512928,0,3,1,2022,6,2.096187752495453
2022-01-07,33,0.65,0.8022233712512928,0,4,1,2022,7,1.598346545237467
2022-01-08,33,0.3,0.8022233712512928,0,5,1,2022,8,1.1627354888867294
2022-01-09,33,0.5,0.8022233712512928,0,6,1,2022,9,1.4116560925157222
2022-01-10,33,0.9,0.8022233712512928,0,0,1,2022,10,1.9094972997737085
2022-01-11,33,1.05,0.8022233712512928,0,1,1,2022,11,2.096187752495453
2022-01-12,33,1.15,0.8022233712512928,0,2,1,2022,12,2.2206480543099496
2022-01-13,33,1.05,0.8022233712512928,0,3,1,2022,13,2.096187752495453
2022-01-14,33,0.35,0.8022233712512928,0,4,1,2022,14,1.2249656397939774
2022-01-15,33,0.45,0.8022233712512928,0,5,1,2022,15,1.349425941608474
2022-01-16,33,0.3,0.8022233712512928,0,6,1,2022,16,1.1627354888867294
2022-01-17,33,1.0,0.8022233712512928,0,0,1,2022,17,2.033957601588205
2022-01-18,33,1.55,0.8022233712512928,0,1,1,2022,18,2.7184892615679357
2022-01-19,33,1.2,0.8022233712512928,0,2,1,2022,19,2.2828782052171976
2022-01-20,33,0.9,0.8022233712512928,0,3,1,2022,20,1.9094972997737085
2022-01-21,33,0.65,0.8022233712512928,0,4,1,2022,21,1.598346545237467
2022-01-22,33,0.4,0.8022233712512928,0,5,1,2022,22,1.2871957907012257
2022-01-23,33,0.65,0.8022233712512928,0,6,1,2022,23,1.598346545237467
2022-01-24,33,0.95,0.8022233712512928,0,0,1,2022,24,1.9717274506809566
2022-01-25,33,1.25,0.8022233712512928,0,1,1,2022,25,2.3451083561244466
2022-01-26,33,1.4,0.8022233712512928,0,2,1,2022,26,2.531798808846191
2022-01-27,33,1.0,0.8022233712512928,0,3,1,2022,27,2.033957601588205
2022-01-28,33,0.9,0.8022233712512928,0,4,1,2022,28,1.9094972997737085
2022-01-29,33,0.75,0.8022233712512928,0,5,1,2022,29,1.7228068470519635
2022-01-30,33,0.45,0.8022233712512928,0,6,1,2022,30,1.349425941608474
2022-01-31,33,0.75,0.8022233712512928,0,0,1,2022,31,1.7228068470519635
2022-02-01,33,1.3,0.8022233712512928,0,1,2,2022,1,2.4073385070316946
2022-02-03,33,1.05,0.8022233712512928,0,3,2,2022,3,2.096187752495453
2022-02-04,33,0.6,0.8022233712512928,0,4,2,2022,4,1.5361163943302185
2022-02-05,33,0.55,0.8022233712512928,0,5,2,2022,5,1.4738862434229707
2022-02-06,33,0.6,0.8022233712512928,0,6,2,2022,6,1.5361163943302185
2022-02-07,33,1.1,0.8022233712512928,0,0,2,2022,7,2.158417903402701
2022-02-08,33,1.35,0.8022233712512928,0,1,2,2022,8,2.469568657938942
2022-02-09,33,1.35,0.8022233712512928,0,2,2,2022,9,2.469568657938942
2022-02-10,33,1.3,0.8022233712512928,0,3,2,2022,10,2.4073385070316946
2022-02-11,33,0.7,0.8022233712512928,0,4,2,2022,11,1.6605766961447153
2022-02-12,33,0.7,0.8022233712512928,0,5,2,2022,12,1.6605766961447153
2022-02-13,33,0.45,0.8022233712512928,0,6,2,2022,13,1.349425941608474
2022-02-14,33,0.8,0.8022233712512928,0,0,2,2022,14,1.7850369979592118
2022-02-15,33,1.25,0.8022233712512928,0,1,2,2022,15,2.3451083561244466
2022-02-16,33,1.55,0.8022233712512928,0,2,2,2022,16,2.7184892615679357
2022-02-17,33,1.3,0.8022233712512928,0,3,2,2022,17,2.4073385070316946
2022-02-18,33,0.95,0.8022233712512928,0,4,2,2022,18,1.9717274506809566
2022-02-19,33,0.55,0.8022233712512928,0,5,2,2022,19,1.4738862434229707
2022-02-20,33,0.65,0.8022233712512928,0,6,2,2022,20,1.598346545237467
2022-02-21,33,1.4,0.8022233712512928,0,0,2,2022,21,2.531798808846191
2022-02-22,33,1.75,0.8022233712512928,0,1,2,2022,22,2.9674098651969287
2022-02-23,33,1.85,0.8022233712512928,0,2,2,2022,23,3.091870167011425
2022-02-24,33,1.45,0.8022233712512928,0,3,2,2022,24,2.594028959753439
2022-02-25,33,1.05,0.8022233712512928,0,4,2,2022,25,2.096187752495453
2022-02-26,33,0.55,0.8022233712512928,0,5,2,2022,26,1.4738862434229707
2022-02-27,33,0.8,0.8022233712512928,0,6,2,2022,27,1.7850369979592118
2022-03-01,33,1.45,0.8022233712512928,0,1,3,2022,1,2.594028959753439
2022-03-02,33,1.5,0.8022233712512928,0,2,3,2022,2,2.6562591106606877
2022-03-03,33,1.5,0.8022233712512928,0,3,3,2022,3,2.6562591106606877
2022-03-04,33,1.05,0.8022233712512928,0,4,3,2022,4,2.096187752495453
2022-03-05,33,0.7,0.8022233712512928,0,5,3,2022,5,1.6605766961447153
2022-03-06,33,0.75,0.8022233712512928,0,6,3,2022,6,1.7228068470519635
2022-03-07,33,1.0,0.8022233712512928,0,0,3,2022,7,2.033957601588205
2022-03-08,33,1.7,0.8022233712512928,0,1,3,2022,8,2.9051797142896802
2022-03-09,33,1.75,0.8022233712512928,0,2,3,2022,9,2.9674098651969287
2022-03-10,33,1.65,0.8022233712512928,0,3,3,2022,10,2.842949563382432
2022-03-11,33,1.05,0.8022233712512928,0,4,3,2022,11,2.096187752495453
2022-03-12,33,0.85,0.8022233712512928,0,5,3,2022,12,1.8472671488664603
2022-03-13,33,0.85,0.8022233712512928,0,6,3,2022,13,1.8472671488664603
2022-03-14,33,1.3,0.8022233712512928,0,0,3,2022,14,2.4073385070316946
2022-03-15,33,1.85,0.8022233712512928,0,1,3,2022,15,3.091870167011425
2022-03-16,33,1.8,0.8022233712512928,0,2,3,2022,16,3.0296400161041768
2022-03-17,33,1.6,0.8022233712512928,0,3,3,2022,17,2.7807194124751837
2022-03-18,33,1.0,0.8022233712512928,0,4,3,2022,18,2.033957601588205
2022-03-19,33,1.85,0.3386763185108584,1,5,3,2022,19,2.2828782052171976
2022-03-20,33,1.1,0.8022233712512928,0,6,3,2022,20,2.158417903402701
2022-03-21,33,1.4,0.8022233712512928,0,0,3,2022,21,2.531798808846191
2022-03-22,33,1.65,0.8022233712512928,0,1,3,2022,22,2.842949563382432
2022-03-23,33,1.9,0.8022233712512928,0,2,3,2022,23,3.1541003179186737
2022-03-24,33,1.35,0.8022233712512928,0,3,3,2022,24,2.469568657938942
2022-03-26,33,0.65,0.8022233712512928,0,5,3,2022,26,1.598346545237467
2022-03-27,33,0.95,0.8022233712512928,0,6,3,2022,27,1.9717274506809566
2022-03-28,33,1.3,0.8022233712512928,0,0,3,2022,28,2.4073385070316946
2022-03-29,33,1.8,0.8022233712512928,0,1,3,2022,29,3.0296400161041768
2022-03-30,33,1.95,0.8022233712512928,0,2,3,2022,30,3.2163304688259218
2022-03-31,33,1.5,0.8022233712512928,0,3,3,2022,31,2.6562591106606877
2022-04-02,33,0.8,0.8022233712512928,0,5,4,2022,2,1.7850369979592118
2022-04-03,33,0.75,0.8022233712512928,0,6,4,2022,3,1.7228068470519635
2022-04-04,33,1.3,0.8022233712512928,0,0,4,2022,4,2.4073385070316946
2022-04-05,33,1.75,0.8022233712512928,0,1,4,2022,5,2.9674098651969287
2022-04-06,33,1.9,0.8022233712512928,0,2,4,2022,6,3.1541003179186737
2022-04-07,33,1.6,0.8022233712512928,0,3,4,2022,7,2.7807194124751837
2022-04-08,33,0.85,0.8022233712512928,0,4,4,2022,8,1.8472671488664603
2022-04-09,33,0.6,0.8022233712512928,0,5,4,2022,9,1.5361163943302185
2022-04-10,33,1.85,0.3386763185108584,1,6,4,2022,10,2.2828782052171976
2022-04-11,33,1.35,0.8022233712512928,0,0,4,2022,11,2.469568657938942
2022-04-12,33,1.7,0.8022233712512928,0,1,4,2022,12,2.9051797142896802
2022-04-13,33,1.5,0.8022233712512928,0,2,4,2022,13,2.6562591106606877
2022-04-15,33,0.75,0.8022233712512928,0,4,4,2022,15,1.7228068470519635
2022-04-16,33,0.8,0.8022233712512928,0,5,4,2022,16,1.7850369979592118
2022-04-17,33,0.95,0.8022233712512928,0,6,4,2022,17,1.9717274506809566
2022-04-18,33,1.2,0.8022233712512928,0,0,4,2022,18,2.2828782052171976
2022-04-19,33,1.8,0.8022233712512928,0,1,4,2022,19,3.0296400161041768
2022-04-20,33,1.65,0.8022233712512928,0,2,4,2022,20,2.842949563382432
2022-04-21,33,1.55,0.8022233712512928,0,3,4,2022,21,2.7184892615679357
2022-04-22,33,1.95,0.3386763185108584,1,4,4,2022,22,2.3824464466687947
2022-04-23,33,0.95,0.8022233712512928,0,5,4,2022,23,1.9717274506809566
2022-04-24,33,0.85,0.8022233712512928,0,6,4,2022,24,1.8472671488664603
2022-04-25,33,1.05,0.8022233712512928,0,0,4,2022,25,2.096187752495453
2022-04-26,33,1.8,0.8022233712512928,0,1,4,2022,26,3.0296400161041768
2022-04-27,33,2.05,0.8022233712512928,0,2,4,2022,27,3.3407907706404183
2022-04-28,33,1.35,0.8022233712512928,0,3,4,2022,28,2.469568657938942
2022-04-29,33,1.0,0.8022233712512928,0,4,4,2022,29,2.033957601588205
2022-04-30,33,0.65,0.8022233712512928,0,5,4,2022,30,1.598346545237467
2022-05-01,33,0.7,0.8022233712512928,0,6,5,2022,1,1.6605766961447153
2022-05-02,33,1.1,0.8022233712512928,0,0,5,2022,2,2.158417903402701
2022-05-03,33,1.55,0.8022233712512928,0,1,5,2022,3,2.7184892615679357
2022-05-04,33,1.65,0.8022233712512928,0,2,5,2022,4,2.842949563382432
2022-05-05,33,1.4,0.8022233712512928,0,3,5,2022,5,2.531798808846191
2022-05-06,33,0.95,0.8022233712512928,0,4,5,2022,6,1.9717274506809566
2022-05-07,33,0.8,0.8022233712512928,0,5,5,2022,7,1.7850369979592118
2022-05-08,33,2.0,0.3386763185108584,1,6,5,2022,8,2.4322305673945936
2022-05-11,33,1.9,0.8022233712512928,0,2,5,2022,11,3.1541003179186737
2022-05-12,33,1.45,0.8022233712512928,0,3,5,2022,12,2.594028959753439
2022-05-13,33,1.0,0.8022233712512928,0,4,5,2022,13,2.033957601588205
2022-05-14,33,0.7,0.8022233712512928,0,5,5,2022,14,1.6605766961447153
