data-science/data/preprocessed_model_dataset.csv
date,item_id,sales,price,promo,weekday,month,year,day,revenue
2022-05-15,33,0.7,0.8022233712512928,0,6,5,2022,15,1.6605766961447153
2022-05-17,33,1.5,0.8022233712512928,0,1,5,2022,17,2.6562591106606877
2022-05-18,33,1.75,0.8022233712512928,0,2,5,2022,18,2.9674098651969287
2022-05-19,33,1.3,0.8022233712512928,0,3,5,2022,19,2.4073385070316946
2022-05-20,33,2.05,0.3386763185108584,1,4,5,2022,20,2.482014688120392
2022-05-21,33,0.75,0.8022233712512928,0,5,5,2022,21,1.7228068470519635
2022-05-22,33,0.65,0.8022233712512928,0,6,5,2022,22,1.598346545237467
2022-05-23,33,1.1,0.8022233712512928,0,0,5,2022,23,2.158417903402701
2022-05-24,33,1.45,0.8022233712512928,0,1,5,2022,24,2.594028959753439
2022-05-25,33,1.55,0.8022233712512928,0,2,5,2022,25,2.7184892615679357
2022-05-26,33,1.25,0.8022233712512928,0,3,5,2022,26,2.3451083561244466
2022-05-27,33,0.8,0.8022233712512928,0,4,5,2022,27,1.7850369979592118
2022-05-28,33,0.5,0.8022233712512928,0,5,5,2022,28,1.4116560925157222
2022-05-29,33,0.65,0.8022233712512928,0,6,5,2022,29,1.598346545237467
2022-05-31,33,1.5,0.8022233712512928,0,1,5,2022,31,2.6562591106606877
2022-06-01,33,1.25,0.8022233712512928,0,2,6,2022,1,2.3451083561244466
2022-06-02,33,1.15,0.8022233712512928,0,3,6,2022,2,2.2206480543099496
2022-06-03,33,0.7,0.8022233712512928,0,4,6,2022,3,1.6605766961447153
2022-06-04,33,0.3,0.8022233712512928,0,5,6,2022,4,1.1627354888867294
2022-06-05,33,0.65,0.8022233712512928,0,6,6,2022,5,1.598346545237467
2022-06-06,33,0.95,0.8022233712512928,0,0,6,2022,6,1.9717274506809566
2022-06-07,33,1.65,0.8022233712512928,0,1,6,2022,7,2.842949563382432
2022-06-08,33,1.35,0.8022233712512928,0,2,6,2022,8,2.469568657938942
2022-06-09,33,1.05,0.8022233712512928,0,3,6,2022,9,2.096187752495453
2022-06-10,33,0.6,0.8022233712512928,0,4,6,2022,10,1.5361163943302185
2022-06-11,33,0.4,0.8022233712512928,0,5,6,2022,11,1.2871957907012257
2022-06-12,33,0.65,0.8022233712512928,0,6,6,2022,12,1.598346545237467
2022-06-13,33,1.0,0.8022233712512928,0,0,6,2022,13,2.033957601588205
2022-06-14,33,1.7,0.8022233712512928,0,1,6,2022,14,2.9051797142896802
2022-06-15,33,1.15,0.8022233712512928,0,2,6,2022,15,2.2206480543099496
2022-06-17,33,0.55,0.8022233712512928,0,4,6,2022,17,1.4738862434229707
2022-06-18,33,0.45,0.8022233712512928,0,5,6,2022,18,1.349425941608474
2022-06-19,33,0.7,0.8022233712512928,0,6,6,2022,19,1.6605766961447153
2022-06-20,33,0.95,0.8022233712512928,0,0,6,2022,20,1.9717274506809566
2022-06-21,33,1.0,0.8022233712512928,0,1,6,2022,21,2.033957601588205
2022-06-22,33,1.35,0.8022233712512928,0,2,6,2022,22,2.469568657938942
2022-06-23,33,0.7,0.8022233712512928,0,3,6,2022,23,1.6605766961447153
2022-06-24,33,0.25,0.8022233712512928,0,4,6,2022,24,1.100505337979481
2022-06-25,33,0.3,0.8022233712512928,0,5,6,2022,25,1.1627354888867294
2022-06-26,33,0.55,0.8022233712512928,0,6,6,2022,26,1.4738862434229707
2022-06-27,33,0.8,0.8022233712512928,0,0,6,2022,27,1.7850369979592118
2022-06-29,33,1.2,0.8022233712512928,0,2,6,2022,29,2.2828782052171976
2022-06-30,33,0.9,0.8022233712512928,0,3,6,2022,30,1.9094972997737085
2022-07-01,33,0.7,0.8022233712512928,0,4,7,2022,1,1.6605766961447153
2022-07-02,33,0.25,0.8022233712512928,0,5,7,2022,2,1.100505337979481
2022-07-03,33,1.3,0.3386763185108584,1,6,7,2022,3,1.735252877233413
2022-07-04,33,0.75,0.8022233712512928,0,0,7,2022,4,1.7228068470519635
2022-07-05,33,0.85,0.8022233712512928,0,1,7,2022,5,1.8472671488664603
2022-07-06,33,1.15,0.8022233712512928,0,2,7,2022,6,2.2206480543099496
2022-07-07,33,1.15,0.8022233712512928,0,3,7,2022,7,2.2206480543099496
2022-07-08,33,0.65,0.8022233712512928,0,4,7,2022,8,1.598346545237467
2022-07-09,33,0.1,0.8022233712512928,0,5,7,2022,9,0.913814885257736
2022-07-10,33,0.65,0.8022233712512928,0,6,7,2022,10,1.598346545237467
2022-07-11,33,0.7,0.8022233712512928,0,0,7,2022,11,1.6605766961447153
2022-07-12,33,1.0,0.8022233712512928,0,1,7,2022,12,2.033957601588205
2022-07-13,33,0.95,0.8022233712512928,0,2,7,2022,13,1.9717274506809566
2022-07-14,33,0.85,0.8022233712512928,0,3,7,2022,14,1.8472671488664603
2022-07-15,33,0.4,0.8022233712512928,0,4,7,2022,15,1.2871957907012257
2022-07-16,33,0.2,0.8022233712512928,0,5,7,2022,16,1.0382751870722327
2022-07-17,33,0.25,0.8022233712512928,0,6,7,2022,17,1.100505337979481
2022-07-18,33,0.7,0.8022233712512928,0,0,7,2022,18,1.6605766961447153
2022-07-20,33,0.9,0.8022233712512928,0,2,7,2022,20,1.9094972997737085
2022-07-21,33,1.5,0.3386763185108584,1,3,7,2022,21,1.9343893601366076
2022-07-22,33,0.35,0.8022233712512928,0,4,7,2022,22,1.2249656397939774
2022-07-23,33,0.0,0.8022233712512928,0,5,7,2022,23,0.7893545834432397
2022-07-24,33,0.1,0.8022233712512928,0,6,7,2022,24,0.913814885257736
2022-07-25,33,1.4,0.3386763185108584,1,0,7,2022,25,1.83482111868501
2022-07-26,33,0.6,0.8022233712512928,0,1,7,2022,26,1.5361163943302185
2022-07-27,33,0.55,0.8022233712512928,0,2,7,2022,27,1.4738862434229707
2022-07-28,33,0.65,0.8022233712512928,0,3,7,2022,28,1.598346545237467
2022-07-29,33,0.3,0.8022233712512928,0,4,7,2022,29,1.1627354888867294
2022-07-30,33,0.05,0.8022233712512928,0,5,7,2022,30,0.8515847343504881
2022-07-31,33,0.2,0.8022233712512928,0,6,7,2022,31,1.0382751870722327
2022-08-01,33,0.3,0.8022233712512928,0,0,8,2022,1,1.1627354888867294
2022-08-02,33,0.75,0.8022233712512928,0,1,8,2022,2,1.7228068470519635
2022-08-03,33,0.95,0.8022233712512928,0,2,8,2022,3,1.9717274506809566
2022-08-04,33,0.5,0.8022233712512928,0,3,8,2022,4,1.4116560925157222
2022-08-05,33,0.5,0.8022233712512928,0,4,8,2022,5,1.4116560925157222
2022-08-06,33,0.05,0.8022233712512928,0,5,8,2022,6,0.8515847343504881
2022-08-07,33,-0.05,0.8022233712512928,0,6,8,2022,7,0.7271244325359915
2022-08-08,33,0.45,0.8022233712512928,0,0,8,2022,8,1.349425941608474
2022-08-09,33,0.6,0.8022233712512928,0,1,8,2022,9,1.5361163943302185
2022-08-10,33,0.8,0.8022233712512928,0,2,8,2022,10,1.7850369979592118
2022-08-11,33,0.55,0.8022233712512928,0,3,8,2022,11,1.4738862434229707
2022-08-12,33,0.1,0.8022233712512928,0,4,8,2022,12,0.913814885257736
2022-08-13,33,0.2,0.8022233712512928,0,5,8,2022,13,1.0382751870722327
2022-08-14,33,0.65,0.3386763185108584,1,6,8,2022,14,1.0880593077980312
2022-08-15,33,-0.05,0.8022233712512928,0,0,8,2022,15,0.7271244325359915
2022-08-16,33,0.65,0.8022233712512928,0,1,8,2022,16,1.598346545237467
2022-08-17,33,0.65,0.8022233712512928,0,2,8,2022,17,1.598346545237467
2022-08-18,33,0.6,0.8022233712512928,0,3,8,2022,18,1.5361163943302185
2022-08-19,33,0.0,0.8022233712512928,0,4,8,2022,19,0.7893545834432397
2022-08-20,33,-0.1,0.8022233712512928,0,5,8,2022,20,0.6648942816287431
2022-08-21,33,-0.05,0.8022233712512928,0,6,8,2022,21,0.7271244325359915
2022-08-22,33,0.4,0.8022233712512928,0,0,8,2022,22,1.2871957907012257
2022-08-23,33,0.6,0.8022233712512928,0,1,8,2022,23,1.5361163943302185
2022-08-24,33,0.55,0.8022233712512928,0,2,8,2022,24,1.4738862434229707
2022-08-25,33,1.25,0.3386763185108584,1,3,8,2022,25,1.6854687565076143
2022-08-26,33,-0.1,0.8022233712512928,0,4,8,2022,26,0.6648942816287431
2022-08-27,33,0.0,0.8022233712512928,0,5,8,2022,27,0.7893545834432397
2022-08-28,33,0.75,0.3386763185108584,1,6,8,2022,28,1.1876275492496284
2022-08-29,33,0.55,0.8022233712512928,0,0,8,2022,29,1.4738862434229707
2022-08-30,33,0.5,0.8022233712512928,0,1,8,2022,30,1.4116560925157222
2022-08-31,33,0.6,0.8022233712512928,0,2,8,2022,31,1.5361163943302185
2022-09-01,33,0.4,0.8022233712512928,0,3,9,2022,1,1.2871957907012257
2022-09-02,33,-0.05,0.8022233712512928,0,4,9,2022,2,0.7271244325359915
2022-09-03,33,0.05,0.8022233712512928,0,5,9,2022,3,0.8515847343504881
2022-09-04,33,-0.1,0.8022233712512928,0,6,9,2022,4,0.6648942816287431
2022-09-05,33,0.15,0.8022233712512928,0,0,9,2022,5,0.9760450361649844
2022-09-06,33,0.4,0.8022233712512928,0,1,9,2022,6,1.2871957907012257
2022-09-07,33,0.45,0.8022233712512928,0,2,9,2022,7,1.349425941608474
2022-09-08,33,0.2,0.8022233712512928,0,3,9,2022,8,1.0382751870722327
2022-09-09,33,0.05,0.8022233712512928,0,4,9,2022,9,0.8515847343504881
2022-09-10,33,-0.2,0.8022233712512928,0,5,9,2022,10,0.5404339798142468
2022-09-11,33,-0.15,0.8022233712512928,0,6,9,2022,11,0.6026641307214948
2022-09-12,33,0.2,0.8022233712512928,0,0,9,2022,12,1.0382751870722327
2022-09-13,33,1.25,0.3386763185108584,1,1,9,2022,13,1.6854687565076143
2022-09-14,33,0.35,0.8022233712512928,0,2,9,2022,14,1.2249656397939774
2022-09-15,33,0.15,0.8022233712512928,0,3,9,2022,15,0.9760450361649844
2022-09-16,33,0.0,0.8022233712512928,0,4,9,2022,16,0.7893545834432397
2022-09-17,33,-0.3,0.8022233712512928,0,5,9,2022,17,0.41597367799975016
2022-09-18,33,-0.25,0.8022233712512928,0,6,9,2022,18,0.4782038289069985
2022-09-19,33,0.0,0.8022233712512928,0,0,9,2022,19,0.7893545834432397
2022-09-20,33,0.4,0.8022233712512928,0,1,9,2022,20,1.2871957907012257
2022-09-21,33,0.6,0.8022233712512928,0,2,9,2022,21,1.5361163943302185
2022-09-22,33,0.3,0.8022233712512928,0,3,9,2022,22,1.1627354888867294
2022-09-23,33,0.1,0.8022233712512928,0,4,9,2022,23,0.913814885257736
2022-09-24,33,-0.2,0.8022233712512928,0,5,9,2022,24,0.5404339798142468
2022-09-25,33,-0.1,0.8022233712512928,0,6,9,2022,25,0.6648942816287431
2022-09-26,33,0.35,0.8022233712512928,0,0,9,2022,26,1.2249656397939774
2022-09-27,33,0.45,0.8022233712512928,0,1,9,2022,27,1.349425941608474
2022-09-28,33,0.55,0.8022233712512928,0,2,9,2022,28,1.4738862434229707
2022-09-29,33,0.2,0.8022233712512928,0,3,9,2022,29,1.0382751870722327
2022-09-30,33,-0.05,0.8022233712512928,0,4,9,2022,30,0.7271244325359915
2022-10-01,33,-0.15,0.8022233712512928,0,5,10,2022,1,0.6026641307214948
2022-10-02,33,-0.2,0.8022233712512928,0,6,10,2022,2,0.5404339798142468
2022-10-03,33,-0.25,0.8022233712512928,0,0,10,2022,3,0.4782038289069985
2022-10-04,33,0.4,0.8022233712512928,0,1,10,2022,4,1.2871957907012257
2022-10-05,33,0.55,0.8022233712512928,0,2,10,2022,5,1.4738862434229707
2022-10-06,33,0.25,0.8022233712512928,0,3,10,2022,6,1.100505337979481
2022-10-07,33,-0.1,0.8022233712512928,0,4,10,2022,7,0.6648942816287431
2022-10-08,33,-0.25,0.8022233712512928,0,5,10,2022,8,0.4782038289069985
2022-10-09,33,-0.45,0.8022233712512928,0,6,10,2022,9,0.22928322527800538
2022-10-10,33,0.8,0.3386763185108584,1,0,10,2022,10,1.237411669975427
2022-10-11,33,0.2,0.8022233712512928,0,1,10,2022,11,1.0382751870722327
2022-10-12,33,0.3,0.8022233712512928,0,2,10,2022,12,1.1627354888867294
2022-10-13,33,0.05,0.8022233712512928,0,3,10,2022,13,0.8515847343504881
2022-10-14,33,-0.2,0.8022233712512928,0,4,10,2022,14,0.5404339798142468
2022-10-15,33,-0.3,0.8022233712512928,0,5,10,2022,15,0.41597367799975016
2022-10-16,33,0.65,0.3386763185108584,1,6,10,2022,16,1.0880593077980312
2022-10-17,33,0.05,0.8022233712512928,0,0,10,2022,17,0.8515847343504881
2022-10-18,33,0.2,0.8022233712512928,0,1,10,2022,18,1.0382751870722327
2022-10-19,33,0.55,0.8022233712512928,0,2,10,2022,19,1.4738862434229707
2022-10-20,33,0.3,0.8022233712512928,0,3,10,2022,20,1.1627354888867294
2022-10-21,33,-0.35,0.8022233712512928,0,4,10,2022,21,0.35374352709250184
2022-10-22,33,0.0,0.8022233712512928,0,5,10,2022,22,0.7893545834432397
2022-10-23,33,-0.1,0.8022233712512928,0,6,10,2022,23,0.6648942816287431
2022-10-24,33,1.05,0.3386763185108584,1,0,10,2022,24,1.4863322736044198
2022-10-25,33,0.35,0.8022233712512928,0,1,10,2022,25,1.2249656397939774
2022-10-26,33,0.7,0.8022233712512928,0,2,10,2022,26,1.6605766961447153
2022-10-27,33,0.25,0.8022233712512928,0,3,10,2022,27,1.100505337979481
2022-10-28,33,-0.35,0.8022233712512928,0,4,10,2022,28,0.35374352709250184
2022-10-29,33,0.4,0.3386763185108584,1,5,10,2022,29,0.8391387041690382
2022-10-30,33,0.0,0.8022233712512928,0,6,10,2022,30,0.7893545834432397
2022-10-31,33,0.2,0.8022233712512928,0,0,10,2022,31,1.0382751870722327
2022-11-01,33,0.45,0.8022233712512928,0,1,11,2022,1,1.349425941608474
2022-11-02,33,0.35,0.8022233712512928,0,2,11,2022,2,1.2249656397939774
2022-11-03,33,0.35,0.8022233712512928,0,3,11,2022,3,1.2249656397939774
2022-11-04,33,0.05,0.8022233712512928,0,4,11,2022,4,0.8515847343504881
2022-11-05,33,-0.1,0.8022233712512928,0,5,11,2022,5,0.6648942816287431
2022-11-06,33,0.75,0.3386763185108584,1,6,11,2022,6,1.1876275492496284
2022-11-07,33,0.25,0.8022233712512928,0,0,11,2022,7,1.100505337979481
2022-11-08,33,0.45,0.8022233712512928,0,1,11,2022,8,1.349425941608474
2022-11-09,33,0.4,0.8022233712512928,0,2,11,2022,9,1.2871957907012257
2022-11-10,33,0.6,0.8022233712512928,0,3,11,2022,10,1.5361163943302185
2022-11-11,33,0.4,0.8022233712512928,0,4,11,2022,11,1.2871957907012257
2022-11-12,33,0.2,0.8022233712512928,0,5,11,2022,12,1.0382751870722327
2022-11-13,33,0.1,0.8022233712512928,0,6,11,2022,13,0.913814885257736
2022-11-14,33,0.05,0.8022233712512928,0,0,11,2022,14,0.8515847343504881
2022-11-15,33,0.3,0.8022233712512928,0,1,11,2022,15,1.1627354888867294
2022-11-16,33,0.55,0.8022233712512928,0,2,11,2022,16,1.4738862434229707
2022-11-17,33,0.45,0.8022233712512928,0,3,11,2022,17,1.349425941608474
2022-11-18,33,0.95,0.3386763185108584,1,4,11,2022,18,1.386764032152823
2022-11-19,33,0.0,0.8022233712512928,0,5,11,2022,19,0.7893545834432397
2022-11-20,33,-0.15,0.8022233712512928,0,6,11,2022,20,0.6026641307214948
2022-11-21,33,0.6,0.8022233712512928,0,0,11,2022,21,1.5361163943302185
2022-11-22,33,0.85,0.8022233712512928,0,1,11,2022,22,1.8472671488664603
2022-11-23,33,0.5,0.8022233712512928,0,2,11,2022,23,1.4116560925157222
2022-11-24,33,0.25,0.8022233712512928,0,3,11,2022,24,1.100505337979481
2022-11-25,33,0.2,0.8022233712512928,0,4,11,2022,25,1.0382751870722327
2022-11-26,33,0.25,0.8022233712512928,0,5,11,2022,26,1.100505337979481
2022-11-27,33,0.1,0.8022233712512928,0,6,11,2022,27,0.913814885257736
2022-11-28,33,0.45,0.8022233712512928,0,0,11,2022,28,1.349425941608474
2022-11-29,33,0.65,0.8022233712512928,0,1,11,2022,29,1.598346545237467
2022-11-30,33,0.8,0.8022233712512928,0,2,11,2022,30,1.7850369979592118
2022-12-01,33,0.75,0.8022233712512928,0,3,12,2022,1,1.7228068470519635
2022-12-02,33,0.35,0.8022233712512928,0,4,12,2022,2,1.2249656397939774
2022-12-03,33,0.95,0.3386763185108584,1,5,12,2022,3,1.386764032152823
2022-12-04,33,-0.05,0.8022233712512928,0,6,12,2022,4,0.7271244325359915
2022-12-05,33,0.8,0.8022233712512928,0,0,12,2022,5,1.7850369979592118
2022-12-06,33,0.55,0.8022233712512928,0,1,12,2022,6,1.4738862434229707
2022-12-07,33,0.9,0.8022233712512928,0,2,12,2022,7,1.9094972997737085
2022-12-08,33,0.65,0.8022233712512928,0,3,12,2022,8,1.598346545237467
2022-12-09,33,0.35,0.8022233712512928,0,4,12,2022,9,1.2249656397939774
2022-12-10,33,0.3,0.8022233712512928,0,5,12,2022,10,1.1627354888867294
2022-12-11,33,0.15,0.8022233712512928,0,6,12,2022,11,0.9760450361649844
2022-12-12,33,0.5,0.8022233712512928,0,0,12,2022,12,1.4116560925157222
2022-12-13,33,0.7,0.8022233712512928,0,1,12,2022,13,1.6605766961447153
2022-12-14,33,1.15,0.8022233712512928,0,2,12,2022,14,2.2206480543099496
2022-12-15,33,1.9,0.3386763185108584,1,3,12,2022,15,2.3326623259429957
2022-12-16,33,0.5,0.8022233712512928,0,4,12,2022,16,1.4116560925157222
2022-12-17,33,0.35,0.8022233712512928,0,5,12,2022,17,1.2249656397939774
2022-12-18,33,0.6,0.8022233712512928,0,6,12,2022,18,1.5361163943302185
2022-12-19,33,0.9,0.8022233712512928,0,0,12,2022,19,1.9094972997737085
2022-12-21,33,1.1,0.8022233712512928,0,2,12,2022,21,2.158417903402701
2022-12-22,33,1.9,0.3386763185108584,1,3,12,2022,22,2.3326623259429957
2022-12-23,33,0.6,0.8022233712512928,0,4,12,2022,23,1.5361163943302185
2022-12-24,33,1.25,0.3386763185108584,1,5,12,2022,24,1.6854687565076143
2022-12-25,33,0.25,0.8022233712512928,0,6,12,2022,25,1.100505337979481
2022-12-26,33,0.8,0.8022233712512928,0,0,12,2022,26,1.7850369979592118
2022-12-27,33,1.2,0.8022233712512928,0,1,12,2022,27,2.2828782052171976
2022-12-28,33,1.0,0.8022233712512928,0,2,12,2022,28,2.033957601588205
2022-12-29,33,0.95,0.8022233712512928,0,3,12,2022,29,1.9717274506809566
2022-12-30,33,0.55,0.8022233712512928,0,4,12,2022,30,1.4738862434229707
2022-12-31,33,0.35,0.8022233712512928,0,5,12,2022,31,1.2249656397939774
2023-01-01,33,1.2,0.3386763185108584,1,6,1,2023,1,1.6356846357818158
2023-01-02,33,0.5,0.8022233712512928,0,0,1,2023,2,1.4116560925157222
2023-01-03,33,1.05,0.8022233712512928,0,1,1,2023,3,2.096187752495453
2023-01-04,33,1.1,0.8022233712512928,0,2,1,2023,4,2.158417903402701
2023-01-06,33,1.7,0.3386763185108584,1,4,1,2023,6,2.133525843039802
2023-01-07,33,0.45,0.8022233712512928,0,5,1,2023,7,1.349425941608474
2023-01-08,33,0.3,0.8022233712512928,0,6,1,2023,8,1.1627354888867294
2023-01-09,33,0.7,0.8022233712512928,0,0,1,2023,9,1.6605766961447153
2023-01-10,33,1.15,0.8022233712512928,0,1,1,2023,10,2.2206480543099496
2023-01-11,33,1.35,0.8022233712512928,0,2,1,2023,11,2.469568657938942
2023-01-12,33,1.05,0.8022233712512928,0,3,1,2023,12,2.096187752495453
2023-01-13,33,0.75,0.8022233712512928,0,4,1,2023,13,1.7228068470519635
2023-01-14,33,0.6,0.8022233712512928,0,5,1,2023,14,1.5361163943302185
2023-01-15,33,0.4,0.8022233712512928,0,6,1,2023,15,1.2871957907012257
2023-01-16,33,0.8,0.8022233712512928,0,0,1,2023,16,1.7850369979592118
2023-01-17,33,1.35,0.8022233712512928,0,1,1,2023,17,2.469568657938942
2023-01-18,33,1.4,0.8022233712512928,0,2,1,2023,18,2.531798808846191
2023-01-19,33,1.3,0.8022233712512928,0,3,1,2023,19,2.4073385070316946
2023-01-20,33,0.8,0.8022233712512928,0,4,1,2023,20,1.7850369979592118
2023-01-21,33,0.8,0.8022233712512928,0,5,1,2023,21,1.7850369979592118
2023-01-22,33,0.4,0.8022233712512928,0,6,1,2023,22,1.2871957907012257
2023-01-24,33,1.45,0.8022233712512928,0,1,1,2023,24,2.594028959753439
2023-01-25,33,1.3,0.8022233712512928,0,2,1,2023,25,2.4073385070316946
2023-01-26,33,0.95,0.8022233712512928,0,3,1,2023,26,1.9717274506809566
2023-01-27,33,0.7,0.8022233712512928,0,4,1,2023,27,1.6605766961447153
2023-01-28,33,0.8,0.8022233712512928,0,5,1,2023,28,1.7850369979592118
2023-01-29,33,0.85,0.8022233712512928,0,6,1,2023,29,1.8472671488664603
2023-01-30,33,1.1,0.8022233712512928,0,0,1,2023,30,2.158417903402701
