data-science/data/preprocessed_model_dataset.csv
date,item_id,sales,price,promo,weekday,month,year,day,revenue
2023-01-31,33,1.45,0.8022233712512928,0,1,1,2023,31,2.594028959753439
2023-02-01,33,1.5,0.8022233712512928,0,2,2,2023,1,2.6562591106606877
2023-02-02,33,1.3,0.8022233712512928,0,3,2,2023,2,2.4073385070316946
2023-02-03,33,0.85,0.8022233712512928,0,4,2,2023,3,1.8472671488664603
2023-02-04,33,1.95,0.3386763185108584,1,5,2,2023,4,2.3824464466687947
2023-02-05,33,0.55,0.8022233712512928,0,6,2,2023,5,1.4738862434229707
2023-02-06,33,1.25,0.8022233712512928,0,0,2,2023,6,2.3451083561244466
2023-02-07,33,1.85,0.8022233712512928,0,1,2,2023,7,3.091870167011425
2023-02-08,33,1.8,0.8022233712512928,0,2,2,2023,8,3.0296400161041768
2023-02-09,33,1.25,0.8022233712512928,0,3,2,2023,9,2.3451083561244466
2023-02-10,33,0.75,0.8022233712512928,0,4,2,2023,10,1.7228068470519635
2023-02-11,33,0.75,0.8022233712512928,0,5,2,2023,11,1.7228068470519635
2023-02-12,33,0.85,0.8022233712512928,0,6,2,2023,12,1.8472671488664603
2023-02-14,33,1.75,0.8022233712512928,0,1,2,2023,14,2.9674098651969287
2023-02-15,33,1.7,0.8022233712512928,0,2,2,2023,15,2.9051797142896802
2023-02-16,33,1.4,0.8022233712512928,0,3,2,2023,16,2.531798808846191
2023-02-17,33,2.05,0.3386763185108584,1,4,2,2023,17,2.482014688120392
2023-02-18,33,0.75,0.8022233712512928,0,5,2,2023,18,1.7228068470519635
2023-02-19,33,1.8,0.3386763185108584,1,6,2,2023,19,2.233094084491399
2023-02-20,33,1.45,0.8022233712512928,0,0,2,2023,20,2.594028959753439
2023-02-21,33,1.8,0.8022233712512928,0,1,2,2023,21,3.0296400161041768
2023-02-22,33,1.9,0.8022233712512928,0,2,2,2023,22,3.1541003179186737
2023-02-23,33,1.35,0.8022233712512928,0,3,2,2023,23,2.469568657938942
2023-02-25,33,0.75,0.8022233712512928,0,5,2,2023,25,1.7228068470519635
2023-02-26,33,2.05,0.3386763185108584,1,6,2,2023,26,2.482014688120392
2023-02-27,33,1.4,0.8022233712512928,0,0,2,2023,27,2.531798808846191
2023-02-28,33,1.7,0.8022233712512928,0,1,2,2023,28,2.9051797142896802
2023-03-01,33,1.8,0.8022233712512928,0,2,3,2023,1,3.0296400161041768
2023-03-02,33,1.7,0.8022233712512928,0,3,3,2023,2,2.9051797142896802
2023-03-03,33,0.95,0.8022233712512928,0,4,3,2023,3,1.9717274506809566
2023-03-04,33,0.7,0.8022233712512928,0,5,3,2023,4,1.6605766961447153
2023-03-05,33,0.95,0.8022233712512928,0,6,3,2023,5,1.9717274506809566
2023-03-06,33,1.5,0.8022233712512928,0,0,3,2023,6,2.6562591106606877
2023-03-07,33,1.65,0.8022233712512928,0,1,3,2023,7,2.842949563382432
2023-03-09,33,1.45,0.8022233712512928,0,3,3,2023,9,2.594028959753439
2023-03-10,33,1.4,0.8022233712512928,0,4,3,2023,10,2.531798808846191
2023-03-11,33,1.05,0.8022233712512928,0,5,3,2023,11,2.096187752495453
2023-03-12,33,0.75,0.8022233712512928,0,6,3,2023,12,1.7228068470519635
2023-03-13,33,1.15,0.8022233712512928,0,0,3,2023,13,2.2206480543099496
2023-03-14,33,1.95,0.8022233712512928,0,1,3,2023,14,3.2163304688259218
2023-03-15,33,1.9,0.8022233712512928,0,2,3,2023,15,3.1541003179186737
2023-03-16,33,1.5,0.8022233712512928,0,3,3,2023,16,2.6562591106606877
2023-03-17,33,1.45,0.8022233712512928,0,4,3,2023,17,2.594028959753439
2023-03-18,33,0.7,0.8022233712512928,0,5,3,2023,18,1.6605766961447153
2023-03-19,33,0.9,0.8022233712512928,0,6,3,2023,19,1.9094972997737085
2023-03-20,33,1.35,0.8022233712512928,0,0,3,2023,20,2.469568657938942
2023-03-21,33,1.45,0.8022233712512928,0,1,3,2023,21,2.594028959753439
2023-03-22,33,2.0,0.8022233712512928,0,2,3,2023,22,3.2785606197331703
2023-03-23,33,1.55,0.8022233712512928,0,3,3,2023,23,2.7184892615679357
2023-03-24,33,1.3,0.8022233712512928,0,4,3,2023,24,2.4073385070316946
2023-03-25,33,1.05,0.8022233712512928,0,5,3,2023,25,2.096187752495453
2023-03-26,33,1.05,0.8022233712512928,0,6,3,2023,26,2.096187752495453
2023-03-27,33,1.5,0.8022233712512928,0,0,3,2023,27,2.6562591106606877
2023-03-29,33,1.9,0.8022233712512928,0,2,3,2023,29,3.1541003179186737
2023-03-30,33,1.6,0.8022233712512928,0,3,3,2023,30,2.7807194124751837
2023-03-31,33,1.4,0.8022233712512928,0,4,3,2023,31,2.531798808846191
2023-04-01,33,1.0,0.8022233712512928,0,5,4,2023,1,2.033957601588205
2023-04-02,33,1.05,0.8022233712512928,0,6,4,2023,2,2.096187752495453
2023-04-03,33,1.55,0.8022233712512928,0,0,4,2023,3,2.7184892615679357
2023-04-04,33,1.9,0.8022233712512928,0,1,4,2023,4,3.1541003179186737
2023-04-05,33,2.05,0.8022233712512928,0,2,4,2023,5,3.3407907706404183
2023-04-06,33,1.8,0.8022233712512928,0,3,4,2023,6,3.0296400161041768
2023-04-07,33,0.9,0.8022233712512928,0,4,4,2023,7,1.9094972997737085
2023-04-09,33,1.15,0.8022233712512928,0,6,4,2023,9,2.2206480543099496
2023-04-12,33,1.65,0.8022233712512928,0,2,4,2023,12,2.842949563382432
2023-04-13,33,1.75,0.8022233712512928,0,3,4,2023,13,2.9674098651969287
2023-04-14,33,1.2,0.8022233712512928,0,4,4,2023,14,2.2828782052171976
2023-04-15,33,2.0,0.3386763185108584,1,5,4,2023,15,2.4322305673945936
2023-04-16,33,1.0,0.8022233712512928,0,6,4,2023,16,2.033957601588205
2023-04-17,33,1.5,0.8022233712512928,0,0,4,2023,17,2.6562591106606877
2023-04-18,33,1.6,0.8022233712512928,0,1,4,2023,18,2.7807194124751837
2023-04-20,33,1.6,0.8022233712512928,0,3,4,2023,20,2.7807194124751837
2023-04-21,33,1.35,0.8022233712512928,0,4,4,2023,21,2.469568657938942
2023-04-23,33,0.9,0.8022233712512928,0,6,4,2023,23,1.9094972997737085
2023-04-24,33,1.4,0.8022233712512928,0,0,4,2023,24,2.531798808846191
2023-04-25,33,1.85,0.8022233712512928,0,1,4,2023,25,3.091870167011425
2023-04-27,33,1.45,0.8022233712512928,0,3,4,2023,27,2.594028959753439
2023-04-28,33,1.1,0.8022233712512928,0,4,4,2023,28,2.158417903402701
2023-04-29,33,0.6,0.8022233712512928,0,5,4,2023,29,1.5361163943302185
2023-04-30,33,0.95,0.8022233712512928,0,6,4,2023,30,1.9717274506809566
2023-05-02,33,1.75,0.8022233712512928,0,1,5,2023,2,2.9674098651969287
2023-05-04,33,1.5,0.8022233712512928,0,3,5,2023,4,2.6562591106606877
2023-05-05,33,1.1,0.8022233712512928,0,4,5,2023,5,2.158417903402701
2023-05-06,33,0.75,0.8022233712512928,0,5,5,2023,6,1.7228068470519635
2023-05-07,33,0.85,0.8022233712512928,0,6,5,2023,7,1.8472671488664603
2023-05-08,33,1.75,0.8022233712512928,0,0,5,2023,8,2.9674098651969287
2023-05-10,33,1.95,0.8022233712512928,0,2,5,2023,10,3.2163304688259218
2023-05-11,33,1.9,0.8022233712512928,0,3,5,2023,11,3.1541003179186737
2023-05-13,33,0.8,0.8022233712512928,0,5,5,2023,13,1.7850369979592118
2023-05-14,33,0.7,0.8022233712512928,0,6,5,2023,14,1.6605766961447153
2023-05-15,33,1.5,0.8022233712512928,0,0,5,2023,15,2.6562591106606877
2023-05-17,33,1.55,0.8022233712512928,0,2,5,2023,17,2.7184892615679357
2023-05-18,33,1.45,0.8022233712512928,0,3,5,2023,18,2.594028959753439
2023-05-19,33,0.85,0.8022233712512928,0,4,5,2023,19,1.8472671488664603
2023-05-20,33,0.3,0.8022233712512928,0,5,5,2023,20,1.1627354888867294
2023-05-21,33,0.65,0.8022233712512928,0,6,5,2023,21,1.598346545237467
2023-05-22,33,1.25,0.8022233712512928,0,0,5,2023,22,2.3451083561244466
2023-05-23,33,1.75,0.8022233712512928,0,1,5,2023,23,2.9674098651969287
2023-05-24,33,1.7,0.8022233712512928,0,2,5,2023,24,2.9051797142896802
2023-05-25,33,1.65,0.8022233712512928,0,3,5,2023,25,2.842949563382432
2023-05-26,33,1.15,0.8022233712512928,0,4,5,2023,26,2.2206480543099496
2023-05-27,33,0.65,0.8022233712512928,0,5,5,2023,27,1.598346545237467
2023-05-28,33,0.75,0.8022233712512928,0,6,5,2023,28,1.7228068470519635
2023-05-29,33,1.25,0.8022233712512928,0,0,5,2023,29,2.3451083561244466
2023-05-30,33,1.55,0.8022233712512928,0,1,5,2023,30,2.7184892615679357
2023-05-31,33,1.45,0.8022233712512928,0,2,5,2023,31,2.594028959753439
2023-06-01,33,1.3,0.8022233712512928,0,3,6,2023,1,2.4073385070316946
2023-06-02,33,1.0,0.8022233712512928,0,4,6,2023,2,2.033957601588205
2023-06-03,33,0.85,0.8022233712512928,0,5,6,2023,3,1.8472671488664603
2023-06-04,33,0.85,0.8022233712512928,0,6,6,2023,4,1.8472671488664603
2023-06-05,33,1.15,0.8022233712512928,0,0,6,2023,5,2.2206480543099496
2023-06-07,33,1.65,0.8022233712512928,0,2,6,2023,7,2.842949563382432
2023-06-08,33,1.3,0.8022233712512928,0,3,6,2023,8,2.4073385070316946
2023-06-09,33,1.05,0.8022233712512928,0,4,6,2023,9,2.096187752495453
2023-06-10,33,0.7,0.8022233712512928,0,5,6,2023,10,1.6605766961447153
2023-06-11,33,0.85,0.8022233712512928,0,6,6,2023,11,1.8472671488664603
2023-06-12,33,0.85,0.8022233712512928,0,0,6,2023,12,1.8472671488664603
2023-06-13,33,1.3,0.8022233712512928,0,1,6,2023,13,2.4073385070316946
2023-06-14,33,1.35,0.8022233712512928,0,2,6,2023,14,2.469568657938942
2023-06-15,33,1.25,0.8022233712512928,0,3,6,2023,15,2.3451083561244466
2023-06-16,33,1.05,0.8022233712512928,0,4,6,2023,16,2.096187752495453
2023-06-17,33,0.35,0.8022233712512928,0,5,6,2023,17,1.2249656397939774
2023-06-18,33,0.75,0.8022233712512928,0,6,6,2023,18,1.7228068470519635
2023-06-19,33,0.8,0.8022233712512928,0,0,6,2023,19,1.7850369979592118
2023-06-20,33,1.65,0.8022233712512928,0,1,6,2023,20,2.842949563382432
2023-06-21,33,1.15,0.8022233712512928,0,2,6,2023,21,2.2206480543099496
2023-06-22,33,1.25,0.8022233712512928,0,3,6,2023,22,2.3451083561244466
2023-06-23,33,0.85,0.8022233712512928,0,4,6,2023,23,1.8472671488664603
2023-06-24,33,0.55,0.8022233712512928,0,5,6,2023,24,1.4738862434229707
2023-06-25,33,0.4,0.8022233712512928,0,6,6,2023,25,1.2871957907012257
2023-06-26,33,0.75,0.8022233712512928,0,0,6,2023,26,1.7228068470519635
2023-06-27,33,1.4,0.8022233712512928,0,1,6,2023,27,2.531798808846191
2023-06-28,33,1.45,0.8022233712512928,0,2,6,2023,28,2.594028959753439
2023-06-29,33,1.2,0.8022233712512928,0,3,6,2023,29,2.2828782052171976
2023-06-30,33,0.8,0.8022233712512928,0,4,6,2023,30,1.7850369979592118
2023-07-01,33,0.15,0.8022233712512928,0,5,7,2023,1,0.9760450361649844
2023-07-02,33,0.25,0.8022233712512928,0,6,7,2023,2,1.100505337979481
2023-07-03,33,0.7,0.8022233712512928,0,0,7,2023,3,1.6605766961447153
2023-07-04,33,1.05,0.8022233712512928,0,1,7,2023,4,2.096187752495453
2023-07-05,33,1.1,0.8022233712512928,0,2,7,2023,5,2.158417903402701
2023-07-06,33,1.0,0.8022233712512928,0,3,7,2023,6,2.033957601588205
2023-07-07,33,0.75,0.8022233712512928,0,4,7,2023,7,1.7228068470519635
2023-07-08,33,0.3,0.8022233712512928,0,5,7,2023,8,1.1627354888867294
2023-07-09,33,0.3,0.8022233712512928,0,6,7,2023,9,1.1627354888867294
2023-07-10,33,0.85,0.8022233712512928,0,0,7,2023,10,1.8472671488664603
2023-07-11,33,1.0,0.8022233712512928,0,1,7,2023,11,2.033957601588205
2023-07-12,33,1.15,0.8022233712512928,0,2,7,2023,12,2.2206480543099496
2023-07-13,33,0.85,0.8022233712512928,0,3,7,2023,13,1.8472671488664603
2023-07-14,33,0.55,0.8022233712512928,0,4,7,2023,14,1.4738862434229707
2023-07-15,33,0.1,0.8022233712512928,0,5,7,2023,15,0.913814885257736
2023-07-16,33,0.45,0.8022233712512928,0,6,7,2023,16,1.349425941608474
2023-07-17,33,0.65,0.8022233712512928,0,0,7,2023,17,1.598346545237467
2023-07-18,33,0.85,0.8022233712512928,0,1,7,2023,18,1.8472671488664603
2023-07-19,33,1.1,0.8022233712512928,0,2,7,2023,19,2.158417903402701
2023-07-20,33,0.7,0.8022233712512928,0,3,7,2023,20,1.6605766961447153
2023-07-21,33,0.35,0.8022233712512928,0,4,7,2023,21,1.2249656397939774
2023-07-22,33,0.05,0.8022233712512928,0,5,7,2023,22,0.8515847343504881
2023-07-23,33,0.0,0.8022233712512928,0,6,7,2023,23,0.7893545834432397
2023-07-24,33,0.65,0.8022233712512928,0,0,7,2023,24,1.598346545237467
2023-07-25,33,1.05,0.8022233712512928,0,1,7,2023,25,2.096187752495453
2023-07-26,33,0.85,0.8022233712512928,0,2,7,2023,26,1.8472671488664603
2023-07-27,33,0.6,0.8022233712512928,0,3,7,2023,27,1.5361163943302185
2023-07-28,33,0.1,0.8022233712512928,0,4,7,2023,28,0.913814885257736
2023-07-29,33,-0.2,0.8022233712512928,0,5,7,2023,29,0.5404339798142468
2023-07-30,33,0.3,0.8022233712512928,0,6,7,2023,30,1.1627354888867294
2023-07-31,33,0.2,0.8022233712512928,0,0,7,2023,31,1.0382751870722327
2023-08-01,33,1.7,0.3386763185108584,1,1,8,2023,1,2.133525843039802
2023-08-02,33,0.9,0.8022233712512928,0,2,8,2023,2,1.9094972997737085
2023-08-03,33,0.65,0.8022233712512928,0,3,8,2023,3,1.598346545237467
2023-08-04,33,0.35,0.8022233712512928,0,4,8,2023,4,1.2249656397939774
2023-08-05,33,0.1,0.8022233712512928,0,5,8,2023,5,0.913814885257736
2023-08-06,33,0.1,0.8022233712512928,0,6,8,2023,6,0.913814885257736
2023-08-07,33,0.25,0.8022233712512928,0,0,8,2023,7,1.100505337979481
2023-08-08,33,0.6,0.8022233712512928,0,1,8,2023,8,1.5361163943302185
2023-08-09,33,0.75,0.8022233712512928,0,2,8,2023,9,1.7228068470519635
2023-08-10,33,0.3,0.8022233712512928,0,3,8,2023,10,1.1627354888867294
2023-08-11,33,0.15,0.8022233712512928,0,4,8,2023,11,0.9760450361649844
2023-08-12,33,0.0,0.8022233712512928,0,5,8,2023,12,0.7893545834432397
2023-08-13,33,0.0,0.8022233712512928,0,6,8,2023,13,0.7893545834432397
2023-08-14,33,1.2,0.3386763185108584,1,0,8,2023,14,1.6356846357818158
2023-08-15,33,0.75,0.8022233712512928,0,1,8,2023,15,1.7228068470519635
2023-08-16,33,0.8,0.8022233712512928,0,2,8,2023,16,1.7850369979592118
2023-08-17,33,0.75,0.8022233712512928,0,3,8,2023,17,1.7228068470519635
2023-08-18,33,-0.05,0.8022233712512928,0,4,8,2023,18,0.7271244325359915
2023-08-19,33,-0.05,0.8022233712512928,0,5,8,2023,19,0.7271244325359915
2023-08-20,33,0.25,0.8022233712512928,0,6,8,2023,20,1.100505337979481
2023-08-21,33,0.05,0.8022233712512928,0,0,8,2023,21,0.8515847343504881
2023-08-22,33,0.4,0.8022233712512928,0,1,8,2023,22,1.2871957907012257
2023-08-23,33,0.55,0.8022233712512928,0,2,8,2023,23,1.4738862434229707
2023-08-24,33,0.75,0.8022233712512928,0,3,8,2023,24,1.7228068470519635
2023-08-25,33,0.0,0.8022233712512928,0,4,8,2023,25,0.7893545834432397
2023-08-26,33,0.1,0.8022233712512928,0,5,8,2023,26,0.913814885257736
2023-08-27,33,0.0,0.8022233712512928,0,6,8,2023,27,0.7893545834432397
2023-08-28,33,0.1,0.8022233712512928,0,0,8,2023,28,0.913814885257736
2023-08-29,33,0.95,0.8022233712512928,0,1,8,2023,29,1.9717274506809566
2023-08-30,33,0.6,0.8022233712512928,0,2,8,2023,30,1.5361163943302185
2023-08-31,33,0.45,0.8022233712512928,0,3,8,2023,31,1.349425941608474
2023-09-01,33,0.2,0.8022233712512928,0,4,9,2023,1,1.0382751870722327
2023-09-02,33,0.0,0.8022233712512928,0,5,9,2023,2,0.7893545834432397
2023-09-03,33,0.3,0.8022233712512928,0,6,9,2023,3,1.1627354888867294
2023-09-04,33,1.35,0.3386763185108584,1,0,9,2023,4,1.7850369979592116
2023-09-05,33,0.35,0.8022233712512928,0,1,9,2023,5,1.2249656397939774
2023-09-06,33,0.85,0.8022233712512928,0,2,9,2023,6,1.8472671488664603
2023-09-07,33,1.15,0.3386763185108584,1,3,9,2023,7,1.585900515056017
2023-09-08,33,0.15,0.8022233712512928,0,4,9,2023,8,0.9760450361649844
2023-09-09,33,-0.3,0.8022233712512928,0,5,9,2023,9,0.41597367799975016
2023-09-10,33,0.1,0.8022233712512928,0,6,9,2023,10,0.913814885257736
2023-09-11,33,0.15,0.8022233712512928,0,0,9,2023,11,0.9760450361649844
2023-09-12,33,0.3,0.8022233712512928,0,1,9,2023,12,1.1627354888867294
2023-09-13,33,0.7,0.8022233712512928,0,2,9,2023,13,1.6605766961447153
2023-09-14,33,0.55,0.8022233712512928,0,3,9,2023,14,1.4738862434229707
2023-09-15,33,0.3,0.8022233712512928,0,4,9,2023,15,1.1627354888867294
2023-09-16,33,-0.35,0.8022233712512928,0,5,9,2023,16,0.35374352709250184
2023-09-17,33,0.85,0.3386763185108584,1,6,9,2023,17,1.2871957907012257
2023-09-18,33,0.15,0.8022233712512928,0,0,9,2023,18,0.9760450361649844
2023-09-19,33,0.75,0.8022233712512928,0,1,9,2023,19,1.7228068470519635
2023-09-20,33,0.6,0.8022233712512928,0,2,9,2023,20,1.5361163943302185
2023-09-21,33,0.35,0.8022233712512928,0,3,9,2023,21,1.2249656397939774
2023-09-22,33,0.05,0.8022233712512928,0,4,9,2023,22,0.8515847343504881
2023-09-23,33,-0.15,0.8022233712512928,0,5,9,2023,23,0.6026641307214948
2023-09-24,33,-0.15,0.8022233712512928,0,6,9,2023,24,0.6026641307214948
2023-09-25,33,0.0,0.8022233712512928,0,0,9,2023,25,0.7893545834432397
2023-09-26,33,0.35,0.8022233712512928,0,1,9,2023,26,1.2249656397939774
2023-09-27,33,0.65,0.8022233712512928,0,2,9,2023,27,1.598346545237467
2023-09-28,33,0.1,0.8022233712512928,0,3,9,2023,28,0.913814885257736
2023-09-29,33,0.25,0.8022233712512928,0,4,9,2023,29,1.100505337979481
2023-09-30,33,0.5,0.3386763185108584,1,5,9,2023,30,0.9387069456206355
2023-10-01,33,0.7,0.3386763185108584,1,6,10,2023,1,1.1378434285238297
2023-10-02,33,1.1,0.3386763185108584,1,0,10,2023,2,1.5361163943302185
2023-10-03,33,0.55,0.8022233712512928,0,1,10,2023,3,1.4738862434229707
2023-10-04,33,0.5,0.8022233712512928,0,2,10,2023,4,1.4116560925157222
2023-10-05,33,0.3,0.8022233712512928,0,3,10,2023,5,1.1627354888867294
2023-10-06,33,0.15,0.8022233712512928,0,4,10,2023,6,0.9760450361649844
2023-10-07,33,-0.3,0.8022233712512928,0,5,10,2023,7,0.41597367799975016
2023-10-08,33,-0.25,0.8022233712512928,0,6,10,2023,8,0.4782038289069985
2023-10-09,33,0.1,0.8022233712512928,0,0,10,2023,9,0.913814885257736
2023-10-10,33,0.5,0.8022233712512928,0,1,10,2023,10,1.4116560925157222
2023-10-11,33,0.8,0.8022233712512928,0,2,10,2023,11,1.7850369979592118
2023-10-12,33,0.35,0.8022233712512928,0,3,10,2023,12,1.2249656397939774
2023-10-13,33,0.35,0.8022233712512928,0,4,10,2023,13,1.2249656397939774
2023-10-14,33,-0.05,0.8022233712512928,0,5,10,2023,14,0.7271244325359915
2023-10-15,33,0.55,0.3386763185108584,1,6,10,2023,15,0.9884910663464339
2023-10-16,33,0.35,0.8022233712512928,0,0,10,2023,16,1.2249656397939774
2023-10-17,33,0.4,0.8022233712512928,0,1,10,2023,17,1.2871957907012257
2023-10-18,33,0.55,0.8022233712512928,0,2,10,2023,18,1.4738862434229707
2023-10-19,33,0.15,0.8022233712512928,0,3,10,2023,19,0.9760450361649844
2023-10-20,33,-0.15,0.8022233712512928,0,4,10,2023,20,0.6026641307214948
2023-10-21,33,0.65,0.3386763185108584,1,5,10,2023,21,1.0880593077980312
2023-10-22,33,0.15,0.8022233712512928,0,6,10,2023,22,0.9760450361649844
2023-10-23,33,1.35,0.3386763185108584,1,0,10,2023,23,1.7850369979592116
2023-10-24,33,0.35,0.8022233712512928,0,1,10,2023,24,1.2249656397939774
2023-10-25,33,0.8,0.8022233712512928,0,2,10,2023,25,1.7850369979592118
2023-10-26,33,0.6,0.8022233712512928,0,3,10,2023,26,1.5361163943302185
2023-10-27,33,0.05,0.8022233712512928,0,4,10,2023,27,0.8515847343504881
