data-science/data/preprocessed_model_dataset.csv
date,item_id,sales,price,promo,weekday,month,year,day,revenue
2023-10-28,33,0.15,0.8022233712512928,0,5,10,2023,28,0.9760450361649844
2023-10-29,33,0.15,0.8022233712512928,0,6,10,2023,29,0.9760450361649844
2023-10-30,33,0.45,0.8022233712512928,0,0,10,2023,30,1.349425941608474
2023-10-31,33,0.85,0.8022233712512928,0,1,10,2023,31,1.8472671488664603
2023-11-01,33,1.75,0.3386763185108584,1,2,11,2023,1,2.1833099637656
2023-11-02,33,0.1,0.8022233712512928,0,3,11,2023,2,0.913814885257736
2023-11-03,33,0.2,0.8022233712512928,0,4,11,2023,3,1.0382751870722327
2023-11-04,33,-0.25,0.8022233712512928,0,5,11,2023,4,0.4782038289069985
2023-11-05,33,0.05,0.8022233712512928,0,6,11,2023,5,0.8515847343504881
2023-11-06,33,0.3,0.8022233712512928,0,0,11,2023,6,1.1627354888867294
2023-11-07,33,0.5,0.8022233712512928,0,1,11,2023,7,1.4116560925157222
2023-11-08,33,0.5,0.8022233712512928,0,2,11,2023,8,1.4116560925157222
2023-11-09,33,0.4,0.8022233712512928,0,3,11,2023,9,1.2871957907012257
2023-11-10,33,0.15,0.8022233712512928,0,4,11,2023,10,0.9760450361649844
2023-11-11,33,0.0,0.8022233712512928,0,5,11,2023,11,0.7893545834432397
2023-11-12,33,0.1,0.8022233712512928,0,6,11,2023,12,0.913814885257736
2023-11-13,33,0.45,0.8022233712512928,0,0,11,2023,13,1.349425941608474
2023-11-14,33,0.6,0.8022233712512928,0,1,11,2023,14,1.5361163943302185
2023-11-15,33,0.9,0.8022233712512928,0,2,11,2023,15,1.9094972997737085
2023-11-16,33,0.55,0.8022233712512928,0,3,11,2023,16,1.4738862434229707
2023-11-17,33,0.4,0.8022233712512928,0,4,11,2023,17,1.2871957907012257
2023-11-18,33,0.0,0.8022233712512928,0,5,11,2023,18,0.7893545834432397
2023-11-19,33,0.55,0.8022233712512928,0,6,11,2023,19,1.4738862434229707
2023-11-20,33,0.5,0.8022233712512928,0,0,11,2023,20,1.4116560925157222
2023-11-21,33,0.95,0.8022233712512928,0,1,11,2023,21,1.9717274506809566
2023-11-22,33,0.7,0.8022233712512928,0,2,11,2023,22,1.6605766961447153
2023-11-23,33,0.55,0.8022233712512928,0,3,11,2023,23,1.4738862434229707
2023-11-24,33,0.25,0.8022233712512928,0,4,11,2023,24,1.100505337979481
2023-11-25,33,0.5,0.8022233712512928,0,5,11,2023,25,1.4116560925157222
2023-11-26,33,0.15,0.8022233712512928,0,6,11,2023,26,0.9760450361649844
2023-11-27,33,0.35,0.8022233712512928,0,0,11,2023,27,1.2249656397939774
2023-11-28,33,1.0,0.8022233712512928,0,1,11,2023,28,2.033957601588205
2023-11-29,33,0.9,0.8022233712512928,0,2,11,2023,29,1.9094972997737085
2023-11-30,33,0.65,0.8022233712512928,0,3,11,2023,30,1.598346545237467
2023-12-01,33,0.25,0.8022233712512928,0,4,12,2023,1,1.100505337979481
2023-12-02,33,0.25,0.8022233712512928,0,5,12,2023,2,1.100505337979481
2023-12-03,33,0.4,0.8022233712512928,0,6,12,2023,3,1.2871957907012257
2023-12-04,33,0.7,0.8022233712512928,0,0,12,2023,4,1.6605766961447153
2023-12-05,33,0.8,0.8022233712512928,0,1,12,2023,5,1.7850369979592118
2023-12-06,33,0.8,0.8022233712512928,0,2,12,2023,6,1.7850369979592118
2023-12-07,33,0.15,0.8022233712512928,0,3,12,2023,7,0.9760450361649844
2023-12-08,33,0.3,0.8022233712512928,0,4,12,2023,8,1.1627354888867294
2023-12-09,33,0.15,0.8022233712512928,0,5,12,2023,9,0.9760450361649844
2023-12-10,33,0.3,0.8022233712512928,0,6,12,2023,10,1.1627354888867294
2023-12-11,33,0.6,0.8022233712512928,0,0,12,2023,11,1.5361163943302185
2023-12-12,33,1.4,0.8022233712512928,0,1,12,2023,12,2.531798808846191
2023-12-13,33,1.15,0.8022233712512928,0,2,12,2023,13,2.2206480543099496
2023-12-14,33,0.65,0.8022233712512928,0,3,12,2023,14,1.598346545237467
2023-12-15,33,0.6,0.8022233712512928,0,4,12,2023,15,1.5361163943302185
2023-12-16,33,0.35,0.8022233712512928,0,5,12,2023,16,1.2249656397939774
2023-12-17,33,0.2,0.8022233712512928,0,6,12,2023,17,1.0382751870722327
2023-12-18,33,0.75,0.8022233712512928,0,0,12,2023,18,1.7228068470519635
2023-12-19,33,1.15,0.8022233712512928,0,1,12,2023,19,2.2206480543099496
2023-12-20,33,1.3,0.8022233712512928,0,2,12,2023,20,2.4073385070316946
2023-12-21,33,0.7,0.8022233712512928,0,3,12,2023,21,1.6605766961447153
2023-12-22,33,0.7,0.8022233712512928,0,4,12,2023,22,1.6605766961447153
2023-12-23,33,0.55,0.8022233712512928,0,5,12,2023,23,1.4738862434229707
2023-12-24,33,0.75,0.8022233712512928,0,6,12,2023,24,1.7228068470519635
2023-12-25,33,0.6,0.8022233712512928,0,0,12,2023,25,1.5361163943302185
2023-12-26,33,1.15,0.8022233712512928,0,1,12,2023,26,2.2206480543099496
2023-12-27,33,1.25,0.8022233712512928,0,2,12,2023,27,2.3451083561244466
2023-12-28,33,1.15,0.8022233712512928,0,3,12,2023,28,2.2206480543099496
2023-12-29,33,1.65,0.3386763185108584,1,4,12,2023,29,2.083741722314003
2023-12-30,33,0.3,0.8022233712512928,0,5,12,2023,30,1.1627354888867294
2023-12-31,33,0.55,0.8022233712512928,0,6,12,2023,31,1.4738862434229707
